Archive member included because of file (symbol)

contiki-z1.a(servreg-hack.o)  unicast-sender.co (servreg_hack_init)
contiki-z1.a(contiki-z1-plat)
                              obj_z1/contiki-z1-main.o (init_platform)
contiki-z1.a(msp430.o)        obj_z1/contiki-z1-main.o (splhigh_)
contiki-z1.a(leds.o)          obj_z1/contiki-z1-main.o (leds_init)
contiki-z1.a(watchdog.o)      obj_z1/contiki-z1-main.o (watchdog_start)
contiki-z1.a(xmem.o)          obj_z1/contiki-z1-main.o (xmem_init)
contiki-z1.a(spi.o)           contiki-z1.a(xmem.o) (spi_init)
contiki-z1.a(cc2420.o)        obj_z1/contiki-z1-main.o (cc2420_set_pan_addr)
contiki-z1.a(cc2420-arch.o)   contiki-z1.a(cc2420.o) (cc2420_arch_init)
contiki-z1.a(node-id.o)       obj_z1/contiki-z1-main.o (node_id_restore)
contiki-z1.a(sensors.o)       contiki-z1.a(contiki-z1-plat) (sensors_process)
contiki-z1.a(button-sensor.o)
                              obj_z1/contiki-z1-main.o (button_sensor)
contiki-z1.a(uart0.o)         obj_z1/contiki-z1-main.o (uart0_active)
contiki-z1.a(uart0-putchar.o)
                              unicast-sender.co (putchar)
contiki-z1.a(adxl345.o)       obj_z1/contiki-z1-main.o (accm_init)
contiki-z1.a(clock.o)         obj_z1/contiki-z1-main.o (clock_init)
contiki-z1.a(leds-arch.o)     contiki-z1.a(leds.o) (leds_arch_init)
contiki-z1.a(rtimer-arch.o)   obj_z1/contiki-z1-main.o (rtimer_arch_now)
contiki-z1.a(autostart.o)     obj_z1/contiki-z1-main.o (autostart_start)
contiki-z1.a(ctimer.o)        obj_z1/contiki-z1-main.o (ctimer_init)
contiki-z1.a(energest.o)      obj_z1/contiki-z1-main.o (energest_init)
contiki-z1.a(etimer.o)        contiki-z1.a(clock.o) (etimer_request_poll)
contiki-z1.a(process.o)       contiki-z1.a(servreg-hack.o) (process_current)
contiki-z1.a(rtimer.o)        obj_z1/contiki-z1-main.o (rtimer_init)
contiki-z1.a(timer.o)         contiki-z1.a(servreg-hack.o) (timer_set)
contiki-z1.a(list.o)          contiki-z1.a(servreg-hack.o) (list_init)
contiki-z1.a(memb.o)          contiki-z1.a(servreg-hack.o) (memb_init)
contiki-z1.a(random.o)        obj_z1/contiki-z1-main.o (random_init)
contiki-z1.a(uip-ds6.o)       unicast-sender.co (uip_ds6_if)
contiki-z1.a(uip-ds6-route.o)
                              contiki-z1.a(uip-ds6.o) (uip_ds6_route_init)
contiki-z1.a(uip6.o)          contiki-z1.a(servreg-hack.o) (uip_appdata)
contiki-z1.a(uip-ds6-nbr.o)   contiki-z1.a(uip-ds6.o) (uip_ds6_neighbors_init)
contiki-z1.a(uip-nd6.o)       contiki-z1.a(uip6.o) (uip_nd6_init)
contiki-z1.a(sicslowpan.o)    obj_z1/contiki-z1-main.o (sicslowpan_driver)
contiki-z1.a(uip-debug.o)     unicast-sender.co (uip_debug_ipaddr_print)
contiki-z1.a(uip-udp-packet.)
                              contiki-z1.a(servreg-hack.o) (uip_udp_packet_send)
contiki-z1.a(tcpip.o)         contiki-z1.a(sicslowpan.o) (tcpip_set_outputfunc)
contiki-z1.a(simple-udp.o)    unicast-sender.co (simple_udp_sendto)
contiki-z1.a(rpl-dag.o)       contiki-z1.a(tcpip.o) (rpl_repair_root)
contiki-z1.a(rpl-timers.o)    contiki-z1.a(rpl-dag.o) (rpl_reset_dio_timer)
contiki-z1.a(rpl-ext-header.)
                              contiki-z1.a(uip6.o) (rpl_verify_header)
contiki-z1.a(rpl.o)           contiki-z1.a(rpl-timers.o) (rpl_get_mode)
contiki-z1.a(rpl-mrhof.o)     contiki-z1.a(rpl-dag.o) (rpl_mrhof)
contiki-z1.a(queuebuf.o)      obj_z1/contiki-z1-main.o (queuebuf_init)
contiki-z1.a(nbr-table.o)     contiki-z1.a(uip-ds6-route.o) (nbr_table_register)
contiki-z1.a(packetbuf.o)     contiki-z1.a(queuebuf.o) (packetbuf_copyto)
contiki-z1.a(linkaddr.o)      obj_z1/contiki-z1-main.o (linkaddr_copy)
contiki-z1.a(framer-802154.o)
                              contiki-z1.a(sicslowpan.o) (framer_802154)
contiki-z1.a(frame802154.o)   contiki-z1.a(framer-802154.o) (frame802154_get_pan_id)
contiki-z1.a(csma.o)          obj_z1/contiki-z1-main.o (csma_driver)
contiki-z1.a(contikimac.o)    obj_z1/contiki-z1-main.o (contikimac_driver)
contiki-z1.a(nullsec.o)       contiki-z1.a(sicslowpan.o) (nullsec_driver)
contiki-z1.a(i2cmaster.o)     contiki-z1.a(adxl345.o) (i2c_receiveinit)
contiki-z1.a(stimer.o)        contiki-z1.a(uip-ds6.o) (stimer_set)
contiki-z1.a(uip-icmp6.o)     contiki-z1.a(uip6.o) (uip_icmp6_input)
contiki-z1.a(rpl-icmp6.o)     contiki-z1.a(rpl-timers.o) (dis_output)
contiki-z1.a(mac-sequence.o)  contiki-z1.a(contikimac.o) (mac_sequence_is_duplicate)
contiki-z1.a(mac.o)           contiki-z1.a(csma.o) (mac_call_sent_callback)
/opt/mspgcc-4.7.3/bin/../lib/gcc/msp430/4.7.3/mcpu-430x/mmpy-16/msr20/mc20/libgcc.a(_mulsi3.o)
                              contiki-z1.a(rpl-timers.o) (__mulsi3)
/opt/mspgcc-4.7.3/bin/../lib/gcc/msp430/4.7.3/mcpu-430x/mmpy-16/msr20/mc20/libgcc.a(_udivmod16.o)
                              contiki-z1.a(rpl-dag.o) (__udivhi3)
/opt/mspgcc-4.7.3/bin/../lib/gcc/msp430/4.7.3/mcpu-430x/mmpy-16/msr20/mc20/libgcc.a(_divmod16.o)
                              contiki-z1.a(sicslowpan.o) (__divhi3)
[...]
Memory Configuration

Name             Origin             Length             Attributes
sfr              0x0000000000000000 0x0000000000000010
peripheral_8bit  0x0000000000000010 0x00000000000000f0
peripheral_16bit 0x0000000000000100 0x0000000000000100
ram_mirror       0x0000000000000200 0x0000000000000800 xw
infomem          0x0000000000001000 0x0000000000000100
infod            0x0000000000001000 0x0000000000000040
infoc            0x0000000000001040 0x0000000000000040
infob            0x0000000000001080 0x0000000000000040
infoa            0x00000000000010c0 0x0000000000000040
ram              0x0000000000001100 0x0000000000002000 xw
rom              0x0000000000003100 0x000000000000cebe xr
vectors          0x000000000000ffc0 0x0000000000000040
far_rom          0x0000000000010000 0x000000000000a000
bsl              0x0000000000000000 0x0000000000000000
ram2             0x0000000000000000 0x0000000000000000 xw
usbram           0x0000000000000000 0x0000000000000000 xw
*default*        0x0000000000000000 0xffffffffffffffff

Linker script and memory map

LOAD /opt/mspgcc-4.7.3/bin/../lib/gcc/msp430/4.7.3/mcpu-430x/mmpy-16/msr20/mc20/crt0ivtbl32.o
                0x0000000000000041                __P1SEL2 = 0x41
                0x0000000000000045                __P5SEL2 = 0x45
LOAD unicast-sender.co
LOAD obj_z1/contiki-z1-main.o
LOAD contiki-z1.a
LOAD /opt/mspgcc-4.7.3/bin/../lib/gcc/msp430/4.7.3/../../../../msp430/lib/mcpu-430x/mmpy-16/msr20/mc20/libm.a
LOAD /opt/mspgcc-4.7.3/bin/../lib/gcc/msp430/4.7.3/mcpu-430x/mmpy-16/msr20/mc20/libgcc.a
LOAD /opt/mspgcc-4.7.3/bin/../lib/gcc/msp430/4.7.3/../../../../msp430/lib/mcpu-430x/mmpy-16/msr20/mc20/libc.a
LOAD /opt/mspgcc-4.7.3/bin/../lib/gcc/msp430/4.7.3/mcpu-430x/mmpy-16/msr20/mc20/libgcc.a
LOAD /opt/mspgcc-4.7.3/bin/../lib/gcc/msp430/4.7.3/mcpu-430x/mmpy-16/msr20/mc20/libcrt0.a
                0x0000000000000040                PROVIDE (__info_segment_size, 0x40)
                0x0000000000001000                PROVIDE (__infod, 0x1000)
                0x0000000000001040                PROVIDE (__infoc, 0x1040)
                0x0000000000001080                PROVIDE (__infob, 0x1080)
                0x00000000000010c0                PROVIDE (__infoa, 0x10c0)
                0x0000000000000000                __IE1 = 0x0
                0x0000000000000002                __IFG1 = 0x2
                0x0000000000000001                __IE2 = 0x1
                0x0000000000000003                __IFG2 = 0x3
                0x0000000000000006                __UC1IE = 0x6
                0x0000000000000007                __UC1IFG = 0x7
                0x00000000000001a0                __ADC12CTL0 = 0x1a0
                0x00000000000001a2                __ADC12CTL1 = 0x1a2
                0x00000000000001a4                __ADC12IFG = 0x1a4
                0x00000000000001a6                __ADC12IE = 0x1a6
                0x00000000000001a8                __ADC12IV = 0x1a8
                0x0000000000000140                __ADC12MEM0 = 0x140
                0x0000000000000142                __ADC12MEM1 = 0x142
                0x0000000000000144                __ADC12MEM2 = 0x144
                0x0000000000000146                __ADC12MEM3 = 0x146
                0x0000000000000148                __ADC12MEM4 = 0x148
                0x000000000000014a                __ADC12MEM5 = 0x14a
                0x000000000000014c                __ADC12MEM6 = 0x14c
                0x000000000000014e                __ADC12MEM7 = 0x14e
                0x0000000000000150                __ADC12MEM8 = 0x150
                0x0000000000000152                __ADC12MEM9 = 0x152
                0x0000000000000154                __ADC12MEM10 = 0x154
                0x0000000000000156                __ADC12MEM11 = 0x156
                0x0000000000000158                __ADC12MEM12 = 0x158
                0x000000000000015a                __ADC12MEM13 = 0x15a
                0x000000000000015c                __ADC12MEM14 = 0x15c
                0x000000000000015e                __ADC12MEM15 = 0x15e
                0x0000000000000080                __ADC12MCTL0 = 0x80
                0x0000000000000081                __ADC12MCTL1 = 0x81
                0x0000000000000082                __ADC12MCTL2 = 0x82
                0x0000000000000083                __ADC12MCTL3 = 0x83
                0x0000000000000084                __ADC12MCTL4 = 0x84
                0x0000000000000085                __ADC12MCTL5 = 0x85
                0x0000000000000086                __ADC12MCTL6 = 0x86
                0x0000000000000087                __ADC12MCTL7 = 0x87
                0x0000000000000088                __ADC12MCTL8 = 0x88
                0x0000000000000089                __ADC12MCTL9 = 0x89
                0x000000000000008a                __ADC12MCTL10 = 0x8a
                0x000000000000008b                __ADC12MCTL11 = 0x8b
                0x000000000000008c                __ADC12MCTL12 = 0x8c
                0x000000000000008d                __ADC12MCTL13 = 0x8d
                0x000000000000008e                __ADC12MCTL14 = 0x8e
                0x000000000000008f                __ADC12MCTL15 = 0x8f
                0x0000000000000056                __DCOCTL = 0x56
                0x0000000000000057                __BCSCTL1 = 0x57
                0x0000000000000058                __BCSCTL2 = 0x58
                0x0000000000000053                __BCSCTL3 = 0x53
                0x0000000000000059                __CACTL1 = 0x59
                0x000000000000005a                __CACTL2 = 0x5a
                0x000000000000005b                __CAPD = 0x5b
                0x00000000000001c0                __DAC12_0CTL = 0x1c0
                0x00000000000001c2                __DAC12_1CTL = 0x1c2
                0x00000000000001c8                __DAC12_0DAT = 0x1c8
                0x00000000000001ca                __DAC12_1DAT = 0x1ca
                0x0000000000000122                __DMACTL0 = 0x122
                0x0000000000000124                __DMACTL1 = 0x124
                0x0000000000000126                __DMAIV = 0x126
                0x00000000000001d0                __DMA0CTL = 0x1d0
                0x00000000000001dc                __DMA1CTL = 0x1dc
                0x00000000000001e8                __DMA2CTL = 0x1e8
                0x00000000000001d2                __DMA0SA = 0x1d2
                0x00000000000001d2                __DMA0SAL = 0x1d2
                0x00000000000001d6                __DMA0DA = 0x1d6
                0x00000000000001d6                __DMA0DAL = 0x1d6
                0x00000000000001da                __DMA0SZ = 0x1da
                0x00000000000001de                __DMA1SA = 0x1de
                0x00000000000001de                __DMA1SAL = 0x1de
                0x00000000000001e2                __DMA1DA = 0x1e2
                0x00000000000001e2                __DMA1DAL = 0x1e2
                0x00000000000001e6                __DMA1SZ = 0x1e6
                0x00000000000001ea                __DMA2SA = 0x1ea
                0x00000000000001ea                __DMA2SAL = 0x1ea
                0x00000000000001ee                __DMA2DA = 0x1ee
                0x00000000000001ee                __DMA2DAL = 0x1ee
                0x00000000000001f2                __DMA2SZ = 0x1f2
                0x0000000000000128                __FCTL1 = 0x128
                0x000000000000012a                __FCTL2 = 0x12a
                0x000000000000012c                __FCTL3 = 0x12c
                0x00000000000001be                __FCTL4 = 0x1be
                0x0000000000000130                __MPY = 0x130
                0x0000000000000132                __MPYS = 0x132
                0x0000000000000134                __MAC = 0x134
                0x0000000000000136                __MACS = 0x136
                0x0000000000000138                __OP2 = 0x138
                0x000000000000013a                __RESLO = 0x13a
                0x000000000000013c                __RESHI = 0x13c
                0x000000000000013e                __SUMEXT = 0x13e
                0x0000000000000020                __P1IN = 0x20
                0x0000000000000021                __P1OUT = 0x21
                0x0000000000000022                __P1DIR = 0x22
                0x0000000000000023                __P1IFG = 0x23
                0x0000000000000024                __P1IES = 0x24
                0x0000000000000025                __P1IE = 0x25
                0x0000000000000026                __P1SEL = 0x26
                0x0000000000000027                __P1REN = 0x27
                0x0000000000000028                __P2IN = 0x28
                0x0000000000000029                __P2OUT = 0x29
                0x000000000000002a                __P2DIR = 0x2a
                0x000000000000002b                __P2IFG = 0x2b
                0x000000000000002c                __P2IES = 0x2c
                0x000000000000002d                __P2IE = 0x2d
                0x000000000000002e                __P2SEL = 0x2e
                0x000000000000002f                __P2REN = 0x2f
                0x0000000000000018                __P3IN = 0x18
                0x0000000000000019                __P3OUT = 0x19
                0x000000000000001a                __P3DIR = 0x1a
                0x000000000000001b                __P3SEL = 0x1b
                0x0000000000000010                __P3REN = 0x10
                0x000000000000001c                __P4IN = 0x1c
                0x000000000000001d                __P4OUT = 0x1d
                0x000000000000001e                __P4DIR = 0x1e
                0x000000000000001f                __P4SEL = 0x1f
                0x0000000000000011                __P4REN = 0x11
                0x0000000000000030                __P5IN = 0x30
                0x0000000000000031                __P5OUT = 0x31
                0x0000000000000032                __P5DIR = 0x32
                0x0000000000000033                __P5SEL = 0x33
                0x0000000000000012                __P5REN = 0x12
                0x0000000000000034                __P6IN = 0x34
                0x0000000000000035                __P6OUT = 0x35
                0x0000000000000036                __P6DIR = 0x36
                0x0000000000000037                __P6SEL = 0x37
                0x0000000000000013                __P6REN = 0x13
                0x0000000000000038                __P7IN = 0x38
                0x000000000000003a                __P7OUT = 0x3a
                0x000000000000003c                __P7DIR = 0x3c
                0x000000000000003e                __P7SEL = 0x3e
                0x0000000000000014                __P7REN = 0x14
                0x0000000000000039                __P8IN = 0x39
                0x000000000000003b                __P8OUT = 0x3b
                0x000000000000003d                __P8DIR = 0x3d
                0x000000000000003f                __P8SEL = 0x3f
                0x0000000000000015                __P8REN = 0x15
                0x0000000000000038                __PAIN = 0x38
                0x000000000000003a                __PAOUT = 0x3a
                0x000000000000003c                __PADIR = 0x3c
                0x000000000000003e                __PASEL = 0x3e
                0x0000000000000014                __PAREN = 0x14
                0x0000000000000055                __SVSCTL = 0x55
                0x000000000000012e                __TAIV = 0x12e
                0x0000000000000160                __TACTL = 0x160
                0x0000000000000162                __TACCTL0 = 0x162
                0x0000000000000164                __TACCTL1 = 0x164
                0x0000000000000166                __TACCTL2 = 0x166
                0x0000000000000170                __TAR = 0x170
                0x0000000000000172                __TACCR0 = 0x172
                0x0000000000000174                __TACCR1 = 0x174
                0x0000000000000176                __TACCR2 = 0x176
                0x000000000000011e                __TBIV = 0x11e
                0x0000000000000180                __TBCTL = 0x180
                0x0000000000000182                __TBCCTL0 = 0x182
                0x0000000000000184                __TBCCTL1 = 0x184
                0x0000000000000186                __TBCCTL2 = 0x186
                0x0000000000000188                __TBCCTL3 = 0x188
                0x000000000000018a                __TBCCTL4 = 0x18a
                0x000000000000018c                __TBCCTL5 = 0x18c
                0x000000000000018e                __TBCCTL6 = 0x18e
                0x0000000000000190                __TBR = 0x190
                0x0000000000000192                __TBCCR0 = 0x192
                0x0000000000000194                __TBCCR1 = 0x194
                0x0000000000000196                __TBCCR2 = 0x196
                0x0000000000000198                __TBCCR3 = 0x198
                0x000000000000019a                __TBCCR4 = 0x19a
                0x000000000000019c                __TBCCR5 = 0x19c
                0x000000000000019e                __TBCCR6 = 0x19e
                0x0000000000000060                __UCA0CTL0 = 0x60
                0x0000000000000061                __UCA0CTL1 = 0x61
                0x0000000000000062                __UCA0BR0 = 0x62
                0x0000000000000063                __UCA0BR1 = 0x63
                0x0000000000000064                __UCA0MCTL = 0x64
                0x0000000000000065                __UCA0STAT = 0x65
                0x0000000000000066                __UCA0RXBUF = 0x66
                0x0000000000000067                __UCA0TXBUF = 0x67
                0x000000000000005d                __UCA0ABCTL = 0x5d
                0x000000000000005e                __UCA0IRTCTL = 0x5e
                0x000000000000005f                __UCA0IRRCTL = 0x5f
                0x0000000000000068                __UCB0CTL0 = 0x68
                0x0000000000000069                __UCB0CTL1 = 0x69
                0x000000000000006a                __UCB0BR0 = 0x6a
                0x000000000000006b                __UCB0BR1 = 0x6b
                0x000000000000006c                __UCB0I2CIE = 0x6c
                0x000000000000006d                __UCB0STAT = 0x6d
                0x000000000000006e                __UCB0RXBUF = 0x6e
                0x000000000000006f                __UCB0TXBUF = 0x6f
                0x0000000000000118                __UCB0I2COA = 0x118
                0x000000000000011a                __UCB0I2CSA = 0x11a
                0x00000000000000d0                __UCA1CTL0 = 0xd0
                0x00000000000000d1                __UCA1CTL1 = 0xd1
                0x00000000000000d2                __UCA1BR0 = 0xd2
                0x00000000000000d3                __UCA1BR1 = 0xd3
                0x00000000000000d4                __UCA1MCTL = 0xd4
                0x00000000000000d5                __UCA1STAT = 0xd5
                0x00000000000000d6                __UCA1RXBUF = 0xd6
                0x00000000000000d7                __UCA1TXBUF = 0xd7
                0x00000000000000cd                __UCA1ABCTL = 0xcd
                0x00000000000000ce                __UCA1IRTCTL = 0xce
                0x00000000000000cf                __UCA1IRRCTL = 0xcf
                0x00000000000000d8                __UCB1CTL0 = 0xd8
                0x00000000000000d9                __UCB1CTL1 = 0xd9
                0x00000000000000da                __UCB1BR0 = 0xda
                0x00000000000000db                __UCB1BR1 = 0xdb
                0x00000000000000dc                __UCB1I2CIE = 0xdc
                0x00000000000000dd                __UCB1STAT = 0xdd
                0x00000000000000de                __UCB1RXBUF = 0xde
                0x00000000000000df                __UCB1TXBUF = 0xdf
                0x000000000000017c                __UCB1I2COA = 0x17c
                0x000000000000017e                __UCB1I2CSA = 0x17e
                0x0000000000000120                __WDTCTL = 0x120
                0x00000000000010c0                __TLV_CHECKSUM = 0x10c0
                0x00000000000010f6                __TLV_DCO_30_TAG = 0x10f6
                0x00000000000010f7                __TLV_DCO_30_LEN = 0x10f7
                0x00000000000010da                __TLV_ADC12_1_TAG = 0x10da
                0x00000000000010db                __TLV_ADC12_1_LEN = 0x10db
                0x00000000000010f8                __CALDCO_16MHZ = 0x10f8
                0x00000000000010f9                __CALBC1_16MHZ = 0x10f9
                0x00000000000010fa                __CALDCO_12MHZ = 0x10fa
                0x00000000000010fb                __CALBC1_12MHZ = 0x10fb
                0x00000000000010fc                __CALDCO_8MHZ = 0x10fc
                0x00000000000010fd                __CALBC1_8MHZ = 0x10fd
                0x00000000000010fe                __CALDCO_1MHZ = 0x10fe
                0x00000000000010ff                __CALBC1_1MHZ = 0x10ff

.hash
 *(.hash)

.dynsym
 *(.dynsym)

.dynstr
 *(.dynstr)

.gnu.version
 *(.gnu.version)

.gnu.version_d
 *(.gnu.version_d)

.gnu.version_r
 *(.gnu.version_r)

.rel.init
 *(.rel.init)

.rela.init
 *(.rela.init)

.rel.fini
 *(.rel.fini)

.rela.fini
 *(.rela.fini)

.rel.text
 *(.rel.text .rel.text.* .rel.gnu.linkonce.t.*)

.rela.text
 *(.rela.text .rela.text.* .rela.gnu.linkonce.t.*)

.rel.rodata
 *(.rel.rodata .rel.rodata.* .rel.gnu.linkonce.r.*)

.rela.rodata
 *(.rela.rodata .rela.rodata.* .rela.gnu.linkonce.r.*)

.rel.data
 *(.rel.data .rel.data.* .rel.gnu.linkonce.d.*)

.rela.data
 *(.rela.data .rela.data.* .rela.gnu.linkonce.d.*)

.rel.bss
 *(.rel.bss .rel.bss.* .rel.gnu.linkonce.b.*)

.rela.bss
 *(.rela.bss .rela.bss.* .rela.gnu.linkonce.b.*)

.rel.ctors
 *(.rel.ctors)

.rela.ctors
 *(.rela.ctors)

.rel.dtors
 *(.rel.dtors)

.rela.dtors
 *(.rela.dtors)

.rel.got
 *(.rel.got)

.rela.got
 *(.rela.got)

.rel.plt
 *(.rel.plt)

.rela.plt
 *(.rela.plt)

.text           0x0000000000003100     0xa654
                0x0000000000003100                . = ALIGN (0x2)
 *(.init .init.*)
 *(.init0)
 .init0         0x0000000000003100        0x0 /opt/mspgcc-4.7.3/bin/../lib/gcc/msp430/4.7.3/mcpu-430x/mmpy-16/msr20/mc20/libcrt0.a(_reset_vector__.o)
                0x0000000000003100                _reset_vector__
 *(.init1)
 .init1         0x0000000000003100        0xc /opt/mspgcc-4.7.3/bin/../lib/gcc/msp430/4.7.3/mcpu-430x/mmpy-16/msr20/mc20/libcrt0.a(__watchdog_support.o)
                0x0000000000003100                __watchdog_support
 *(.init2)
 .init2         0x000000000000310c        0x4 /opt/mspgcc-4.7.3/bin/../lib/gcc/msp430/4.7.3/mcpu-430x/mmpy-16/msr20/mc20/libcrt0.a(__init_stack.o)
                0x000000000000310c                __init_stack
 *(.init3)
 .init3         0x0000000000003110        0x0 /opt/mspgcc-4.7.3/bin/../lib/gcc/msp430/4.7.3/mcpu-430x/mmpy-16/msr20/mc20/libcrt0.a(__low_level_init.o)
                0x0000000000003110                __low_level_init
 *(.init4)
 .init4         0x0000000000003110       0x18 /opt/mspgcc-4.7.3/bin/../lib/gcc/msp430/4.7.3/mcpu-430x/mmpy-16/msr20/mc20/libcrt0.a(_copy_data.o)
                0x0000000000003110                __do_copy_data
 .init4         0x0000000000003128       0x16 /opt/mspgcc-4.7.3/bin/../lib/gcc/msp430/4.7.3/mcpu-430x/mmpy-16/msr20/mc20/libcrt0.a(_clear_bss.o)
                0x0000000000003128                __do_clear_bss
 *(.init5)
 *(.init6)
 *(.init7)
 *(.init8)
 *(.init9)
 .init9         0x000000000000313e      0x342 obj_z1/contiki-z1-main.o
                0x000000000000313e                main
 *(.fini9)
 .fini9         0x0000000000003480        0x0 /opt/mspgcc-4.7.3/bin/../lib/gcc/msp430/4.7.3/mcpu-430x/mmpy-16/msr20/mc20/libcrt0.a(__stop_progExec__.o)
                0x0000000000003480                __stop_progExec__
 *(.fini8)
 *(.fini7)
 *(.fini6)
 *(.fini5)
 *(.fini4)
 *(.fini3)
 *(.fini2)
 *(.fini1)
 *(.fini0)
 .fini0         0x0000000000003480        0x6 /opt/mspgcc-4.7.3/bin/../lib/gcc/msp430/4.7.3/mcpu-430x/mmpy-16/msr20/mc20/libcrt0.a(_endless_loop__.o)
                0x0000000000003480                _endless_loop__
 *(.fini .fini.*)
                0x0000000000003486                . = ALIGN (0x2)
                0x0000000000003486                __ctors_start = .
 *(.ctors)
                0x0000000000003486                __ctors_end = .
                0x0000000000003486                __dtors_start = .
 *(.dtors)
                0x0000000000003486                __dtors_end = .
                0x0000000000003486                . = ALIGN (0x2)
 *(.text .text.* .gnu.linkonce.t.*)
 .text          0x0000000000003486        0x4 /opt/mspgcc-4.7.3/bin/../lib/gcc/msp430/4.7.3/mcpu-430x/mmpy-16/msr20/mc20/crt0ivtbl32.o
                0x0000000000003486                __isr_14
                0x0000000000003486                __isr_4
                0x0000000000003486                __isr_29
                0x0000000000003486                __isr_11
                0x0000000000003486                __isr_5
                0x0000000000003486                __isr_2
                0x0000000000003486                __isr_10
                0x0000000000003486                __isr_7
                0x0000000000003486                __isr_0
                0x0000000000003486                __isr_28
                0x0000000000003486                __isr_8
                0x0000000000003486                __isr_20
                0x0000000000003486                __isr_3
                0x0000000000003486                __isr_12
                0x0000000000003486                __isr_13
                0x0000000000003486                __isr_27
                0x0000000000003486                __isr_9
                0x0000000000003486                __isr_30
                0x0000000000003486                __isr_6
                0x0000000000003486                __isr_22
                0x0000000000003486                __isr_1
                0x0000000000003486                __isr_15
                0x0000000000003486                __isr_21
 .text.libgcc   0x000000000000348a       0x26 /opt/mspgcc-4.7.3/bin/../lib/gcc/msp430/4.7.3/mcpu-430x/mmpy-16/msr20/mc20/libgcc.a(_mulsi3.o)
                0x000000000000348a                __mulsi3
 .text.libgcc   0x00000000000034b0       0x22 /opt/mspgcc-4.7.3/bin/../lib/gcc/msp430/4.7.3/mcpu-430x/mmpy-16/msr20/mc20/libgcc.a(_udivmod16.o)
                0x00000000000034b0                __udivhi3
                0x00000000000034b0                __ext_udivmod16
                0x00000000000034ca                __umodhi3
 .text.libgcc   0x00000000000034d2       0x3a /opt/mspgcc-4.7.3/bin/../lib/gcc/msp430/4.7.3/mcpu-430x/mmpy-16/msr20/mc20/libgcc.a(_divmod16.o)
                0x00000000000034d2                __ext_divmod16
                0x00000000000034d2                __divhi3
                0x0000000000003504                __modhi3
 .text.libgcc   0x000000000000350c       0x38 /opt/mspgcc-4.7.3/bin/../lib/gcc/msp430/4.7.3/mcpu-430x/mmpy-16/msr20/mc20/libgcc.a(_udivmod32.o)
                0x000000000000350c                __udivsi3
                0x000000000000350c                __ext_udivmod32
                0x000000000000353a                __umodsi3
 .text.libgcc   0x0000000000003544       0xbc /opt/mspgcc-4.7.3/bin/../lib/gcc/msp430/4.7.3/mcpu-430x/mmpy-16/msr20/mc20/libgcc.a(_udivmod64.o)
                0x0000000000003544                __xabi_udivmod64
                0x0000000000003596                __udivdi3
                0x00000000000035b0                __umoddi3
                0x00000000000035d2                __udivmoddi4
 .text.crt0     0x0000000000003600        0x2 /opt/mspgcc-4.7.3/bin/../lib/gcc/msp430/4.7.3/mcpu-430x/mmpy-16/msr20/mc20/libcrt0.a(_unexpected_.o)
                0x0000000000003600                _unexpected_
 *(.near.text .near.text.*)
 .near.text.watchdog_interrupt
                0x0000000000003602        0x6 contiki-z1.a(watchdog.o)
                0x0000000000003602                __isr_26
                0x0000000000003602                watchdog_interrupt
 .near.text.irq_p2
                0x0000000000003608       0x76 contiki-z1.a(button-sensor.o)
                0x0000000000003608                irq_p2
                0x0000000000003608                __isr_19
 .near.text.uart0_rx_interrupt
                0x000000000000367e       0x64 contiki-z1.a(uart0.o)
                0x000000000000367e                __isr_23
                0x000000000000367e                uart0_rx_interrupt
 .near.text.port1_isr
                0x00000000000036e2       0xbe contiki-z1.a(adxl345.o)
                0x00000000000036e2                port1_isr
                0x00000000000036e2                __isr_18
 .near.text.timera1
                0x00000000000037a0      0x10a contiki-z1.a(clock.o)
                0x00000000000037a0                __isr_24
                0x00000000000037a0                timera1
 .near.text.timera0
                0x00000000000038aa       0x5c contiki-z1.a(rtimer-arch.o)
                0x00000000000038aa                __isr_25
                0x00000000000038aa                timera0
 .near.text.i2c_tx_interrupt
                0x0000000000003906       0x84 contiki-z1.a(i2cmaster.o)
                0x0000000000003906                __isr_16
                0x0000000000003906                i2c_tx_interrupt
 .near.text.i2c_rx_interrupt
                0x000000000000398a       0x14 contiki-z1.a(i2cmaster.o)
                0x000000000000398a                i2c_rx_interrupt
                0x000000000000398a                __isr_17
 .any.text.receiver
                0x000000000000399e       0x16 unicast-sender.co
 .any.text.process_thread_unicast_sender_process
                0x00000000000039b4      0x1aa unicast-sender.co
 .any.text.purge_registrations
                0x0000000000003b5e       0x7a contiki-z1.a(servreg-hack.o)
 .any.text.servreg_hack_init
                0x0000000000003bd8       0x2e contiki-z1.a(servreg-hack.o)
                0x0000000000003bd8                servreg_hack_init
 .any.text.servreg_hack_list_head
                0x0000000000003c06        0xe contiki-z1.a(servreg-hack.o)
                0x0000000000003c06                servreg_hack_list_head
 .any.text.process_thread_servreg_hack_process
                0x0000000000003c14      0x216 contiki-z1.a(servreg-hack.o)
 .any.text.servreg_hack_lookup
                0x0000000000003e2a       0x2a contiki-z1.a(servreg-hack.o)
                0x0000000000003e2a                servreg_hack_lookup
 .any.text.init_platform
                0x0000000000003e54        0xc contiki-z1.a(contiki-z1-plat)
                0x0000000000003e54                init_platform
 .any.text.msp430_init_dco
                0x0000000000003e60       0x28 contiki-z1.a(msp430.o)
                0x0000000000003e60                msp430_init_dco
 .any.text.splhigh_
                0x0000000000003e88        0x8 contiki-z1.a(msp430.o)
                0x0000000000003e88                splhigh_
 .any.text.msp430_sync_dco
                0x0000000000003e90       0x6e contiki-z1.a(msp430.o)
                0x0000000000003e90                msp430_sync_dco
 .any.text.msp430_cpu_init
                0x0000000000003efe       0x2e contiki-z1.a(msp430.o)
                0x0000000000003efe                msp430_cpu_init
 .any.text.show_leds
                0x0000000000003f2c       0xe8 contiki-z1.a(leds.o)
 .any.text.leds_init
                0x0000000000004014        0xa contiki-z1.a(leds.o)
                0x0000000000004014                leds_init
 .any.text.leds_on
                0x000000000000401e        0xa contiki-z1.a(leds.o)
                0x000000000000401e                leds_on
 .any.text.leds_off
                0x0000000000004028        0xe contiki-z1.a(leds.o)
                0x0000000000004028                leds_off
 .any.text.watchdog_start
                0x0000000000004036       0x14 contiki-z1.a(watchdog.o)
                0x0000000000004036                watchdog_start
 .any.text.watchdog_periodic
                0x000000000000404a       0x12 contiki-z1.a(watchdog.o)
                0x000000000000404a                watchdog_periodic
 .any.text.watchdog_stop
                0x000000000000405c       0x16 contiki-z1.a(watchdog.o)
                0x000000000000405c                watchdog_stop
 .any.text.watchdog_init
                0x0000000000004072       0x12 contiki-z1.a(watchdog.o)
                0x0000000000004072                watchdog_init
 .any.text.wait_ready
                0x0000000000004084       0x46 contiki-z1.a(xmem.o)
 .any.text.xmem_init
                0x00000000000040ca       0x1e contiki-z1.a(xmem.o)
                0x00000000000040ca                xmem_init
 .any.text.xmem_pread
                0x00000000000040e8       0xc0 contiki-z1.a(xmem.o)
                0x00000000000040e8                xmem_pread
 .any.text.spi_init
                0x00000000000041a8       0x32 contiki-z1.a(spi.o)
                0x00000000000041a8                spi_init
 .any.text.get_object
                0x00000000000041da        0x4 contiki-z1.a(cc2420.o)
 .any.text.set_object
                0x00000000000041de        0x4 contiki-z1.a(cc2420.o)
 .any.text.strobe
                0x00000000000041e2       0x1a contiki-z1.a(cc2420.o)
 .any.text.getreg
                0x00000000000041fc       0x46 contiki-z1.a(cc2420.o)
 .any.text.setreg
                0x0000000000004242       0x44 contiki-z1.a(cc2420.o)
 .any.text.write_ram
                0x0000000000004286       0x72 contiki-z1.a(cc2420.o)
 .any.text.write_fifo_buf
                0x00000000000042f8       0x38 contiki-z1.a(cc2420.o)
 .any.text.get_status
                0x0000000000004330       0x1e contiki-z1.a(cc2420.o)
 .any.text.set_txpower
                0x000000000000434e       0x24 contiki-z1.a(cc2420.o)
 .any.text.cc2420_receiving_packet
                0x0000000000004372        0xa contiki-z1.a(cc2420.o)
 .any.text.pending_packet
                0x000000000000437c        0xa contiki-z1.a(cc2420.o)
 .any.text.on   0x0000000000004386       0x26 contiki-z1.a(cc2420.o)
 .any.text.wait_for_transmission
                0x00000000000043ac       0x22 contiki-z1.a(cc2420.o)
 .any.text.wait_for_status
                0x00000000000043ce       0x24 contiki-z1.a(cc2420.o)
 .any.text.getrxdata
                0x00000000000043f2       0x4c contiki-z1.a(cc2420.o)
 .any.text.flushrx
                0x000000000000443e       0x1a contiki-z1.a(cc2420.o)
 .any.text.off  0x0000000000004458       0x5a contiki-z1.a(cc2420.o)
 .any.text.RELEASE_LOCK
                0x00000000000044b2       0x28 contiki-z1.a(cc2420.o)
 .any.text.set_frame_filtering
                0x00000000000044da       0x30 contiki-z1.a(cc2420.o)
 .any.text.set_auto_ack
                0x000000000000450a       0x30 contiki-z1.a(cc2420.o)
 .any.text.set_poll_mode
                0x000000000000453a       0x2c contiki-z1.a(cc2420.o)
 .any.text.cc2420_prepare
                0x0000000000004566       0x38 contiki-z1.a(cc2420.o)
 .any.text.cc2420_on
                0x000000000000459e       0x22 contiki-z1.a(cc2420.o)
                0x000000000000459e                cc2420_on
 .any.text.cc2420_off
                0x00000000000045c0       0x30 contiki-z1.a(cc2420.o)
                0x00000000000045c0                cc2420_off
 .any.text.cc2420_cca
                0x00000000000045f0       0x54 contiki-z1.a(cc2420.o)
 .any.text.cc2420_read
                0x0000000000004644       0xb8 contiki-z1.a(cc2420.o)
 .any.text.process_thread_cc2420_process
                0x00000000000046fc       0x5c contiki-z1.a(cc2420.o)
 .any.text.cc2420_set_channel
                0x0000000000004758       0x3a contiki-z1.a(cc2420.o)
                0x0000000000004758                cc2420_set_channel
 .any.text.cc2420_set_pan_addr
                0x0000000000004792       0x4c contiki-z1.a(cc2420.o)
                0x0000000000004792                cc2420_set_pan_addr
 .any.text.cc2420_interrupt
                0x00000000000047de       0x16 contiki-z1.a(cc2420.o)
                0x00000000000047de                cc2420_interrupt
 .any.text.cc2420_set_txpower
                0x00000000000047f4        0xe contiki-z1.a(cc2420.o)
                0x00000000000047f4                cc2420_set_txpower
 .any.text.cc2420_get_txpower
                0x0000000000004802       0x1e contiki-z1.a(cc2420.o)
                0x0000000000004802                cc2420_get_txpower
 .any.text.cc2420_transmit
                0x0000000000004820      0x10e contiki-z1.a(cc2420.o)
 .any.text.cc2420_send
                0x000000000000492e       0x12 contiki-z1.a(cc2420.o)
 .any.text.cc2420_rssi
                0x0000000000004940       0x48 contiki-z1.a(cc2420.o)
                0x0000000000004940                cc2420_rssi
 .any.text.get_value
                0x0000000000004988      0x104 contiki-z1.a(cc2420.o)
 .any.text.cc2420_set_cca_threshold
                0x0000000000004a8c       0x16 contiki-z1.a(cc2420.o)
                0x0000000000004a8c                cc2420_set_cca_threshold
 .any.text.set_value
                0x0000000000004aa2       0xb2 contiki-z1.a(cc2420.o)
 .any.text.cc2420_init
                0x0000000000004b54       0xea contiki-z1.a(cc2420.o)
                0x0000000000004b54                cc2420_init
 .any.text.cc2420_arch_init
                0x0000000000004c3e       0x1a contiki-z1.a(cc2420-arch.o)
                0x0000000000004c3e                cc2420_arch_init
 .any.text.node_id_restore
                0x0000000000004c58       0x4c contiki-z1.a(node-id.o)
                0x0000000000004c58                node_id_restore
 .any.text.process_thread_sensors_process
                0x0000000000004ca4       0xc2 contiki-z1.a(sensors.o)
 .any.text.sensors_changed
                0x0000000000004d66       0x2a contiki-z1.a(sensors.o)
                0x0000000000004d66                sensors_changed
 .any.text.status
                0x0000000000004d90       0x18 contiki-z1.a(button-sensor.o)
 .any.text.value
                0x0000000000004da8       0x20 contiki-z1.a(button-sensor.o)
 .any.text.configure
                0x0000000000004dc8       0x4e contiki-z1.a(button-sensor.o)
 .any.text.uart0_active
                0x0000000000004e16        0xe contiki-z1.a(uart0.o)
                0x0000000000004e16                uart0_active
 .any.text.uart0_writeb
                0x0000000000004e24       0x16 contiki-z1.a(uart0.o)
                0x0000000000004e24                uart0_writeb
 .any.text.uart0_init
                0x0000000000004e3a       0x40 contiki-z1.a(uart0.o)
                0x0000000000004e3a                uart0_init
 .any.text.putchar
                0x0000000000004e7a       0x10 contiki-z1.a(uart0-putchar.o)
                0x0000000000004e7a                putchar
 .any.text.accm_write_reg
                0x0000000000004e8a       0x2e contiki-z1.a(adxl345.o)
                0x0000000000004e8a                accm_write_reg
 .any.text.accm_write_stream
                0x0000000000004eb8       0x2a contiki-z1.a(adxl345.o)
                0x0000000000004eb8                accm_write_stream
 .any.text.accm_read_reg
                0x0000000000004ee2       0x54 contiki-z1.a(adxl345.o)
                0x0000000000004ee2                accm_read_reg
 .any.text.process_thread_accmeter_process
                0x0000000000004f36       0x56 contiki-z1.a(adxl345.o)
 .any.text.accm_init
                0x0000000000004f8c       0x8c contiki-z1.a(adxl345.o)
                0x0000000000004f8c                accm_init
 .any.text.clock_time
                0x0000000000005018       0x1a contiki-z1.a(clock.o)
                0x0000000000005018                clock_time
 .any.text.clock_init
                0x0000000000005032       0x28 contiki-z1.a(clock.o)
                0x0000000000005032                clock_init
 .any.text.clock_delay
                0x000000000000505a        0xc contiki-z1.a(clock.o)
                0x000000000000505a                clock_delay
 .any.text.clock_wait
                0x0000000000005066       0x24 contiki-z1.a(clock.o)
                0x0000000000005066                clock_wait
 .any.text.clock_seconds
                0x000000000000508a       0x1a contiki-z1.a(clock.o)
                0x000000000000508a                clock_seconds
 .any.text.leds_arch_init
                0x00000000000050a4        0xe contiki-z1.a(leds-arch.o)
                0x00000000000050a4                leds_arch_init
 .any.text.leds_arch_set
                0x00000000000050b2       0x38 contiki-z1.a(leds-arch.o)
                0x00000000000050b2                leds_arch_set
 .any.text.rtimer_arch_init
                0x00000000000050ea        0xe contiki-z1.a(rtimer-arch.o)
                0x00000000000050ea                rtimer_arch_init
 .any.text.rtimer_arch_now
                0x00000000000050f8        0xe contiki-z1.a(rtimer-arch.o)
                0x00000000000050f8                rtimer_arch_now
 .any.text.rtimer_arch_schedule
                0x0000000000005106        0x6 contiki-z1.a(rtimer-arch.o)
                0x0000000000005106                rtimer_arch_schedule
 .any.text.autostart_start
                0x000000000000510c       0x16 contiki-z1.a(autostart.o)
                0x000000000000510c                autostart_start
 .any.text.process_thread_ctimer_process
                0x0000000000005122       0xa0 contiki-z1.a(ctimer.o)
 .any.text.ctimer_init
                0x00000000000051c2       0x18 contiki-z1.a(ctimer.o)
                0x00000000000051c2                ctimer_init
 .any.text.ctimer_set_with_process
                0x00000000000051da       0x4a contiki-z1.a(ctimer.o)
                0x00000000000051da                ctimer_set_with_process
 .any.text.ctimer_set
                0x0000000000005224       0x10 contiki-z1.a(ctimer.o)
                0x0000000000005224                ctimer_set
 .any.text.ctimer_reset
                0x0000000000005234       0x2c contiki-z1.a(ctimer.o)
                0x0000000000005234                ctimer_reset
 .any.text.ctimer_stop
                0x0000000000005260       0x28 contiki-z1.a(ctimer.o)
                0x0000000000005260                ctimer_stop
 .any.text.energest_init
                0x0000000000005288       0x24 contiki-z1.a(energest.o)
                0x0000000000005288                energest_init
 .any.text.energest_type_time
                0x00000000000052ac       0x3c contiki-z1.a(energest.o)
                0x00000000000052ac                energest_type_time
 .any.text.energest_type_set
                0x00000000000052e8        0xc contiki-z1.a(energest.o)
                0x00000000000052e8                energest_type_set
 .any.text.energest_flush
                0x00000000000052f4       0x38 contiki-z1.a(energest.o)
                0x00000000000052f4                energest_flush
 .any.text.update_time
                0x000000000000532c       0x70 contiki-z1.a(etimer.o)
 .any.text.etimer_request_poll
                0x000000000000539c        0xa contiki-z1.a(etimer.o)
                0x000000000000539c                etimer_request_poll
 .any.text.process_thread_etimer_process
                0x00000000000053a6       0xc4 contiki-z1.a(etimer.o)
 .any.text.add_timer
                0x000000000000546a       0x40 contiki-z1.a(etimer.o)
 .any.text.etimer_set
                0x00000000000054aa       0x12 contiki-z1.a(etimer.o)
                0x00000000000054aa                etimer_set
 .any.text.etimer_reset
                0x00000000000054bc       0x12 contiki-z1.a(etimer.o)
                0x00000000000054bc                etimer_reset
 .any.text.etimer_restart
                0x00000000000054ce       0x12 contiki-z1.a(etimer.o)
                0x00000000000054ce                etimer_restart
 .any.text.etimer_expired
                0x00000000000054e0        0xe contiki-z1.a(etimer.o)
                0x00000000000054e0                etimer_expired
 .any.text.etimer_expiration_time
                0x00000000000054ee       0x14 contiki-z1.a(etimer.o)
                0x00000000000054ee                etimer_expiration_time
 .any.text.etimer_pending
                0x0000000000005502        0xc contiki-z1.a(etimer.o)
                0x0000000000005502                etimer_pending
 .any.text.etimer_next_expiration_time
                0x000000000000550e       0x16 contiki-z1.a(etimer.o)
                0x000000000000550e                etimer_next_expiration_time
 .any.text.etimer_stop
                0x0000000000005524       0x3e contiki-z1.a(etimer.o)
                0x0000000000005524                etimer_stop
 .any.text.call_process
                0x0000000000005562       0x40 contiki-z1.a(process.o)
 .any.text.exit_process
                0x00000000000055a2       0x88 contiki-z1.a(process.o)
 .any.text.do_poll
                0x000000000000562a       0x30 contiki-z1.a(process.o)
 .any.text.process_alloc_event
                0x000000000000565a        0xe contiki-z1.a(process.o)
                0x000000000000565a                process_alloc_event
 .any.text.process_init
                0x0000000000005668       0x1c contiki-z1.a(process.o)
                0x0000000000005668                process_init
 .any.text.process_run
                0x0000000000005684       0xa4 contiki-z1.a(process.o)
                0x0000000000005684                process_run
 .any.text.process_nevents
                0x0000000000005728        0xe contiki-z1.a(process.o)
                0x0000000000005728                process_nevents
 .any.text.process_post
                0x0000000000005736       0x50 contiki-z1.a(process.o)
                0x0000000000005736                process_post
 .any.text.process_post_synch
                0x0000000000005786       0x12 contiki-z1.a(process.o)
                0x0000000000005786                process_post_synch
 .any.text.process_start
                0x0000000000005798       0x36 contiki-z1.a(process.o)
                0x0000000000005798                process_start
 .any.text.process_poll
                0x00000000000057ce       0x18 contiki-z1.a(process.o)
                0x00000000000057ce                process_poll
 .any.text.rtimer_init
                0x00000000000057e6        0x6 contiki-z1.a(rtimer.o)
                0x00000000000057e6                rtimer_init
 .any.text.rtimer_set
                0x00000000000057ec       0x24 contiki-z1.a(rtimer.o)
                0x00000000000057ec                rtimer_set
 .any.text.rtimer_run_next
                0x0000000000005810       0x26 contiki-z1.a(rtimer.o)
                0x0000000000005810                rtimer_run_next
 .any.text.timer_set
                0x0000000000005836       0x1c contiki-z1.a(timer.o)
                0x0000000000005836                timer_set
 .any.text.timer_reset
                0x0000000000005852        0xe contiki-z1.a(timer.o)
                0x0000000000005852                timer_reset
 .any.text.timer_restart
                0x0000000000005860       0x14 contiki-z1.a(timer.o)
                0x0000000000005860                timer_restart
 .any.text.timer_expired
                0x0000000000005874       0x2a contiki-z1.a(timer.o)
                0x0000000000005874                timer_expired
 .any.text.list_init
                0x000000000000589e        0x6 contiki-z1.a(list.o)
                0x000000000000589e                list_init
 .any.text.list_head
                0x00000000000058a4        0x4 contiki-z1.a(list.o)
                0x00000000000058a4                list_head
 .any.text.list_tail
                0x00000000000058a8       0x12 contiki-z1.a(list.o)
                0x00000000000058a8                list_tail
 .any.text.list_remove
                0x00000000000058ba       0x34 contiki-z1.a(list.o)
                0x00000000000058ba                list_remove
 .any.text.list_push
                0x00000000000058ee       0x16 contiki-z1.a(list.o)
                0x00000000000058ee                list_push
 .any.text.list_add
                0x0000000000005904       0x26 contiki-z1.a(list.o)
                0x0000000000005904                list_add
 .any.text.list_length
                0x000000000000592a       0x10 contiki-z1.a(list.o)
                0x000000000000592a                list_length
 .any.text.list_item_next
                0x000000000000593a        0xc contiki-z1.a(list.o)
                0x000000000000593a                list_item_next
 .any.text.memb_init
                0x0000000000005946       0x36 contiki-z1.a(memb.o)
                0x0000000000005946                memb_init
 .any.text.memb_alloc
                0x000000000000597c       0x3e contiki-z1.a(memb.o)
                0x000000000000597c                memb_alloc
 .any.text.memb_free
                0x00000000000059ba       0x3a contiki-z1.a(memb.o)
                0x00000000000059ba                memb_free
 .any.text.memb_inmemb
                0x00000000000059f4       0x2a contiki-z1.a(memb.o)
                0x00000000000059f4                memb_inmemb
 .any.text.memb_numfree
                0x0000000000005a1e       0x26 contiki-z1.a(memb.o)
                0x0000000000005a1e                memb_numfree
 .any.text.random_init
                0x0000000000005a44        0x6 contiki-z1.a(random.o)
                0x0000000000005a44                random_init
 .any.text.random_rand
                0x0000000000005a4a        0x6 contiki-z1.a(random.o)
                0x0000000000005a4a                random_rand
 .any.text.uip_ds6_list_loop
                0x0000000000005a50       0x66 contiki-z1.a(uip-ds6.o)
                0x0000000000005a50                uip_ds6_list_loop
 .any.text.uip_ds6_prefix_add
                0x0000000000005ab6       0x70 contiki-z1.a(uip-ds6.o)
                0x0000000000005ab6                uip_ds6_prefix_add
 .any.text.uip_ds6_is_addr_onlink
                0x0000000000005b26       0x42 contiki-z1.a(uip-ds6.o)
                0x0000000000005b26                uip_ds6_is_addr_onlink
 .any.text.uip_ds6_addr_lookup
                0x0000000000005b68       0x2a contiki-z1.a(uip-ds6.o)
                0x0000000000005b68                uip_ds6_addr_lookup
 .any.text.uip_ds6_get_link_local
                0x0000000000005b92       0x3e contiki-z1.a(uip-ds6.o)
                0x0000000000005b92                uip_ds6_get_link_local
 .any.text.uip_ds6_maddr_add
                0x0000000000005bd0       0x48 contiki-z1.a(uip-ds6.o)
                0x0000000000005bd0                uip_ds6_maddr_add
 .any.text.uip_ds6_addr_add
                0x0000000000005c18       0xb4 contiki-z1.a(uip-ds6.o)
                0x0000000000005c18                uip_ds6_addr_add
 .any.text.uip_ds6_maddr_rm
                0x0000000000005ccc        0xa contiki-z1.a(uip-ds6.o)
                0x0000000000005ccc                uip_ds6_maddr_rm
 .any.text.uip_ds6_maddr_lookup
                0x0000000000005cd6       0x2a contiki-z1.a(uip-ds6.o)
                0x0000000000005cd6                uip_ds6_maddr_lookup
 .any.text.uip_ds6_addr_rm
                0x0000000000005d00       0x54 contiki-z1.a(uip-ds6.o)
                0x0000000000005d00                uip_ds6_addr_rm
 .any.text.uip_ds6_periodic
                0x0000000000005d54       0x4a contiki-z1.a(uip-ds6.o)
                0x0000000000005d54                uip_ds6_periodic
 .any.text.uip_ds6_set_addr_iid
                0x0000000000005d9e       0x14 contiki-z1.a(uip-ds6.o)
                0x0000000000005d9e                uip_ds6_set_addr_iid
 .any.text.get_match_length
                0x0000000000005db2       0x3c contiki-z1.a(uip-ds6.o)
                0x0000000000005db2                get_match_length
 .any.text.uip_ds6_select_src
                0x0000000000005dee       0x9a contiki-z1.a(uip-ds6.o)
                0x0000000000005dee                uip_ds6_select_src
 .any.text.uip_ds6_compute_reachable_time
                0x0000000000005e88       0x36 contiki-z1.a(uip-ds6.o)
                0x0000000000005e88                uip_ds6_compute_reachable_time
 .any.text.uip_ds6_init
                0x0000000000005ebe      0x138 contiki-z1.a(uip-ds6.o)
                0x0000000000005ebe                uip_ds6_init
 .any.text.call_route_callback
                0x0000000000005ff6       0x40 contiki-z1.a(uip-ds6-route.o)
 .any.text.uip_ds6_route_init
                0x0000000000006036       0x36 contiki-z1.a(uip-ds6-route.o)
                0x0000000000006036                uip_ds6_route_init
 .any.text.uip_ds6_route_nexthop
                0x000000000000606c       0x1a contiki-z1.a(uip-ds6-route.o)
                0x000000000000606c                uip_ds6_route_nexthop
 .any.text.uip_ds6_route_head
                0x0000000000006086        0xa contiki-z1.a(uip-ds6-route.o)
                0x0000000000006086                uip_ds6_route_head
 .any.text.uip_ds6_route_next
                0x0000000000006090        0xe contiki-z1.a(uip-ds6-route.o)
                0x0000000000006090                uip_ds6_route_next
 .any.text.uip_ds6_route_lookup
                0x000000000000609e       0x6e contiki-z1.a(uip-ds6-route.o)
                0x000000000000609e                uip_ds6_route_lookup
 .any.text.uip_ds6_route_rm
                0x000000000000610c       0xa2 contiki-z1.a(uip-ds6-route.o)
                0x000000000000610c                uip_ds6_route_rm
 .any.text.rm_routelist
                0x00000000000061ae       0x34 contiki-z1.a(uip-ds6-route.o)
 .any.text.rm_routelist_callback
                0x00000000000061e2        0x6 contiki-z1.a(uip-ds6-route.o)
 .any.text.uip_ds6_route_add
                0x00000000000061e8      0x102 contiki-z1.a(uip-ds6-route.o)
                0x00000000000061e8                uip_ds6_route_add
 .any.text.uip_ds6_defrt_rm
                0x00000000000062ea       0x44 contiki-z1.a(uip-ds6-route.o)
                0x00000000000062ea                uip_ds6_defrt_rm
 .any.text.uip_ds6_defrt_lookup
                0x000000000000632e       0x32 contiki-z1.a(uip-ds6-route.o)
                0x000000000000632e                uip_ds6_defrt_lookup
 .any.text.uip_ds6_defrt_add
                0x0000000000006360       0x68 contiki-z1.a(uip-ds6-route.o)
                0x0000000000006360                uip_ds6_defrt_add
 .any.text.uip_ds6_defrt_choose
                0x00000000000063c8       0x36 contiki-z1.a(uip-ds6-route.o)
                0x00000000000063c8                uip_ds6_defrt_choose
 .any.text.uip_ds6_defrt_periodic
                0x00000000000063fe       0x38 contiki-z1.a(uip-ds6-route.o)
                0x00000000000063fe                uip_ds6_defrt_periodic
 .any.text.chksum
                0x0000000000006436       0x32 contiki-z1.a(uip6.o)
 .any.text.upper_layer_chksum
                0x0000000000006468       0x56 contiki-z1.a(uip6.o)
 .any.text.ext_hdr_options_process
                0x00000000000064be       0xc2 contiki-z1.a(uip6.o)
 .any.text.uip_add32
                0x0000000000006580       0x60 contiki-z1.a(uip6.o)
                0x0000000000006580                uip_add32
 .any.text.uip_add_rcv_nxt
                0x00000000000065e0       0x2e contiki-z1.a(uip6.o)
 .any.text.uip_icmp6chksum
                0x000000000000660e        0xa contiki-z1.a(uip6.o)
                0x000000000000660e                uip_icmp6chksum
 .any.text.uip_tcpchksum
                0x0000000000006618        0xa contiki-z1.a(uip6.o)
                0x0000000000006618                uip_tcpchksum
 .any.text.uip_udpchksum
                0x0000000000006622        0xa contiki-z1.a(uip6.o)
                0x0000000000006622                uip_udpchksum
 .any.text.uip_init
                0x000000000000662c       0x62 contiki-z1.a(uip6.o)
                0x000000000000662c                uip_init
 .any.text.remove_ext_hdr
                0x000000000000668e       0x50 contiki-z1.a(uip6.o)
                0x000000000000668e                remove_ext_hdr
 .any.text.uip_udp_new
                0x00000000000066de       0xb8 contiki-z1.a(uip6.o)
                0x00000000000066de                uip_udp_new
 .any.text.uip_unlisten
                0x0000000000006796       0x2a contiki-z1.a(uip6.o)
                0x0000000000006796                uip_unlisten
 .any.text.uip_process
                0x00000000000067c0      0xe0a contiki-z1.a(uip6.o)
                0x00000000000067c0                uip_process
 .any.text.uip_htonl
                0x00000000000075ca       0x2a contiki-z1.a(uip6.o)
                0x00000000000075ca                uip_htonl
 .any.text.uip_ds6_nbr_rm
                0x00000000000075f4       0x1a contiki-z1.a(uip-ds6-nbr.o)
                0x00000000000075f4                uip_ds6_nbr_rm
 .any.text.uip_ds6_neighbors_init
                0x000000000000760e        0xe contiki-z1.a(uip-ds6-nbr.o)
                0x000000000000760e                uip_ds6_neighbors_init
 .any.text.uip_ds6_nbr_add
                0x000000000000761c       0x54 contiki-z1.a(uip-ds6-nbr.o)
                0x000000000000761c                uip_ds6_nbr_add
 .any.text.uip_ds6_nbr_get_ll
                0x0000000000007670        0xc contiki-z1.a(uip-ds6-nbr.o)
                0x0000000000007670                uip_ds6_nbr_get_ll
 .any.text.uip_ds6_nbr_lookup
                0x000000000000767c       0x3e contiki-z1.a(uip-ds6-nbr.o)
                0x000000000000767c                uip_ds6_nbr_lookup
 .any.text.uip_ds6_nbr_ll_lookup
                0x00000000000076ba        0xc contiki-z1.a(uip-ds6-nbr.o)
                0x00000000000076ba                uip_ds6_nbr_ll_lookup
 .any.text.uip_ds6_nbr_ipaddr_from_lladdr
                0x00000000000076c6        0x6 contiki-z1.a(uip-ds6-nbr.o)
                0x00000000000076c6                uip_ds6_nbr_ipaddr_from_lladdr
 .any.text.uip_ds6_nbr_lladdr_from_ipaddr
                0x00000000000076cc       0x12 contiki-z1.a(uip-ds6-nbr.o)
                0x00000000000076cc                uip_ds6_nbr_lladdr_from_ipaddr
 .any.text.uip_ds6_link_neighbor_callback
                0x00000000000076de       0x26 contiki-z1.a(uip-ds6-nbr.o)
                0x00000000000076de                uip_ds6_link_neighbor_callback
 .any.text.uip_ds6_neighbor_periodic
                0x0000000000007704       0x5c contiki-z1.a(uip-ds6-nbr.o)
                0x0000000000007704                uip_ds6_neighbor_periodic
 .any.text.uip_nd6_init
                0x0000000000007760        0x2 contiki-z1.a(uip-nd6.o)
                0x0000000000007760                uip_nd6_init
 .any.text.set_packet_attrs
                0x0000000000007762       0x46 contiki-z1.a(sicslowpan.o)
 .any.text.addr_context_lookup_by_number
                0x00000000000077a8       0x30 contiki-z1.a(sicslowpan.o)
 .any.text.compress_addr_64
                0x00000000000077d8       0x9a contiki-z1.a(sicslowpan.o)
 .any.text.uncompress_addr
                0x0000000000007872       0x96 contiki-z1.a(sicslowpan.o)
 .any.text.input
                0x0000000000007908      0x5e2 contiki-z1.a(sicslowpan.o)
 .any.text.sicslowpan_init
                0x0000000000007eea       0x26 contiki-z1.a(sicslowpan.o)
                0x0000000000007eea                sicslowpan_init
 .any.text.addr_context_lookup_by_prefix
                0x0000000000007f10       0x4a contiki-z1.a(sicslowpan.o)
 .any.text.packet_sent
                0x0000000000007f5a       0x22 contiki-z1.a(sicslowpan.o)
 .any.text.send_packet
                0x0000000000007f7c       0x1a contiki-z1.a(sicslowpan.o)
 .any.text.output
                0x0000000000007f96      0x67a contiki-z1.a(sicslowpan.o)
 .any.text.uip_debug_ipaddr_print
                0x0000000000008610       0xbc contiki-z1.a(uip-debug.o)
                0x0000000000008610                uip_debug_ipaddr_print
 .any.text.uip_udp_packet_send
                0x00000000000086cc       0x2e contiki-z1.a(uip-udp-packet.)
                0x00000000000086cc                uip_udp_packet_send
 .any.text.uip_udp_packet_sendto
                0x00000000000086fa       0x56 contiki-z1.a(uip-udp-packet.)
                0x00000000000086fa                uip_udp_packet_sendto
 .any.text.start_periodic_tcp_timer
                0x0000000000008750       0x16 contiki-z1.a(tcpip.o)
 .any.text.tcpip_output
                0x0000000000008766       0x10 contiki-z1.a(tcpip.o)
                0x0000000000008766                tcpip_output
 .any.text.tcpip_set_outputfunc
                0x0000000000008776        0x6 contiki-z1.a(tcpip.o)
                0x0000000000008776                tcpip_set_outputfunc
 .any.text.udp_new
                0x000000000000877c       0x1a contiki-z1.a(tcpip.o)
                0x000000000000877c                udp_new
 .any.text.udp_broadcast_new
                0x0000000000008796       0x46 contiki-z1.a(tcpip.o)
                0x0000000000008796                udp_broadcast_new
 .any.text.tcpip_input
                0x00000000000087dc       0x16 contiki-z1.a(tcpip.o)
                0x00000000000087dc                tcpip_input
 .any.text.tcpip_ipv6_output
                0x00000000000087f2       0xce contiki-z1.a(tcpip.o)
                0x00000000000087f2                tcpip_ipv6_output
 .any.text.process_thread_tcpip_process
                0x00000000000088c0      0x1ba contiki-z1.a(tcpip.o)
 .any.text.tcpip_uipcall
                0x0000000000008a7a       0x70 contiki-z1.a(tcpip.o)
                0x0000000000008a7a                tcpip_uipcall
 .any.text.process_thread_simple_udp_process
                0x0000000000008aea       0x9e contiki-z1.a(simple-udp.o)
 .any.text.simple_udp_sendto
                0x0000000000008b88       0x28 contiki-z1.a(simple-udp.o)
                0x0000000000008b88                simple_udp_sendto
 .any.text.simple_udp_register
                0x0000000000008bb0       0x84 contiki-z1.a(simple-udp.o)
                0x0000000000008bb0                simple_udp_register
 .any.text.lollipop_greater_than
                0x0000000000008c34       0x3c contiki-z1.a(rpl-dag.o)
 .any.text.find_parent_any_dag_any_instance
                0x0000000000008c70       0x14 contiki-z1.a(rpl-dag.o)
 .any.text.rpl_set_preferred_parent
                0x0000000000008c84       0x2c contiki-z1.a(rpl-dag.o)
 .any.text.set_ip_from_prefix
                0x0000000000008cb0       0x30 contiki-z1.a(rpl-dag.o)
 .any.text.check_prefix
                0x0000000000008ce0       0x70 contiki-z1.a(rpl-dag.o)
 .any.text.rpl_get_nbr
                0x0000000000008d50       0x1e contiki-z1.a(rpl-dag.o)
                0x0000000000008d50                rpl_get_nbr
 .any.text.rpl_dag_init
                0x0000000000008d6e        0xe contiki-z1.a(rpl-dag.o)
                0x0000000000008d6e                rpl_dag_init
 .any.text.rpl_get_parent
                0x0000000000008d7c        0xc contiki-z1.a(rpl-dag.o)
                0x0000000000008d7c                rpl_get_parent
 .any.text.rpl_get_parent_ipaddr
                0x0000000000008d88       0x10 contiki-z1.a(rpl-dag.o)
                0x0000000000008d88                rpl_get_parent_ipaddr
 .any.text.rpl_set_prefix
                0x0000000000008d98       0x74 contiki-z1.a(rpl-dag.o)
                0x0000000000008d98                rpl_set_prefix
 .any.text.rpl_set_default_route
                0x0000000000008e0c       0x60 contiki-z1.a(rpl-dag.o)
                0x0000000000008e0c                rpl_set_default_route
 .any.text.rpl_alloc_instance
                0x0000000000008e6c       0x34 contiki-z1.a(rpl-dag.o)
                0x0000000000008e6c                rpl_alloc_instance
 .any.text.rpl_add_parent
                0x0000000000008ea0       0x4e contiki-z1.a(rpl-dag.o)
                0x0000000000008ea0                rpl_add_parent
 .any.text.rpl_find_parent
                0x0000000000008eee       0x1a contiki-z1.a(rpl-dag.o)
                0x0000000000008eee                rpl_find_parent
 .any.text.rpl_find_parent_any_dag
                0x0000000000008f08       0x22 contiki-z1.a(rpl-dag.o)
                0x0000000000008f08                rpl_find_parent_any_dag
 .any.text.rpl_select_parent
                0x0000000000008f2a       0x74 contiki-z1.a(rpl-dag.o)
                0x0000000000008f2a                rpl_select_parent
 .any.text.rpl_select_dag
                0x0000000000008f9e      0x190 contiki-z1.a(rpl-dag.o)
                0x0000000000008f9e                rpl_select_dag
 .any.text.rpl_nullify_parent
                0x000000000000912e       0x4e contiki-z1.a(rpl-dag.o)
                0x000000000000912e                rpl_nullify_parent
 .any.text.rpl_remove_parent
                0x000000000000917c       0x16 contiki-z1.a(rpl-dag.o)
                0x000000000000917c                rpl_remove_parent
 .any.text.nbr_callback
                0x0000000000009192        0x6 contiki-z1.a(rpl-dag.o)
 .any.text.remove_parents.constprop.5
                0x0000000000009198       0x2c contiki-z1.a(rpl-dag.o)
 .any.text.rpl_free_dag
                0x00000000000091c4       0x34 contiki-z1.a(rpl-dag.o)
                0x00000000000091c4                rpl_free_dag
 .any.text.rpl_move_parent
                0x00000000000091f8       0x52 contiki-z1.a(rpl-dag.o)
                0x00000000000091f8                rpl_move_parent
 .any.text.rpl_get_any_dag
                0x000000000000924a       0x16 contiki-z1.a(rpl-dag.o)
                0x000000000000924a                rpl_get_any_dag
 .any.text.rpl_get_instance
                0x0000000000009260       0x16 contiki-z1.a(rpl-dag.o)
                0x0000000000009260                rpl_get_instance
 .any.text.rpl_alloc_dag
                0x0000000000009276       0x60 contiki-z1.a(rpl-dag.o)
                0x0000000000009276                rpl_alloc_dag
 .any.text.rpl_repair_root
                0x00000000000092d6       0x4c contiki-z1.a(rpl-dag.o)
                0x00000000000092d6                rpl_repair_root
 .any.text.rpl_find_of
                0x0000000000009322       0x10 contiki-z1.a(rpl-dag.o)
                0x0000000000009322                rpl_find_of
 .any.text.rpl_join_instance
                0x0000000000009332      0x122 contiki-z1.a(rpl-dag.o)
                0x0000000000009332                rpl_join_instance
 .any.text.rpl_local_repair
                0x0000000000009454       0x62 contiki-z1.a(rpl-dag.o)
                0x0000000000009454                rpl_local_repair
 .any.text.rpl_process_parent_event
                0x00000000000094b6       0x6a contiki-z1.a(rpl-dag.o)
                0x00000000000094b6                rpl_process_parent_event
 .any.text.rpl_recalculate_ranks
                0x0000000000009520       0x44 contiki-z1.a(rpl-dag.o)
                0x0000000000009520                rpl_recalculate_ranks
 .any.text.rpl_add_dag
                0x0000000000009564      0x10a contiki-z1.a(rpl-dag.o)
                0x0000000000009564                rpl_add_dag
 .any.text.rpl_process_dio
                0x000000000000966e      0x318 contiki-z1.a(rpl-dag.o)
                0x000000000000966e                rpl_process_dio
 .any.text.new_dio_interval
                0x0000000000009986       0x8a contiki-z1.a(rpl-timers.o)
 .any.text.handle_unicast_dio_timer
                0x0000000000009a10       0x1c contiki-z1.a(rpl-timers.o)
 .any.text.set_dao_lifetime_timer
                0x0000000000009a2c       0x66 contiki-z1.a(rpl-timers.o)
 .any.text.handle_periodic_timer
                0x0000000000009a92       0x32 contiki-z1.a(rpl-timers.o)
 .any.text.schedule_dao
                0x0000000000009ac4       0x72 contiki-z1.a(rpl-timers.o)
 .any.text.handle_dio_timer
                0x0000000000009b36       0x88 contiki-z1.a(rpl-timers.o)
 .any.text.handle_dao_timer
                0x0000000000009bbe       0x64 contiki-z1.a(rpl-timers.o)
 .any.text.rpl_reset_periodic_timer
                0x0000000000009c22       0x54 contiki-z1.a(rpl-timers.o)
                0x0000000000009c22                rpl_reset_periodic_timer
 .any.text.rpl_reset_dio_timer
                0x0000000000009c76       0x18 contiki-z1.a(rpl-timers.o)
                0x0000000000009c76                rpl_reset_dio_timer
 .any.text.rpl_schedule_dao
                0x0000000000009c8e        0xc contiki-z1.a(rpl-timers.o)
                0x0000000000009c8e                rpl_schedule_dao
 .any.text.rpl_schedule_unicast_dio_immediately
                0x0000000000009c9a       0x16 contiki-z1.a(rpl-timers.o)
                0x0000000000009c9a                rpl_schedule_unicast_dio_immediately
 .any.text.rpl_schedule_probing
                0x0000000000009cb0       0x34 contiki-z1.a(rpl-timers.o)
                0x0000000000009cb0                rpl_schedule_probing
 .any.text.handle_probing_timer
                0x0000000000009ce4      0x108 contiki-z1.a(rpl-timers.o)
 .any.text.rpl_verify_header
                0x0000000000009dec       0xfa contiki-z1.a(rpl-ext-header.)
                0x0000000000009dec                rpl_verify_header
 .any.text.rpl_update_header_empty
                0x0000000000009ee6      0x12a contiki-z1.a(rpl-ext-header.)
                0x0000000000009ee6                rpl_update_header_empty
 .any.text.rpl_update_header_final
                0x000000000000a010       0x8e contiki-z1.a(rpl-ext-header.)
                0x000000000000a010                rpl_update_header_final
 .any.text.rpl_invert_header
                0x000000000000a09e       0x74 contiki-z1.a(rpl-ext-header.)
                0x000000000000a09e                rpl_invert_header
 .any.text.rpl_insert_header
                0x000000000000a112       0x12 contiki-z1.a(rpl-ext-header.)
                0x000000000000a112                rpl_insert_header
 .any.text.rpl_get_mode
                0x000000000000a124        0x6 contiki-z1.a(rpl.o)
                0x000000000000a124                rpl_get_mode
 .any.text.rpl_purge_routes
                0x000000000000a12a       0x96 contiki-z1.a(rpl.o)
                0x000000000000a12a                rpl_purge_routes
 .any.text.rpl_remove_routes
                0x000000000000a1c0       0x22 contiki-z1.a(rpl.o)
                0x000000000000a1c0                rpl_remove_routes
 .any.text.rpl_remove_routes_by_nexthop
                0x000000000000a1e2       0x3e contiki-z1.a(rpl.o)
                0x000000000000a1e2                rpl_remove_routes_by_nexthop
 .any.text.rpl_add_route
                0x000000000000a220       0x48 contiki-z1.a(rpl.o)
                0x000000000000a220                rpl_add_route
 .any.text.rpl_link_neighbor_callback
                0x000000000000a268       0x74 contiki-z1.a(rpl.o)
                0x000000000000a268                rpl_link_neighbor_callback
 .any.text.rpl_ipv6_neighbor_callback
                0x000000000000a2dc       0x1e contiki-z1.a(rpl.o)
                0x000000000000a2dc                rpl_ipv6_neighbor_callback
 .any.text.rpl_purge_dags
                0x000000000000a2fa       0x60 contiki-z1.a(rpl.o)
                0x000000000000a2fa                rpl_purge_dags
 .any.text.rpl_init
                0x000000000000a35a       0x4a contiki-z1.a(rpl.o)
                0x000000000000a35a                rpl_init
 .any.text.reset
                0x000000000000a3a4        0x2 contiki-z1.a(rpl-mrhof.o)
 .any.text.update_metric_container
                0x000000000000a3a6        0x6 contiki-z1.a(rpl-mrhof.o)
 .any.text.calculate_rank
                0x000000000000a3ac       0x3e contiki-z1.a(rpl-mrhof.o)
 .any.text.neighbor_link_callback
                0x000000000000a3ea       0xb0 contiki-z1.a(rpl-mrhof.o)
 .any.text.best_dag
                0x000000000000a49a       0x2e contiki-z1.a(rpl-mrhof.o)
 .any.text.best_parent
                0x000000000000a4c8       0x66 contiki-z1.a(rpl-mrhof.o)
 .any.text.queuebuf_init
                0x000000000000a52e       0x12 contiki-z1.a(queuebuf.o)
                0x000000000000a52e                queuebuf_init
 .any.text.queuebuf_numfree
                0x000000000000a540        0xa contiki-z1.a(queuebuf.o)
                0x000000000000a540                queuebuf_numfree
 .any.text.queuebuf_new_from_packetbuf
                0x000000000000a54a       0x4e contiki-z1.a(queuebuf.o)
                0x000000000000a54a                queuebuf_new_from_packetbuf
 .any.text.queuebuf_update_attr_from_packetbuf
                0x000000000000a598       0x12 contiki-z1.a(queuebuf.o)
                0x000000000000a598                queuebuf_update_attr_from_packetbuf
 .any.text.queuebuf_update_from_packetbuf
                0x000000000000a5aa       0x22 contiki-z1.a(queuebuf.o)
                0x000000000000a5aa                queuebuf_update_from_packetbuf
 .any.text.queuebuf_free
                0x000000000000a5cc       0x2a contiki-z1.a(queuebuf.o)
                0x000000000000a5cc                queuebuf_free
 .any.text.queuebuf_to_packetbuf
                0x000000000000a5f6       0x32 contiki-z1.a(queuebuf.o)
                0x000000000000a5f6                queuebuf_to_packetbuf
 .any.text.queuebuf_attr
                0x000000000000a628        0xe contiki-z1.a(queuebuf.o)
                0x000000000000a628                queuebuf_attr
 .any.text.item_from_index
                0x000000000000a636       0x2a contiki-z1.a(nbr-table.o)
 .any.text.index_from_key
                0x000000000000a660       0x26 contiki-z1.a(nbr-table.o)
 .any.text.index_from_item
                0x000000000000a686       0x1e contiki-z1.a(nbr-table.o)
 .any.text.nbr_set_bit
                0x000000000000a6a4       0x50 contiki-z1.a(nbr-table.o)
 .any.text.index_from_lladdr
                0x000000000000a6f4       0x3e contiki-z1.a(nbr-table.o)
 .any.text.nbr_get_bit.constprop.0
                0x000000000000a732       0x2c contiki-z1.a(nbr-table.o)
 .any.text.nbr_table_register
                0x000000000000a75e       0x26 contiki-z1.a(nbr-table.o)
                0x000000000000a75e                nbr_table_register
 .any.text.nbr_table_next
                0x000000000000a784       0x4c contiki-z1.a(nbr-table.o)
                0x000000000000a784                nbr_table_next
 .any.text.nbr_table_head
                0x000000000000a7d0       0x36 contiki-z1.a(nbr-table.o)
                0x000000000000a7d0                nbr_table_head
 .any.text.nbr_table_add_lladdr
                0x000000000000a806      0x110 contiki-z1.a(nbr-table.o)
                0x000000000000a806                nbr_table_add_lladdr
 .any.text.nbr_table_get_from_lladdr
                0x000000000000a916       0x28 contiki-z1.a(nbr-table.o)
                0x000000000000a916                nbr_table_get_from_lladdr
 .any.text.nbr_table_remove
                0x000000000000a93e       0x2a contiki-z1.a(nbr-table.o)
                0x000000000000a93e                nbr_table_remove
 .any.text.nbr_table_lock
                0x000000000000a968       0x10 contiki-z1.a(nbr-table.o)
                0x000000000000a968                nbr_table_lock
 .any.text.nbr_table_unlock
                0x000000000000a978       0x10 contiki-z1.a(nbr-table.o)
                0x000000000000a978                nbr_table_unlock
 .any.text.nbr_table_get_lladdr
                0x000000000000a988       0x20 contiki-z1.a(nbr-table.o)
                0x000000000000a988                nbr_table_get_lladdr
 .any.text.packetbuf_copyto
                0x000000000000a9a8       0x46 contiki-z1.a(packetbuf.o)
                0x000000000000a9a8                packetbuf_copyto
 .any.text.packetbuf_hdrreduce
                0x000000000000a9ee       0x1a contiki-z1.a(packetbuf.o)
                0x000000000000a9ee                packetbuf_hdrreduce
 .any.text.packetbuf_set_datalen
                0x000000000000aa08        0x6 contiki-z1.a(packetbuf.o)
                0x000000000000aa08                packetbuf_set_datalen
 .any.text.packetbuf_dataptr
                0x000000000000aa0e        0xe contiki-z1.a(packetbuf.o)
                0x000000000000aa0e                packetbuf_dataptr
 .any.text.packetbuf_hdrptr
                0x000000000000aa1c        0xa contiki-z1.a(packetbuf.o)
                0x000000000000aa1c                packetbuf_hdrptr
 .any.text.packetbuf_datalen
                0x000000000000aa26        0x6 contiki-z1.a(packetbuf.o)
                0x000000000000aa26                packetbuf_datalen
 .any.text.packetbuf_hdrlen
                0x000000000000aa2c       0x10 contiki-z1.a(packetbuf.o)
                0x000000000000aa2c                packetbuf_hdrlen
 .any.text.packetbuf_totlen
                0x000000000000aa3c        0xc contiki-z1.a(packetbuf.o)
                0x000000000000aa3c                packetbuf_totlen
 .any.text.packetbuf_hdralloc
                0x000000000000aa48       0x2a contiki-z1.a(packetbuf.o)
                0x000000000000aa48                packetbuf_hdralloc
 .any.text.packetbuf_attr_clear
                0x000000000000aa72       0x28 contiki-z1.a(packetbuf.o)
                0x000000000000aa72                packetbuf_attr_clear
 .any.text.packetbuf_clear
                0x000000000000aa9a       0x1a contiki-z1.a(packetbuf.o)
                0x000000000000aa9a                packetbuf_clear
 .any.text.packetbuf_copyfrom
                0x000000000000aab4       0x2a contiki-z1.a(packetbuf.o)
                0x000000000000aab4                packetbuf_copyfrom
 .any.text.packetbuf_attr_copyto
                0x000000000000aade       0x22 contiki-z1.a(packetbuf.o)
                0x000000000000aade                packetbuf_attr_copyto
 .any.text.packetbuf_attr_copyfrom
                0x000000000000ab00       0x24 contiki-z1.a(packetbuf.o)
                0x000000000000ab00                packetbuf_attr_copyfrom
 .any.text.packetbuf_holds_broadcast
                0x000000000000ab24        0xe contiki-z1.a(packetbuf.o)
                0x000000000000ab24                packetbuf_holds_broadcast
 .any.text.linkaddr_copy
                0x000000000000ab32        0x8 contiki-z1.a(linkaddr.o)
                0x000000000000ab32                linkaddr_copy
 .any.text.linkaddr_cmp
                0x000000000000ab3a       0x12 contiki-z1.a(linkaddr.o)
                0x000000000000ab3a                linkaddr_cmp
 .any.text.linkaddr_set_node_addr
                0x000000000000ab4c        0xc contiki-z1.a(linkaddr.o)
                0x000000000000ab4c                linkaddr_set_node_addr
 .any.text.create_frame.isra.0
                0x000000000000ab58      0x114 contiki-z1.a(framer-802154.o)
 .any.text.create
                0x000000000000ac6c        0x8 contiki-z1.a(framer-802154.o)
 .any.text.hdr_length
                0x000000000000ac74        0x8 contiki-z1.a(framer-802154.o)
 .any.text.parse
                0x000000000000ac7c       0x9a contiki-z1.a(framer-802154.o)
 .any.text.frame802154_get_pan_id
                0x000000000000ad16        0x6 contiki-z1.a(frame802154.o)
                0x000000000000ad16                frame802154_get_pan_id
 .any.text.frame802154_has_panid
                0x000000000000ad1c       0x64 contiki-z1.a(frame802154.o)
                0x000000000000ad1c                frame802154_has_panid
 .any.text.field_len
                0x000000000000ad80       0xa8 contiki-z1.a(frame802154.o)
 .any.text.frame802154_is_broadcast_addr
                0x000000000000ae28       0x28 contiki-z1.a(frame802154.o)
                0x000000000000ae28                frame802154_is_broadcast_addr
 .any.text.frame802154_hdrlen
                0x000000000000ae50       0x32 contiki-z1.a(frame802154.o)
                0x000000000000ae50                frame802154_hdrlen
 .any.text.frame802154_create
                0x000000000000ae82      0x136 contiki-z1.a(frame802154.o)
                0x000000000000ae82                frame802154_create
 .any.text.frame802154_parse
                0x000000000000afb8      0x1be contiki-z1.a(frame802154.o)
                0x000000000000afb8                frame802154_parse
 .any.text.input_packet
                0x000000000000b176        0x6 contiki-z1.a(csma.o)
 .any.text.on   0x000000000000b17c        0x6 contiki-z1.a(csma.o)
 .any.text.off  0x000000000000b182        0x6 contiki-z1.a(csma.o)
 .any.text.channel_check_interval
                0x000000000000b188       0x10 contiki-z1.a(csma.o)
 .any.text.transmit_packet_list
                0x000000000000b198       0x24 contiki-z1.a(csma.o)
 .any.text.init
                0x000000000000b1bc       0x1a contiki-z1.a(csma.o)
 .any.text.send_packet
                0x000000000000b1d6      0x16e contiki-z1.a(csma.o)
 .any.text.free_packet
                0x000000000000b344       0xa0 contiki-z1.a(csma.o)
 .any.text.packet_sent
                0x000000000000b3e4      0x116 contiki-z1.a(csma.o)
 .any.text.duty_cycle
                0x000000000000b4fa        0x6 contiki-z1.a(contikimac.o)
 .any.text.init
                0x000000000000b500       0x2a contiki-z1.a(contikimac.o)
 .any.text.on   0x000000000000b52a       0x1a contiki-z1.a(contikimac.o)
 .any.text.off  0x000000000000b544       0x22 contiki-z1.a(contikimac.o)
 .any.text.recv_burst_off
                0x000000000000b566        0xa contiki-z1.a(contikimac.o)
 .any.text.powercycle_turn_radio_off
                0x000000000000b570       0x14 contiki-z1.a(contikimac.o)
 .any.text.turn_off
                0x000000000000b584       0x20 contiki-z1.a(contikimac.o)
 .any.text.turn_on
                0x000000000000b5a4       0x30 contiki-z1.a(contikimac.o)
 .any.text.schedule_powercycle_fixed.part.5
                0x000000000000b5d4       0x32 contiki-z1.a(contikimac.o)
 .any.text.input_packet
                0x000000000000b606       0x94 contiki-z1.a(contikimac.o)
 .any.text.send_packet.isra.8
                0x000000000000b69a      0x1d8 contiki-z1.a(contikimac.o)
 .any.text.qsend_list
                0x000000000000b872       0xb2 contiki-z1.a(contikimac.o)
 .any.text.qsend_packet
                0x000000000000b924       0x28 contiki-z1.a(contikimac.o)
 .any.text.powercycle_wrapper
                0x000000000000b94c      0x1c6 contiki-z1.a(contikimac.o)
 .any.text.init
                0x000000000000bb12        0x2 contiki-z1.a(nullsec.o)
 .any.text.send
                0x000000000000bb14        0xa contiki-z1.a(nullsec.o)
 .any.text.input
                0x000000000000bb1e        0x6 contiki-z1.a(nullsec.o)
 .any.text.i2c_receiveinit
                0x000000000000bb24       0x36 contiki-z1.a(i2cmaster.o)
                0x000000000000bb24                i2c_receiveinit
 .any.text.i2c_transmitinit
                0x000000000000bb5a       0x30 contiki-z1.a(i2cmaster.o)
                0x000000000000bb5a                i2c_transmitinit
 .any.text.i2c_receive_n
                0x000000000000bb8a       0x3e contiki-z1.a(i2cmaster.o)
                0x000000000000bb8a                i2c_receive_n
 .any.text.i2c_busy
                0x000000000000bbc8        0xa contiki-z1.a(i2cmaster.o)
                0x000000000000bbc8                i2c_busy
 .any.text.i2c_enable
                0x000000000000bbd2       0x22 contiki-z1.a(i2cmaster.o)
                0x000000000000bbd2                i2c_enable
 .any.text.i2c_transmit_n
                0x000000000000bbf4       0x14 contiki-z1.a(i2cmaster.o)
                0x000000000000bbf4                i2c_transmit_n
 .any.text.stimer_set
                0x000000000000bc08       0x1c contiki-z1.a(stimer.o)
                0x000000000000bc08                stimer_set
 .any.text.stimer_expired
                0x000000000000bc24       0x30 contiki-z1.a(stimer.o)
                0x000000000000bc24                stimer_expired
 .any.text.echo_reply_input
                0x000000000000bc54      0x10c contiki-z1.a(uip-icmp6.o)
 .any.text.echo_request_input
                0x000000000000bd60      0x128 contiki-z1.a(uip-icmp6.o)
 .any.text.uip_icmp6_input
                0x000000000000be88       0x44 contiki-z1.a(uip-icmp6.o)
                0x000000000000be88                uip_icmp6_input
 .any.text.uip_icmp6_register_input_handler
                0x000000000000becc        0xc contiki-z1.a(uip-icmp6.o)
                0x000000000000becc                uip_icmp6_register_input_handler
 .any.text.uip_icmp6_error_output
                0x000000000000bed8      0x170 contiki-z1.a(uip-icmp6.o)
                0x000000000000bed8                uip_icmp6_error_output
 .any.text.uip_icmp6_send
                0x000000000000c048       0x84 contiki-z1.a(uip-icmp6.o)
                0x000000000000c048                uip_icmp6_send
 .any.text.uip_icmp6_init
                0x000000000000c0cc       0x12 contiki-z1.a(uip-icmp6.o)
                0x000000000000c0cc                uip_icmp6_init
 .any.text.get32
                0x000000000000c0de       0x3e contiki-z1.a(rpl-icmp6.o)
 .any.text.set32
                0x000000000000c11c       0x2a contiki-z1.a(rpl-icmp6.o)
 .any.text.get16
                0x000000000000c146        0xe contiki-z1.a(rpl-icmp6.o)
 .any.text.set16
                0x000000000000c154       0x10 contiki-z1.a(rpl-icmp6.o)
 .any.text.dao_ack_input
                0x000000000000c164        0xa contiki-z1.a(rpl-icmp6.o)
 .any.text.dio_input
                0x000000000000c16e      0x2b4 contiki-z1.a(rpl-icmp6.o)
 .any.text.dis_output
                0x000000000000c422       0x50 contiki-z1.a(rpl-icmp6.o)
                0x000000000000c422                dis_output
 .any.text.dio_output
                0x000000000000c472      0x242 contiki-z1.a(rpl-icmp6.o)
                0x000000000000c472                dio_output
 .any.text.dis_input
                0x000000000000c6b4       0x2c contiki-z1.a(rpl-icmp6.o)
 .any.text.dao_output_target
                0x000000000000c6e0       0xd0 contiki-z1.a(rpl-icmp6.o)
                0x000000000000c6e0                dao_output_target
 .any.text.dao_output
                0x000000000000c7b0       0x68 contiki-z1.a(rpl-icmp6.o)
                0x000000000000c7b0                dao_output
 .any.text.dao_ack_output
                0x000000000000c818       0x38 contiki-z1.a(rpl-icmp6.o)
                0x000000000000c818                dao_ack_output
 .any.text.dao_input
                0x000000000000c850      0x23a contiki-z1.a(rpl-icmp6.o)
 .any.text.rpl_icmp6_register_handlers
                0x000000000000ca8a       0x22 contiki-z1.a(rpl-icmp6.o)
                0x000000000000ca8a                rpl_icmp6_register_handlers
 .any.text.mac_sequence_is_duplicate
                0x000000000000caac       0x3c contiki-z1.a(mac-sequence.o)
                0x000000000000caac                mac_sequence_is_duplicate
 .any.text.mac_sequence_register_seqno
                0x000000000000cae8       0x6a contiki-z1.a(mac-sequence.o)
                0x000000000000cae8                mac_sequence_register_seqno
 .any.text.mac_call_sent_callback
                0x000000000000cb52       0x14 contiki-z1.a(mac.o)
                0x000000000000cb52                mac_call_sent_callback
 .any.text.printf
                0x000000000000cb66       0x10 /opt/mspgcc-4.7.3/bin/../lib/gcc/msp430/4.7.3/../../../../msp430/lib/mcpu-430x/mmpy-16/msr20/mc20/libc.a(printf.o)
                0x000000000000cb66                printf
 .any.text.append
                0x000000000000cb76       0x22 /opt/mspgcc-4.7.3/bin/../lib/gcc/msp430/4.7.3/../../../../msp430/lib/mcpu-430x/mmpy-16/msr20/mc20/libc.a(sprintf.o)
 .any.text.call_vuprintf
                0x000000000000cb98       0x36 /opt/mspgcc-4.7.3/bin/../lib/gcc/msp430/4.7.3/../../../../msp430/lib/mcpu-430x/mmpy-16/msr20/mc20/libc.a(sprintf.o)
 .any.text.sprintf
                0x000000000000cbce       0x1a /opt/mspgcc-4.7.3/bin/../lib/gcc/msp430/4.7.3/../../../../msp430/lib/mcpu-430x/mmpy-16/msr20/mc20/libc.a(sprintf.o)
                0x000000000000cbce                sprintf
 .any.text.print_field
                0x000000000000cbe8      0x176 /opt/mspgcc-4.7.3/bin/../lib/gcc/msp430/4.7.3/../../../../msp430/lib/mcpu-430x/mmpy-16/msr20/mc20/libc.a(vuprintf.o)
 .any.text.vuprintf
                0x000000000000cd5e      0x742 /opt/mspgcc-4.7.3/bin/../lib/gcc/msp430/4.7.3/../../../../msp430/lib/mcpu-430x/mmpy-16/msr20/mc20/libc.a(vuprintf.o)
                0x000000000000cd5e                vuprintf
 .any.text.puts
                0x000000000000d4a0       0x2c /opt/mspgcc-4.7.3/bin/../lib/gcc/msp430/4.7.3/../../../../msp430/lib/mcpu-430x/mmpy-16/msr20/mc20/libc.a(puts.o)
                0x000000000000d4a0                puts
 .any.text.rand
                0x000000000000d4cc       0x26 /opt/mspgcc-4.7.3/bin/../lib/gcc/msp430/4.7.3/../../../../msp430/lib/mcpu-430x/mmpy-16/msr20/mc20/libc.a(rand.o)
                0x000000000000d4cc                rand
 .any.text.srand
                0x000000000000d4f2        0xa /opt/mspgcc-4.7.3/bin/../lib/gcc/msp430/4.7.3/../../../../msp430/lib/mcpu-430x/mmpy-16/msr20/mc20/libc.a(rand.o)
                0x000000000000d4f2                srand
 .any.text.memcmp
                0x000000000000d4fc       0x2c /opt/mspgcc-4.7.3/bin/../lib/gcc/msp430/4.7.3/../../../../msp430/lib/mcpu-430x/mmpy-16/msr20/mc20/libc.a(memcmp.o)
                0x000000000000d4fc                memcmp
 .any.text.memcpy
                0x000000000000d528       0xe8 /opt/mspgcc-4.7.3/bin/../lib/gcc/msp430/4.7.3/../../../../msp430/lib/mcpu-430x/mmpy-16/msr20/mc20/libc.a(memcpy.o)
                0x000000000000d528                memcpy
 .any.text.memmove
                0x000000000000d610       0xe8 /opt/mspgcc-4.7.3/bin/../lib/gcc/msp430/4.7.3/../../../../msp430/lib/mcpu-430x/mmpy-16/msr20/mc20/libc.a(memmove.o)
                0x000000000000d610                memmove
 .any.text.memset
                0x000000000000d6f8       0x5c /opt/mspgcc-4.7.3/bin/../lib/gcc/msp430/4.7.3/../../../../msp430/lib/mcpu-430x/mmpy-16/msr20/mc20/libc.a(memset.o)
                0x000000000000d6f8                memset

.rodata         0x000000000000d754      0x4af
                0x000000000000d754                . = ALIGN (0x2)
 *(.rodata .rodata.* .gnu.linkonce.r.*)
 .rodata.receiver
                0x000000000000d754       0x36 unicast-sender.co
 .rodata.process_thread_unicast_sender_process
                0x000000000000d78a       0x46 unicast-sender.co
 .rodata.autostart_processes
                0x000000000000d7d0        0x4 unicast-sender.co
                0x000000000000d7d0                autostart_processes
 .rodata        0x000000000000d7d4       0x1f unicast-sender.co
 .rodata        0x000000000000d7f3      0x10b obj_z1/contiki-z1-main.o
 .rodata.servreg_hack_register
                0x000000000000d8fe       0x84 contiki-z1.a(servreg-hack.o)
 .rodata        0x000000000000d982       0x15 contiki-z1.a(servreg-hack.o)
 *fill*         0x000000000000d997        0x1 00
 .rodata.get_value
                0x000000000000d998       0x44 contiki-z1.a(cc2420.o)
 .rodata.set_value
                0x000000000000d9dc       0x20 contiki-z1.a(cc2420.o)
 .rodata.cc2420_driver
                0x000000000000d9fc       0x38 contiki-z1.a(cc2420.o)
                0x000000000000d9fc                cc2420_driver
 .rodata        0x000000000000da34        0xe contiki-z1.a(cc2420.o)
 .rodata.output_power
                0x000000000000da42       0x10 contiki-z1.a(cc2420.o)
 .rodata        0x000000000000da52        0x8 contiki-z1.a(sensors.o)
 .rodata        0x000000000000da5a        0x7 contiki-z1.a(button-sensor.o)
 *fill*         0x000000000000da61        0x1 00
 .rodata.button_sensor
                0x000000000000da62        0xe contiki-z1.a(button-sensor.o)
                0x000000000000da62                button_sensor
 .rodata        0x000000000000da70       0x16 contiki-z1.a(adxl345.o)
 .rodata        0x000000000000da86        0xf contiki-z1.a(ctimer.o)
 .rodata        0x000000000000da95        0xc contiki-z1.a(etimer.o)
 *fill*         0x000000000000daa1        0x3 00
 .rodata.uip_process
                0x000000000000daa4       0x40 contiki-z1.a(uip6.o)
 .rodata        0x000000000000dae4        0xb contiki-z1.a(sicslowpan.o)
 *fill*         0x000000000000daef        0x1 00
 .rodata.sicslowpan_driver
                0x000000000000daf0        0xa contiki-z1.a(sicslowpan.o)
                0x000000000000daf0                sicslowpan_driver
 .rodata.llprefix
                0x000000000000dafa        0x2 contiki-z1.a(sicslowpan.o)
                0x000000000000dafa                llprefix
 .rodata.unc_mxconf
                0x000000000000dafc        0x4 contiki-z1.a(sicslowpan.o)
                0x000000000000dafc                unc_mxconf
 .rodata.unc_ctxconf
                0x000000000000db00        0x4 contiki-z1.a(sicslowpan.o)
                0x000000000000db00                unc_ctxconf
 .rodata.unc_llconf
                0x000000000000db04        0x4 contiki-z1.a(sicslowpan.o)
                0x000000000000db04                unc_llconf
 .rodata.ttl_values
                0x000000000000db08        0x4 contiki-z1.a(sicslowpan.o)
 .rodata.uip_debug_ipaddr_print
                0x000000000000db0c       0x28 contiki-z1.a(uip-debug.o)
 .rodata        0x000000000000db34        0xd contiki-z1.a(tcpip.o)
 .rodata        0x000000000000db41       0x13 contiki-z1.a(simple-udp.o)
 .rodata.neighbor_link_callback
                0x000000000000db54       0x32 contiki-z1.a(rpl-mrhof.o)
 .rodata.linkaddr_null
                0x000000000000db86        0x8 contiki-z1.a(linkaddr.o)
                0x000000000000db86                linkaddr_null
 .rodata.framer_802154
                0x000000000000db8e        0xc contiki-z1.a(framer-802154.o)
                0x000000000000db8e                framer_802154
 .rodata.CSWTCH.16
                0x000000000000db9a        0x2 contiki-z1.a(frame802154.o)
 .rodata        0x000000000000db9c        0x5 contiki-z1.a(csma.o)
 *fill*         0x000000000000dba1        0x1 00
 .rodata.csma_driver
                0x000000000000dba2       0x1a contiki-z1.a(csma.o)
                0x000000000000dba2                csma_driver
 .rodata        0x000000000000dbbc        0xb contiki-z1.a(contikimac.o)
 *fill*         0x000000000000dbc7        0x1 00
 .rodata.contikimac_driver
                0x000000000000dbc8       0x1e contiki-z1.a(contikimac.o)
                0x000000000000dbc8                contikimac_driver
 .rodata        0x000000000000dbe6        0x8 contiki-z1.a(nullsec.o)
 .rodata.nullsec_driver
                0x000000000000dbee        0xe contiki-z1.a(nullsec.o)
                0x000000000000dbee                nullsec_driver
 .rodata.vuprintf
                0x000000000000dbfc        0x7 /opt/mspgcc-4.7.3/bin/../lib/gcc/msp430/4.7.3/../../../../msp430/lib/mcpu-430x/mmpy-16/msr20/mc20/libc.a(vuprintf.o)
 *(.near.rodata .near.rodata.*)
                0x000000000000dc04                . = ALIGN (0x2)
                0x000000000000dc04                _etext = .

.data           0x0000000000001100      0x152 load address 0x000000000000dc04
                0x0000000000001100                . = ALIGN (0x2)
                0x0000000000001100                __data_start = .
 *(.data .data.* .gnu.linkonce.d.*)
 .data.unicast_sender_process
                0x0000000000001100        0xc unicast-sender.co
                0x0000000000001100                unicast_sender_process
 .data.sensors  0x000000000000110c        0x4 obj_z1/contiki-z1-main.o
                0x000000000000110c                sensors
 .data.servreg_hack_process
                0x0000000000001110        0xc contiki-z1.a(servreg-hack.o)
                0x0000000000001110                servreg_hack_process
 .data.registrations
                0x000000000000111c        0x8 contiki-z1.a(servreg-hack.o)
 .data.cur_break
                0x0000000000001124        0x2 contiki-z1.a(msp430.o)
 .data.cc2420_process
                0x0000000000001126        0xc contiki-z1.a(cc2420.o)
                0x0000000000001126                cc2420_process
 .data.send_on_cca
                0x0000000000001132        0x1 contiki-z1.a(cc2420.o)
 *fill*         0x0000000000001133        0x1 00
 .data.sensors_process
                0x0000000000001134        0xc contiki-z1.a(sensors.o)
                0x0000000000001134                sensors_process
 .data.accmeter_process
                0x0000000000001140        0xc contiki-z1.a(adxl345.o)
                0x0000000000001140                accmeter_process
 .data.adxl345_default_settings
                0x000000000000114c       0x16 contiki-z1.a(adxl345.o)
 .data.ctimer_process
                0x0000000000001162        0xc contiki-z1.a(ctimer.o)
                0x0000000000001162                ctimer_process
 .data.etimer_process
                0x000000000000116e        0xc contiki-z1.a(etimer.o)
                0x000000000000116e                etimer_process
 .data.nbr_routes
                0x000000000000117a        0x2 contiki-z1.a(uip-ds6-route.o)
                0x000000000000117a                nbr_routes
 .data.routememb
                0x000000000000117c        0x8 contiki-z1.a(uip-ds6-route.o)
 .data.defaultroutermemb
                0x0000000000001184        0x8 contiki-z1.a(uip-ds6-route.o)
 .data.neighborroutememb
                0x000000000000118c        0x8 contiki-z1.a(uip-ds6-route.o)
 .data.nbr_routes_struct
                0x0000000000001194        0xa contiki-z1.a(uip-ds6-route.o)
 .data.ds6_neighbors
                0x000000000000119e        0x2 contiki-z1.a(uip-ds6-nbr.o)
                0x000000000000119e                ds6_neighbors
 .data.ds6_neighbors_struct
                0x00000000000011a0        0xa contiki-z1.a(uip-ds6-nbr.o)
 .data.tcpip_process
                0x00000000000011aa        0xc contiki-z1.a(tcpip.o)
                0x00000000000011aa                tcpip_process
 .data.simple_udp_process
                0x00000000000011b6        0xc contiki-z1.a(simple-udp.o)
                0x00000000000011b6                simple_udp_process
 .data.rpl_parents
                0x00000000000011c2        0x2 contiki-z1.a(rpl-dag.o)
                0x00000000000011c2                rpl_parents
 .data.rpl_parents_struct
                0x00000000000011c4        0xa contiki-z1.a(rpl-dag.o)
 .data.rpl_mrhof
                0x00000000000011ce       0x1a contiki-z1.a(rpl-mrhof.o)
                0x00000000000011ce                rpl_mrhof
 .data.buframmem
                0x00000000000011e8        0x8 contiki-z1.a(queuebuf.o)
 .data.bufmem   0x00000000000011f0        0x8 contiki-z1.a(queuebuf.o)
 .data.neighbor_addr_mem
                0x00000000000011f8        0x8 contiki-z1.a(nbr-table.o)
 .data.mac_pan_id
                0x0000000000001200        0x2 contiki-z1.a(frame802154.o)