Archive member included because of file (symbol)

contiki-z1.a(servreg-hack.o)  unicast-receiver.co (servreg_hack_init)
contiki-z1.a(contiki-z1-plat)
                              obj_z1/contiki-z1-main.o (init_platform)
contiki-z1.a(msp430.o)        obj_z1/contiki-z1-main.o (splhigh_)
contiki-z1.a(leds.o)          obj_z1/contiki-z1-main.o (leds_init)
contiki-z1.a(watchdog.o)      obj_z1/contiki-z1-main.o (watchdog_start)
contiki-z1.a(xmem.o)          obj_z1/contiki-z1-main.o (xmem_init)
contiki-z1.a(spi.o)           contiki-z1.a(xmem.o) (spi_init)
contiki-z1.a(cc2420.o)        unicast-receiver.co (cc2420_last_rssi)
contiki-z1.a(cc2420-arch.o)   contiki-z1.a(cc2420.o) (cc2420_arch_init)
contiki-z1.a(node-id.o)       obj_z1/contiki-z1-main.o (node_id_restore)
contiki-z1.a(sensors.o)       contiki-z1.a(contiki-z1-plat) (sensors_process)
contiki-z1.a(button-sensor.o)
                              obj_z1/contiki-z1-main.o (button_sensor)
contiki-z1.a(uart0.o)         obj_z1/contiki-z1-main.o (uart0_active)
contiki-z1.a(uart0-putchar.o)
                              unicast-receiver.co (putchar)
contiki-z1.a(adxl345.o)       obj_z1/contiki-z1-main.o (accm_init)
contiki-z1.a(clock.o)         obj_z1/contiki-z1-main.o (clock_init)
contiki-z1.a(leds-arch.o)     contiki-z1.a(leds.o) (leds_arch_init)
contiki-z1.a(rtimer-arch.o)   obj_z1/contiki-z1-main.o (rtimer_arch_now)
contiki-z1.a(autostart.o)     obj_z1/contiki-z1-main.o (autostart_start)
contiki-z1.a(ctimer.o)        obj_z1/contiki-z1-main.o (ctimer_init)
contiki-z1.a(energest.o)      obj_z1/contiki-z1-main.o (energest_init)
contiki-z1.a(etimer.o)        contiki-z1.a(clock.o) (etimer_request_poll)
contiki-z1.a(process.o)       contiki-z1.a(servreg-hack.o) (process_current)
contiki-z1.a(rtimer.o)        obj_z1/contiki-z1-main.o (rtimer_init)
contiki-z1.a(timer.o)         contiki-z1.a(servreg-hack.o) (timer_set)
contiki-z1.a(list.o)          contiki-z1.a(servreg-hack.o) (list_init)
contiki-z1.a(memb.o)          contiki-z1.a(servreg-hack.o) (memb_init)
contiki-z1.a(random.o)        obj_z1/contiki-z1-main.o (random_init)
contiki-z1.a(uip-ds6.o)       unicast-receiver.co (uip_ds6_addr_lookup)
contiki-z1.a(uip-ds6-route.o)
                              contiki-z1.a(uip-ds6.o) (uip_ds6_route_init)
contiki-z1.a(uip6.o)          contiki-z1.a(servreg-hack.o) (uip_appdata)
contiki-z1.a(uip-ds6-nbr.o)   contiki-z1.a(uip-ds6.o) (uip_ds6_neighbors_init)
contiki-z1.a(uip-nd6.o)       contiki-z1.a(uip6.o) (uip_nd6_init)
contiki-z1.a(sicslowpan.o)    obj_z1/contiki-z1-main.o (sicslowpan_driver)
contiki-z1.a(uip-debug.o)     unicast-receiver.co (uip_debug_ipaddr_print)
contiki-z1.a(uip-udp-packet.)
                              contiki-z1.a(servreg-hack.o) (uip_udp_packet_send)
contiki-z1.a(tcpip.o)         contiki-z1.a(sicslowpan.o) (tcpip_set_outputfunc)
contiki-z1.a(simple-udp.o)    unicast-receiver.co (simple_udp_register)
contiki-z1.a(rpl-dag.o)       unicast-receiver.co (rpl_set_prefix)
contiki-z1.a(rpl-timers.o)    contiki-z1.a(rpl-dag.o) (rpl_reset_dio_timer)
contiki-z1.a(rpl-ext-header.)
                              contiki-z1.a(uip6.o) (rpl_verify_header)
contiki-z1.a(rpl.o)           contiki-z1.a(rpl-timers.o) (rpl_get_mode)
contiki-z1.a(rpl-mrhof.o)     contiki-z1.a(rpl-dag.o) (rpl_mrhof)
contiki-z1.a(queuebuf.o)      obj_z1/contiki-z1-main.o (queuebuf_init)
contiki-z1.a(nbr-table.o)     contiki-z1.a(uip-ds6-route.o) (nbr_table_register)
contiki-z1.a(packetbuf.o)     contiki-z1.a(queuebuf.o) (packetbuf_copyto)
contiki-z1.a(linkaddr.o)      obj_z1/contiki-z1-main.o (linkaddr_copy)
contiki-z1.a(framer-802154.o)
                              contiki-z1.a(sicslowpan.o) (framer_802154)
contiki-z1.a(frame802154.o)   contiki-z1.a(framer-802154.o) (frame802154_get_pan_id)
contiki-z1.a(csma.o)          obj_z1/contiki-z1-main.o (csma_driver)
contiki-z1.a(contikimac.o)    obj_z1/contiki-z1-main.o (contikimac_driver)
contiki-z1.a(nullsec.o)       contiki-z1.a(sicslowpan.o) (nullsec_driver)
contiki-z1.a(i2cmaster.o)     contiki-z1.a(adxl345.o) (i2c_receiveinit)
contiki-z1.a(stimer.o)        contiki-z1.a(uip-ds6.o) (stimer_set)
contiki-z1.a(uip-icmp6.o)     contiki-z1.a(uip6.o) (uip_icmp6_input)
contiki-z1.a(rpl-icmp6.o)     contiki-z1.a(rpl-timers.o) (dis_output)
contiki-z1.a(mac-sequence.o)  contiki-z1.a(contikimac.o) (mac_sequence_is_duplicate)
contiki-z1.a(mac.o)           contiki-z1.a(csma.o) (mac_call_sent_callback)
/opt/mspgcc-4.7.3/bin/../lib/gcc/msp430/4.7.3/mcpu-430x/mmpy-16/msr20/mc20/libgcc.a(_mulsi3.o)
                              contiki-z1.a(rpl-timers.o) (__mulsi3)
/opt/mspgcc-4.7.3/bin/../lib/gcc/msp430/4.7.3/mcpu-430x/mmpy-16/msr20/mc20/libgcc.a(_udivmod16.o)
                              contiki-z1.a(rpl-dag.o) (__udivhi3)
/opt/mspgcc-4.7.3/bin/../lib/gcc/msp430/4.7.3/mcpu-430x/mmpy-16/msr20/mc20/libgcc.a(_divmod16.o)
                              contiki-z1.a(sicslowpan.o) (__divhi3)
[...]
Memory Configuration

Name             Origin             Length             Attributes
sfr              0x0000000000000000 0x0000000000000010
peripheral_8bit  0x0000000000000010 0x00000000000000f0
peripheral_16bit 0x0000000000000100 0x0000000000000100
ram_mirror       0x0000000000000200 0x0000000000000800 xw
infomem          0x0000000000001000 0x0000000000000100
infod            0x0000000000001000 0x0000000000000040
infoc            0x0000000000001040 0x0000000000000040
infob            0x0000000000001080 0x0000000000000040
infoa            0x00000000000010c0 0x0000000000000040
ram              0x0000000000001100 0x0000000000002000 xw
rom              0x0000000000003100 0x000000000000cebe xr
vectors          0x000000000000ffc0 0x0000000000000040
far_rom          0x0000000000010000 0x000000000000a000
bsl              0x0000000000000000 0x0000000000000000
ram2             0x0000000000000000 0x0000000000000000 xw
usbram           0x0000000000000000 0x0000000000000000 xw
*default*        0x0000000000000000 0xffffffffffffffff

Linker script and memory map

LOAD /opt/mspgcc-4.7.3/bin/../lib/gcc/msp430/4.7.3/mcpu-430x/mmpy-16/msr20/mc20/crt0ivtbl32.o
                0x0000000000000041                __P1SEL2 = 0x41
                0x0000000000000045                __P5SEL2 = 0x45
LOAD unicast-receiver.co
LOAD obj_z1/contiki-z1-main.o
LOAD contiki-z1.a
LOAD /opt/mspgcc-4.7.3/bin/../lib/gcc/msp430/4.7.3/../../../../msp430/lib/mcpu-430x/mmpy-16/msr20/mc20/libm.a
LOAD /opt/mspgcc-4.7.3/bin/../lib/gcc/msp430/4.7.3/mcpu-430x/mmpy-16/msr20/mc20/libgcc.a
LOAD /opt/mspgcc-4.7.3/bin/../lib/gcc/msp430/4.7.3/../../../../msp430/lib/mcpu-430x/mmpy-16/msr20/mc20/libc.a
LOAD /opt/mspgcc-4.7.3/bin/../lib/gcc/msp430/4.7.3/mcpu-430x/mmpy-16/msr20/mc20/libgcc.a
LOAD /opt/mspgcc-4.7.3/bin/../lib/gcc/msp430/4.7.3/mcpu-430x/mmpy-16/msr20/mc20/libcrt0.a
                0x0000000000000040                PROVIDE (__info_segment_size, 0x40)
                0x0000000000001000                PROVIDE (__infod, 0x1000)
                0x0000000000001040                PROVIDE (__infoc, 0x1040)
                0x0000000000001080                PROVIDE (__infob, 0x1080)
                0x00000000000010c0                PROVIDE (__infoa, 0x10c0)
                0x0000000000000000                __IE1 = 0x0
                0x0000000000000002                __IFG1 = 0x2
                0x0000000000000001                __IE2 = 0x1
                0x0000000000000003                __IFG2 = 0x3
                0x0000000000000006                __UC1IE = 0x6
                0x0000000000000007                __UC1IFG = 0x7
                0x00000000000001a0                __ADC12CTL0 = 0x1a0
                0x00000000000001a2                __ADC12CTL1 = 0x1a2
                0x00000000000001a4                __ADC12IFG = 0x1a4
                0x00000000000001a6                __ADC12IE = 0x1a6
                0x00000000000001a8                __ADC12IV = 0x1a8
                0x0000000000000140                __ADC12MEM0 = 0x140
                0x0000000000000142                __ADC12MEM1 = 0x142
                0x0000000000000144                __ADC12MEM2 = 0x144
                0x0000000000000146                __ADC12MEM3 = 0x146
                0x0000000000000148                __ADC12MEM4 = 0x148
                0x000000000000014a                __ADC12MEM5 = 0x14a
                0x000000000000014c                __ADC12MEM6 = 0x14c
                0x000000000000014e                __ADC12MEM7 = 0x14e
                0x0000000000000150                __ADC12MEM8 = 0x150
                0x0000000000000152                __ADC12MEM9 = 0x152
                0x0000000000000154                __ADC12MEM10 = 0x154
                0x0000000000000156                __ADC12MEM11 = 0x156
                0x0000000000000158                __ADC12MEM12 = 0x158
                0x000000000000015a                __ADC12MEM13 = 0x15a
                0x000000000000015c                __ADC12MEM14 = 0x15c
                0x000000000000015e                __ADC12MEM15 = 0x15e
                0x0000000000000080                __ADC12MCTL0 = 0x80
                0x0000000000000081                __ADC12MCTL1 = 0x81
                0x0000000000000082                __ADC12MCTL2 = 0x82
                0x0000000000000083                __ADC12MCTL3 = 0x83
                0x0000000000000084                __ADC12MCTL4 = 0x84
                0x0000000000000085                __ADC12MCTL5 = 0x85
                0x0000000000000086                __ADC12MCTL6 = 0x86
                0x0000000000000087                __ADC12MCTL7 = 0x87
                0x0000000000000088                __ADC12MCTL8 = 0x88
                0x0000000000000089                __ADC12MCTL9 = 0x89
                0x000000000000008a                __ADC12MCTL10 = 0x8a
                0x000000000000008b                __ADC12MCTL11 = 0x8b
                0x000000000000008c                __ADC12MCTL12 = 0x8c
                0x000000000000008d                __ADC12MCTL13 = 0x8d
                0x000000000000008e                __ADC12MCTL14 = 0x8e
                0x000000000000008f                __ADC12MCTL15 = 0x8f
                0x0000000000000056                __DCOCTL = 0x56
                0x0000000000000057                __BCSCTL1 = 0x57
                0x0000000000000058                __BCSCTL2 = 0x58
                0x0000000000000053                __BCSCTL3 = 0x53
                0x0000000000000059                __CACTL1 = 0x59
                0x000000000000005a                __CACTL2 = 0x5a
                0x000000000000005b                __CAPD = 0x5b
                0x00000000000001c0                __DAC12_0CTL = 0x1c0
                0x00000000000001c2                __DAC12_1CTL = 0x1c2
                0x00000000000001c8                __DAC12_0DAT = 0x1c8
                0x00000000000001ca                __DAC12_1DAT = 0x1ca
                0x0000000000000122                __DMACTL0 = 0x122
                0x0000000000000124                __DMACTL1 = 0x124
                0x0000000000000126                __DMAIV = 0x126
                0x00000000000001d0                __DMA0CTL = 0x1d0
                0x00000000000001dc                __DMA1CTL = 0x1dc
                0x00000000000001e8                __DMA2CTL = 0x1e8
                0x00000000000001d2                __DMA0SA = 0x1d2
                0x00000000000001d2                __DMA0SAL = 0x1d2
                0x00000000000001d6                __DMA0DA = 0x1d6
                0x00000000000001d6                __DMA0DAL = 0x1d6
                0x00000000000001da                __DMA0SZ = 0x1da
                0x00000000000001de                __DMA1SA = 0x1de
                0x00000000000001de                __DMA1SAL = 0x1de
                0x00000000000001e2                __DMA1DA = 0x1e2
                0x00000000000001e2                __DMA1DAL = 0x1e2
                0x00000000000001e6                __DMA1SZ = 0x1e6
                0x00000000000001ea                __DMA2SA = 0x1ea
                0x00000000000001ea                __DMA2SAL = 0x1ea
                0x00000000000001ee                __DMA2DA = 0x1ee
                0x00000000000001ee                __DMA2DAL = 0x1ee
                0x00000000000001f2                __DMA2SZ = 0x1f2
                0x0000000000000128                __FCTL1 = 0x128
                0x000000000000012a                __FCTL2 = 0x12a
                0x000000000000012c                __FCTL3 = 0x12c
                0x00000000000001be                __FCTL4 = 0x1be
                0x0000000000000130                __MPY = 0x130
                0x0000000000000132                __MPYS = 0x132
                0x0000000000000134                __MAC = 0x134
                0x0000000000000136                __MACS = 0x136
                0x0000000000000138                __OP2 = 0x138
                0x000000000000013a                __RESLO = 0x13a
                0x000000000000013c                __RESHI = 0x13c
                0x000000000000013e                __SUMEXT = 0x13e
                0x0000000000000020                __P1IN = 0x20
                0x0000000000000021                __P1OUT = 0x21
                0x0000000000000022                __P1DIR = 0x22
                0x0000000000000023                __P1IFG = 0x23
                0x0000000000000024                __P1IES = 0x24
                0x0000000000000025                __P1IE = 0x25
                0x0000000000000026                __P1SEL = 0x26
                0x0000000000000027                __P1REN = 0x27
                0x0000000000000028                __P2IN = 0x28
                0x0000000000000029                __P2OUT = 0x29
                0x000000000000002a                __P2DIR = 0x2a
                0x000000000000002b                __P2IFG = 0x2b
                0x000000000000002c                __P2IES = 0x2c
                0x000000000000002d                __P2IE = 0x2d
                0x000000000000002e                __P2SEL = 0x2e
                0x000000000000002f                __P2REN = 0x2f
                0x0000000000000018                __P3IN = 0x18
                0x0000000000000019                __P3OUT = 0x19
                0x000000000000001a                __P3DIR = 0x1a
                0x000000000000001b                __P3SEL = 0x1b
                0x0000000000000010                __P3REN = 0x10
                0x000000000000001c                __P4IN = 0x1c
                0x000000000000001d                __P4OUT = 0x1d
                0x000000000000001e                __P4DIR = 0x1e
                0x000000000000001f                __P4SEL = 0x1f
                0x0000000000000011                __P4REN = 0x11
                0x0000000000000030                __P5IN = 0x30
                0x0000000000000031                __P5OUT = 0x31
                0x0000000000000032                __P5DIR = 0x32
                0x0000000000000033                __P5SEL = 0x33
                0x0000000000000012                __P5REN = 0x12
                0x0000000000000034                __P6IN = 0x34
                0x0000000000000035                __P6OUT = 0x35
                0x0000000000000036                __P6DIR = 0x36
                0x0000000000000037                __P6SEL = 0x37
                0x0000000000000013                __P6REN = 0x13
                0x0000000000000038                __P7IN = 0x38
                0x000000000000003a                __P7OUT = 0x3a
                0x000000000000003c                __P7DIR = 0x3c
                0x000000000000003e                __P7SEL = 0x3e
                0x0000000000000014                __P7REN = 0x14
                0x0000000000000039                __P8IN = 0x39
                0x000000000000003b                __P8OUT = 0x3b
                0x000000000000003d                __P8DIR = 0x3d
                0x000000000000003f                __P8SEL = 0x3f
                0x0000000000000015                __P8REN = 0x15
                0x0000000000000038                __PAIN = 0x38
                0x000000000000003a                __PAOUT = 0x3a
                0x000000000000003c                __PADIR = 0x3c
                0x000000000000003e                __PASEL = 0x3e
                0x0000000000000014                __PAREN = 0x14
                0x0000000000000055                __SVSCTL = 0x55
                0x000000000000012e                __TAIV = 0x12e
                0x0000000000000160                __TACTL = 0x160
                0x0000000000000162                __TACCTL0 = 0x162
                0x0000000000000164                __TACCTL1 = 0x164
                0x0000000000000166                __TACCTL2 = 0x166
                0x0000000000000170                __TAR = 0x170
                0x0000000000000172                __TACCR0 = 0x172
                0x0000000000000174                __TACCR1 = 0x174
                0x0000000000000176                __TACCR2 = 0x176
                0x000000000000011e                __TBIV = 0x11e
                0x0000000000000180                __TBCTL = 0x180
                0x0000000000000182                __TBCCTL0 = 0x182
                0x0000000000000184                __TBCCTL1 = 0x184
                0x0000000000000186                __TBCCTL2 = 0x186
                0x0000000000000188                __TBCCTL3 = 0x188
                0x000000000000018a                __TBCCTL4 = 0x18a
                0x000000000000018c                __TBCCTL5 = 0x18c
                0x000000000000018e                __TBCCTL6 = 0x18e
                0x0000000000000190                __TBR = 0x190
                0x0000000000000192                __TBCCR0 = 0x192
                0x0000000000000194                __TBCCR1 = 0x194
                0x0000000000000196                __TBCCR2 = 0x196
                0x0000000000000198                __TBCCR3 = 0x198
                0x000000000000019a                __TBCCR4 = 0x19a
                0x000000000000019c                __TBCCR5 = 0x19c
                0x000000000000019e                __TBCCR6 = 0x19e
                0x0000000000000060                __UCA0CTL0 = 0x60
                0x0000000000000061                __UCA0CTL1 = 0x61
                0x0000000000000062                __UCA0BR0 = 0x62
                0x0000000000000063                __UCA0BR1 = 0x63
                0x0000000000000064                __UCA0MCTL = 0x64
                0x0000000000000065                __UCA0STAT = 0x65
                0x0000000000000066                __UCA0RXBUF = 0x66
                0x0000000000000067                __UCA0TXBUF = 0x67
                0x000000000000005d                __UCA0ABCTL = 0x5d
                0x000000000000005e                __UCA0IRTCTL = 0x5e
                0x000000000000005f                __UCA0IRRCTL = 0x5f
                0x0000000000000068                __UCB0CTL0 = 0x68
                0x0000000000000069                __UCB0CTL1 = 0x69
                0x000000000000006a                __UCB0BR0 = 0x6a
                0x000000000000006b                __UCB0BR1 = 0x6b
                0x000000000000006c                __UCB0I2CIE = 0x6c
                0x000000000000006d                __UCB0STAT = 0x6d
                0x000000000000006e                __UCB0RXBUF = 0x6e
                0x000000000000006f                __UCB0TXBUF = 0x6f
                0x0000000000000118                __UCB0I2COA = 0x118
                0x000000000000011a                __UCB0I2CSA = 0x11a
                0x00000000000000d0                __UCA1CTL0 = 0xd0
                0x00000000000000d1                __UCA1CTL1 = 0xd1
                0x00000000000000d2                __UCA1BR0 = 0xd2
                0x00000000000000d3                __UCA1BR1 = 0xd3
                0x00000000000000d4                __UCA1MCTL = 0xd4
                0x00000000000000d5                __UCA1STAT = 0xd5
                0x00000000000000d6                __UCA1RXBUF = 0xd6
                0x00000000000000d7                __UCA1TXBUF = 0xd7
                0x00000000000000cd                __UCA1ABCTL = 0xcd
                0x00000000000000ce                __UCA1IRTCTL = 0xce
                0x00000000000000cf                __UCA1IRRCTL = 0xcf
                0x00000000000000d8                __UCB1CTL0 = 0xd8
                0x00000000000000d9                __UCB1CTL1 = 0xd9
                0x00000000000000da                __UCB1BR0 = 0xda
                0x00000000000000db                __UCB1BR1 = 0xdb
                0x00000000000000dc                __UCB1I2CIE = 0xdc
                0x00000000000000dd                __UCB1STAT = 0xdd
                0x00000000000000de                __UCB1RXBUF = 0xde
                0x00000000000000df                __UCB1TXBUF = 0xdf
                0x000000000000017c                __UCB1I2COA = 0x17c
                0x000000000000017e                __UCB1I2CSA = 0x17e
                0x0000000000000120                __WDTCTL = 0x120
                0x00000000000010c0                __TLV_CHECKSUM = 0x10c0
                0x00000000000010f6                __TLV_DCO_30_TAG = 0x10f6
                0x00000000000010f7                __TLV_DCO_30_LEN = 0x10f7
                0x00000000000010da                __TLV_ADC12_1_TAG = 0x10da
                0x00000000000010db                __TLV_ADC12_1_LEN = 0x10db
                0x00000000000010f8                __CALDCO_16MHZ = 0x10f8
                0x00000000000010f9                __CALBC1_16MHZ = 0x10f9
                0x00000000000010fa                __CALDCO_12MHZ = 0x10fa
                0x00000000000010fb                __CALBC1_12MHZ = 0x10fb
                0x00000000000010fc                __CALDCO_8MHZ = 0x10fc
                0x00000000000010fd                __CALBC1_8MHZ = 0x10fd
                0x00000000000010fe                __CALDCO_1MHZ = 0x10fe
                0x00000000000010ff                __CALBC1_1MHZ = 0x10ff

.hash
 *(.hash)

.dynsym
 *(.dynsym)

.dynstr
 *(.dynstr)

.gnu.version
 *(.gnu.version)

.gnu.version_d
 *(.gnu.version_d)

.gnu.version_r
 *(.gnu.version_r)

.rel.init
 *(.rel.init)

.rela.init
 *(.rela.init)

.rel.fini
 *(.rel.fini)

.rela.fini
 *(.rela.fini)

.rel.text
 *(.rel.text .rel.text.* .rel.gnu.linkonce.t.*)

.rela.text
 *(.rela.text .rela.text.* .rela.gnu.linkonce.t.*)

.rel.rodata
 *(.rel.rodata .rel.rodata.* .rel.gnu.linkonce.r.*)

.rela.rodata
 *(.rela.rodata .rela.rodata.* .rela.gnu.linkonce.r.*)

.rel.data
 *(.rel.data .rel.data.* .rel.gnu.linkonce.d.*)

.rela.data
 *(.rela.data .rela.data.* .rela.gnu.linkonce.d.*)

.rel.bss
 *(.rel.bss .rel.bss.* .rel.gnu.linkonce.b.*)

.rela.bss
 *(.rela.bss .rela.bss.* .rela.gnu.linkonce.b.*)

.rel.ctors
 *(.rel.ctors)

.rela.ctors
 *(.rela.ctors)

.rel.dtors
 *(.rel.dtors)

.rela.dtors
 *(.rela.dtors)

.rel.got
 *(.rel.got)

.rela.got
 *(.rela.got)

.rel.plt
 *(.rel.plt)

.rela.plt
 *(.rela.plt)

.text           0x0000000000003100     0xa682
                0x0000000000003100                . = ALIGN (0x2)
 *(.init .init.*)
 *(.init0)
 .init0         0x0000000000003100        0x0 /opt/mspgcc-4.7.3/bin/../lib/gcc/msp430/4.7.3/mcpu-430x/mmpy-16/msr20/mc20/libcrt0.a(_reset_vector__.o)
                0x0000000000003100                _reset_vector__
 *(.init1)
 .init1         0x0000000000003100        0xc /opt/mspgcc-4.7.3/bin/../lib/gcc/msp430/4.7.3/mcpu-430x/mmpy-16/msr20/mc20/libcrt0.a(__watchdog_support.o)
                0x0000000000003100                __watchdog_support
 *(.init2)
 .init2         0x000000000000310c        0x4 /opt/mspgcc-4.7.3/bin/../lib/gcc/msp430/4.7.3/mcpu-430x/mmpy-16/msr20/mc20/libcrt0.a(__init_stack.o)
                0x000000000000310c                __init_stack
 *(.init3)
 .init3         0x0000000000003110        0x0 /opt/mspgcc-4.7.3/bin/../lib/gcc/msp430/4.7.3/mcpu-430x/mmpy-16/msr20/mc20/libcrt0.a(__low_level_init.o)
                0x0000000000003110                __low_level_init
 *(.init4)
 .init4         0x0000000000003110       0x18 /opt/mspgcc-4.7.3/bin/../lib/gcc/msp430/4.7.3/mcpu-430x/mmpy-16/msr20/mc20/libcrt0.a(_copy_data.o)
                0x0000000000003110                __do_copy_data
 .init4         0x0000000000003128       0x16 /opt/mspgcc-4.7.3/bin/../lib/gcc/msp430/4.7.3/mcpu-430x/mmpy-16/msr20/mc20/libcrt0.a(_clear_bss.o)
                0x0000000000003128                __do_clear_bss
 *(.init5)
 *(.init6)
 *(.init7)
 *(.init8)
 *(.init9)
 .init9         0x000000000000313e      0x364 obj_z1/contiki-z1-main.o
                0x000000000000313e                main
 *(.fini9)
 .fini9         0x00000000000034a2        0x0 /opt/mspgcc-4.7.3/bin/../lib/gcc/msp430/4.7.3/mcpu-430x/mmpy-16/msr20/mc20/libcrt0.a(__stop_progExec__.o)
                0x00000000000034a2                __stop_progExec__
 *(.fini8)
 *(.fini7)
 *(.fini6)
 *(.fini5)
 *(.fini4)
 *(.fini3)
 *(.fini2)
 *(.fini1)
 *(.fini0)
 .fini0         0x00000000000034a2        0x6 /opt/mspgcc-4.7.3/bin/../lib/gcc/msp430/4.7.3/mcpu-430x/mmpy-16/msr20/mc20/libcrt0.a(_endless_loop__.o)
                0x00000000000034a2                _endless_loop__
 *(.fini .fini.*)
                0x00000000000034a8                . = ALIGN (0x2)
                0x00000000000034a8                __ctors_start = .
 *(.ctors)
                0x00000000000034a8                __ctors_end = .
                0x00000000000034a8                __dtors_start = .
 *(.dtors)
                0x00000000000034a8                __dtors_end = .
                0x00000000000034a8                . = ALIGN (0x2)
 *(.text .text.* .gnu.linkonce.t.*)
 .text          0x00000000000034a8        0x4 /opt/mspgcc-4.7.3/bin/../lib/gcc/msp430/4.7.3/mcpu-430x/mmpy-16/msr20/mc20/crt0ivtbl32.o
                0x00000000000034a8                __isr_14
                0x00000000000034a8                __isr_4
                0x00000000000034a8                __isr_29
                0x00000000000034a8                __isr_11
                0x00000000000034a8                __isr_5
                0x00000000000034a8                __isr_2
                0x00000000000034a8                __isr_10
                0x00000000000034a8                __isr_7
                0x00000000000034a8                __isr_0
                0x00000000000034a8                __isr_28
                0x00000000000034a8                __isr_8
                0x00000000000034a8                __isr_20
                0x00000000000034a8                __isr_3
                0x00000000000034a8                __isr_12
                0x00000000000034a8                __isr_13
                0x00000000000034a8                __isr_27
                0x00000000000034a8                __isr_9
                0x00000000000034a8                __isr_30
                0x00000000000034a8                __isr_6
                0x00000000000034a8                __isr_22
                0x00000000000034a8                __isr_1
                0x00000000000034a8                __isr_15
                0x00000000000034a8                __isr_21
 .text.libgcc   0x00000000000034ac       0x26 /opt/mspgcc-4.7.3/bin/../lib/gcc/msp430/4.7.3/mcpu-430x/mmpy-16/msr20/mc20/libgcc.a(_mulsi3.o)
                0x00000000000034ac                __mulsi3
 .text.libgcc   0x00000000000034d2       0x22 /opt/mspgcc-4.7.3/bin/../lib/gcc/msp430/4.7.3/mcpu-430x/mmpy-16/msr20/mc20/libgcc.a(_udivmod16.o)
                0x00000000000034d2                __udivhi3
                0x00000000000034d2                __ext_udivmod16
                0x00000000000034ec                __umodhi3
 .text.libgcc   0x00000000000034f4       0x3a /opt/mspgcc-4.7.3/bin/../lib/gcc/msp430/4.7.3/mcpu-430x/mmpy-16/msr20/mc20/libgcc.a(_divmod16.o)
                0x00000000000034f4                __ext_divmod16
                0x00000000000034f4                __divhi3
                0x0000000000003526                __modhi3
 .text.libgcc   0x000000000000352e       0x38 /opt/mspgcc-4.7.3/bin/../lib/gcc/msp430/4.7.3/mcpu-430x/mmpy-16/msr20/mc20/libgcc.a(_udivmod32.o)
                0x000000000000352e                __udivsi3
                0x000000000000352e                __ext_udivmod32
                0x000000000000355c                __umodsi3
 .text.libgcc   0x0000000000003566       0xbc /opt/mspgcc-4.7.3/bin/../lib/gcc/msp430/4.7.3/mcpu-430x/mmpy-16/msr20/mc20/libgcc.a(_udivmod64.o)
                0x0000000000003566                __xabi_udivmod64
                0x00000000000035b8                __udivdi3
                0x00000000000035d2                __umoddi3
                0x00000000000035f4                __udivmoddi4
 .text.crt0     0x0000000000003622        0x2 /opt/mspgcc-4.7.3/bin/../lib/gcc/msp430/4.7.3/mcpu-430x/mmpy-16/msr20/mc20/libcrt0.a(_unexpected_.o)
                0x0000000000003622                _unexpected_
 *(.near.text .near.text.*)
 .near.text.watchdog_interrupt
                0x0000000000003624        0x6 contiki-z1.a(watchdog.o)
                0x0000000000003624                __isr_26
                0x0000000000003624                watchdog_interrupt
 .near.text.irq_p2
                0x000000000000362a       0x76 contiki-z1.a(button-sensor.o)
                0x000000000000362a                irq_p2
                0x000000000000362a                __isr_19
 .near.text.uart0_rx_interrupt
                0x00000000000036a0       0x64 contiki-z1.a(uart0.o)
                0x00000000000036a0                __isr_23
                0x00000000000036a0                uart0_rx_interrupt
 .near.text.port1_isr
                0x0000000000003704       0xbe contiki-z1.a(adxl345.o)
                0x0000000000003704                port1_isr
                0x0000000000003704                __isr_18
 .near.text.timera1
                0x00000000000037c2      0x10a contiki-z1.a(clock.o)
                0x00000000000037c2                __isr_24
                0x00000000000037c2                timera1
 .near.text.timera0
                0x00000000000038cc       0x5c contiki-z1.a(rtimer-arch.o)
                0x00000000000038cc                __isr_25
                0x00000000000038cc                timera0
 .near.text.i2c_tx_interrupt
                0x0000000000003928       0x84 contiki-z1.a(i2cmaster.o)
                0x0000000000003928                __isr_16
                0x0000000000003928                i2c_tx_interrupt
 .near.text.i2c_rx_interrupt
                0x00000000000039ac       0x14 contiki-z1.a(i2cmaster.o)
                0x00000000000039ac                i2c_rx_interrupt
                0x00000000000039ac                __isr_17
 .any.text.receiver
                0x00000000000039c0       0x32 unicast-receiver.co
 .any.text.process_thread_unicast_receiver_process
                0x00000000000039f2      0x128 unicast-receiver.co
 .any.text.purge_registrations
                0x0000000000003b1a       0x7a contiki-z1.a(servreg-hack.o)
 .any.text.servreg_hack_init
                0x0000000000003b94       0x2e contiki-z1.a(servreg-hack.o)
                0x0000000000003b94                servreg_hack_init
 .any.text.servreg_hack_register
                0x0000000000003bc2       0x92 contiki-z1.a(servreg-hack.o)
                0x0000000000003bc2                servreg_hack_register
 .any.text.servreg_hack_list_head
                0x0000000000003c54        0xe contiki-z1.a(servreg-hack.o)
                0x0000000000003c54                servreg_hack_list_head
 .any.text.process_thread_servreg_hack_process
                0x0000000000003c62      0x216 contiki-z1.a(servreg-hack.o)
 .any.text.init_platform
                0x0000000000003e78        0xc contiki-z1.a(contiki-z1-plat)
                0x0000000000003e78                init_platform
 .any.text.msp430_init_dco
                0x0000000000003e84       0x28 contiki-z1.a(msp430.o)
                0x0000000000003e84                msp430_init_dco
 .any.text.splhigh_
                0x0000000000003eac        0x8 contiki-z1.a(msp430.o)
                0x0000000000003eac                splhigh_
 .any.text.msp430_sync_dco
                0x0000000000003eb4       0x6e contiki-z1.a(msp430.o)
                0x0000000000003eb4                msp430_sync_dco
 .any.text.msp430_cpu_init
                0x0000000000003f22       0x2e contiki-z1.a(msp430.o)
                0x0000000000003f22                msp430_cpu_init
 .any.text.show_leds
                0x0000000000003f50       0xe8 contiki-z1.a(leds.o)
 .any.text.leds_init
                0x0000000000004038        0xa contiki-z1.a(leds.o)
                0x0000000000004038                leds_init
 .any.text.leds_on
                0x0000000000004042        0xa contiki-z1.a(leds.o)
                0x0000000000004042                leds_on
 .any.text.leds_off
                0x000000000000404c        0xe contiki-z1.a(leds.o)
                0x000000000000404c                leds_off
 .any.text.watchdog_start
                0x000000000000405a       0x14 contiki-z1.a(watchdog.o)
                0x000000000000405a                watchdog_start
 .any.text.watchdog_periodic
                0x000000000000406e       0x12 contiki-z1.a(watchdog.o)
                0x000000000000406e                watchdog_periodic
 .any.text.watchdog_stop
                0x0000000000004080       0x16 contiki-z1.a(watchdog.o)
                0x0000000000004080                watchdog_stop
 .any.text.watchdog_init
                0x0000000000004096       0x12 contiki-z1.a(watchdog.o)
                0x0000000000004096                watchdog_init
 .any.text.wait_ready
                0x00000000000040a8       0x46 contiki-z1.a(xmem.o)
 .any.text.xmem_init
                0x00000000000040ee       0x1e contiki-z1.a(xmem.o)
                0x00000000000040ee                xmem_init
 .any.text.xmem_pread
                0x000000000000410c       0xc0 contiki-z1.a(xmem.o)
                0x000000000000410c                xmem_pread
 .any.text.spi_init
                0x00000000000041cc       0x32 contiki-z1.a(spi.o)
                0x00000000000041cc                spi_init
 .any.text.get_object
                0x00000000000041fe        0x4 contiki-z1.a(cc2420.o)
 .any.text.set_object
                0x0000000000004202        0x4 contiki-z1.a(cc2420.o)
 .any.text.strobe
                0x0000000000004206       0x1a contiki-z1.a(cc2420.o)
 .any.text.getreg
                0x0000000000004220       0x46 contiki-z1.a(cc2420.o)
 .any.text.setreg
                0x0000000000004266       0x44 contiki-z1.a(cc2420.o)
 .any.text.write_ram
                0x00000000000042aa       0x72 contiki-z1.a(cc2420.o)
 .any.text.write_fifo_buf
                0x000000000000431c       0x38 contiki-z1.a(cc2420.o)
 .any.text.get_status
                0x0000000000004354       0x1e contiki-z1.a(cc2420.o)
 .any.text.set_txpower
                0x0000000000004372       0x24 contiki-z1.a(cc2420.o)
 .any.text.cc2420_receiving_packet
                0x0000000000004396        0xa contiki-z1.a(cc2420.o)
 .any.text.pending_packet
                0x00000000000043a0        0xa contiki-z1.a(cc2420.o)
 .any.text.on   0x00000000000043aa       0x26 contiki-z1.a(cc2420.o)
 .any.text.wait_for_transmission
                0x00000000000043d0       0x22 contiki-z1.a(cc2420.o)
 .any.text.wait_for_status
                0x00000000000043f2       0x24 contiki-z1.a(cc2420.o)
 .any.text.getrxdata
                0x0000000000004416       0x4c contiki-z1.a(cc2420.o)
 .any.text.flushrx
                0x0000000000004462       0x1a contiki-z1.a(cc2420.o)
 .any.text.off  0x000000000000447c       0x5a contiki-z1.a(cc2420.o)
 .any.text.RELEASE_LOCK
                0x00000000000044d6       0x28 contiki-z1.a(cc2420.o)
 .any.text.set_frame_filtering
                0x00000000000044fe       0x30 contiki-z1.a(cc2420.o)
 .any.text.set_auto_ack
                0x000000000000452e       0x30 contiki-z1.a(cc2420.o)
 .any.text.set_poll_mode
                0x000000000000455e       0x2c contiki-z1.a(cc2420.o)
 .any.text.cc2420_prepare
                0x000000000000458a       0x38 contiki-z1.a(cc2420.o)
 .any.text.cc2420_on
                0x00000000000045c2       0x22 contiki-z1.a(cc2420.o)
                0x00000000000045c2                cc2420_on
 .any.text.cc2420_off
                0x00000000000045e4       0x30 contiki-z1.a(cc2420.o)
                0x00000000000045e4                cc2420_off
 .any.text.cc2420_cca
                0x0000000000004614       0x54 contiki-z1.a(cc2420.o)
 .any.text.cc2420_read
                0x0000000000004668       0xb8 contiki-z1.a(cc2420.o)
 .any.text.process_thread_cc2420_process
                0x0000000000004720       0x5c contiki-z1.a(cc2420.o)
 .any.text.cc2420_set_channel
                0x000000000000477c       0x3a contiki-z1.a(cc2420.o)
                0x000000000000477c                cc2420_set_channel
 .any.text.cc2420_set_pan_addr
                0x00000000000047b6       0x4c contiki-z1.a(cc2420.o)
                0x00000000000047b6                cc2420_set_pan_addr
 .any.text.cc2420_interrupt
                0x0000000000004802       0x16 contiki-z1.a(cc2420.o)
                0x0000000000004802                cc2420_interrupt
 .any.text.cc2420_set_txpower
                0x0000000000004818        0xe contiki-z1.a(cc2420.o)
                0x0000000000004818                cc2420_set_txpower
 .any.text.cc2420_get_txpower
                0x0000000000004826       0x1e contiki-z1.a(cc2420.o)
                0x0000000000004826                cc2420_get_txpower
 .any.text.cc2420_transmit
                0x0000000000004844      0x10e contiki-z1.a(cc2420.o)
 .any.text.cc2420_send
                0x0000000000004952       0x12 contiki-z1.a(cc2420.o)
 .any.text.cc2420_rssi
                0x0000000000004964       0x48 contiki-z1.a(cc2420.o)
                0x0000000000004964                cc2420_rssi
 .any.text.get_value
                0x00000000000049ac      0x104 contiki-z1.a(cc2420.o)
 .any.text.cc2420_set_cca_threshold
                0x0000000000004ab0       0x16 contiki-z1.a(cc2420.o)
                0x0000000000004ab0                cc2420_set_cca_threshold
 .any.text.set_value
                0x0000000000004ac6       0xb2 contiki-z1.a(cc2420.o)
 .any.text.cc2420_init
                0x0000000000004b78       0xea contiki-z1.a(cc2420.o)
                0x0000000000004b78                cc2420_init
 .any.text.cc2420_arch_init
                0x0000000000004c62       0x1a contiki-z1.a(cc2420-arch.o)
                0x0000000000004c62                cc2420_arch_init
 .any.text.node_id_restore
                0x0000000000004c7c       0x4c contiki-z1.a(node-id.o)
                0x0000000000004c7c                node_id_restore
 .any.text.process_thread_sensors_process
                0x0000000000004cc8       0xc2 contiki-z1.a(sensors.o)
 .any.text.sensors_changed
                0x0000000000004d8a       0x2a contiki-z1.a(sensors.o)
                0x0000000000004d8a                sensors_changed
 .any.text.status
                0x0000000000004db4       0x18 contiki-z1.a(button-sensor.o)
 .any.text.value
                0x0000000000004dcc       0x20 contiki-z1.a(button-sensor.o)
 .any.text.configure
                0x0000000000004dec       0x4e contiki-z1.a(button-sensor.o)
 .any.text.uart0_active
                0x0000000000004e3a        0xe contiki-z1.a(uart0.o)
                0x0000000000004e3a                uart0_active
 .any.text.uart0_writeb
                0x0000000000004e48       0x16 contiki-z1.a(uart0.o)
                0x0000000000004e48                uart0_writeb
 .any.text.uart0_init
                0x0000000000004e5e       0x40 contiki-z1.a(uart0.o)
                0x0000000000004e5e                uart0_init
 .any.text.putchar
                0x0000000000004e9e       0x10 contiki-z1.a(uart0-putchar.o)
                0x0000000000004e9e                putchar
 .any.text.accm_write_reg
                0x0000000000004eae       0x2e contiki-z1.a(adxl345.o)
                0x0000000000004eae                accm_write_reg
 .any.text.accm_write_stream
                0x0000000000004edc       0x2a contiki-z1.a(adxl345.o)
                0x0000000000004edc                accm_write_stream
 .any.text.accm_read_reg
                0x0000000000004f06       0x54 contiki-z1.a(adxl345.o)
                0x0000000000004f06                accm_read_reg
 .any.text.process_thread_accmeter_process
                0x0000000000004f5a       0x56 contiki-z1.a(adxl345.o)
 .any.text.accm_init
                0x0000000000004fb0       0x8c contiki-z1.a(adxl345.o)
                0x0000000000004fb0                accm_init
 .any.text.clock_time
                0x000000000000503c       0x1a contiki-z1.a(clock.o)
                0x000000000000503c                clock_time
 .any.text.clock_init
                0x0000000000005056       0x28 contiki-z1.a(clock.o)
                0x0000000000005056                clock_init
 .any.text.clock_delay
                0x000000000000507e        0xc contiki-z1.a(clock.o)
                0x000000000000507e                clock_delay
 .any.text.clock_wait
                0x000000000000508a       0x24 contiki-z1.a(clock.o)
                0x000000000000508a                clock_wait
 .any.text.clock_seconds
                0x00000000000050ae       0x1a contiki-z1.a(clock.o)
                0x00000000000050ae                clock_seconds
 .any.text.leds_arch_init
                0x00000000000050c8        0xe contiki-z1.a(leds-arch.o)
                0x00000000000050c8                leds_arch_init
 .any.text.leds_arch_set
                0x00000000000050d6       0x38 contiki-z1.a(leds-arch.o)
                0x00000000000050d6                leds_arch_set
 .any.text.rtimer_arch_init
                0x000000000000510e        0xe contiki-z1.a(rtimer-arch.o)
                0x000000000000510e                rtimer_arch_init
 .any.text.rtimer_arch_now
                0x000000000000511c        0xe contiki-z1.a(rtimer-arch.o)
                0x000000000000511c                rtimer_arch_now
 .any.text.rtimer_arch_schedule
                0x000000000000512a        0x6 contiki-z1.a(rtimer-arch.o)
                0x000000000000512a                rtimer_arch_schedule
 .any.text.autostart_start
                0x0000000000005130       0x16 contiki-z1.a(autostart.o)
                0x0000000000005130                autostart_start
 .any.text.process_thread_ctimer_process
                0x0000000000005146       0xa0 contiki-z1.a(ctimer.o)
 .any.text.ctimer_init
                0x00000000000051e6       0x18 contiki-z1.a(ctimer.o)
                0x00000000000051e6                ctimer_init
 .any.text.ctimer_set_with_process
                0x00000000000051fe       0x4a contiki-z1.a(ctimer.o)
                0x00000000000051fe                ctimer_set_with_process
 .any.text.ctimer_set
                0x0000000000005248       0x10 contiki-z1.a(ctimer.o)
                0x0000000000005248                ctimer_set
 .any.text.ctimer_reset
                0x0000000000005258       0x2c contiki-z1.a(ctimer.o)
                0x0000000000005258                ctimer_reset
 .any.text.ctimer_stop
                0x0000000000005284       0x28 contiki-z1.a(ctimer.o)
                0x0000000000005284                ctimer_stop
 .any.text.energest_init
                0x00000000000052ac       0x24 contiki-z1.a(energest.o)
                0x00000000000052ac                energest_init
 .any.text.energest_type_time
                0x00000000000052d0       0x3c contiki-z1.a(energest.o)
                0x00000000000052d0                energest_type_time
 .any.text.energest_type_set
                0x000000000000530c        0xc contiki-z1.a(energest.o)
                0x000000000000530c                energest_type_set
 .any.text.energest_flush
                0x0000000000005318       0x38 contiki-z1.a(energest.o)
                0x0000000000005318                energest_flush
 .any.text.update_time
                0x0000000000005350       0x70 contiki-z1.a(etimer.o)
 .any.text.etimer_request_poll
                0x00000000000053c0        0xa contiki-z1.a(etimer.o)
                0x00000000000053c0                etimer_request_poll
 .any.text.process_thread_etimer_process
                0x00000000000053ca       0xc4 contiki-z1.a(etimer.o)
 .any.text.add_timer
                0x000000000000548e       0x40 contiki-z1.a(etimer.o)
 .any.text.etimer_set
                0x00000000000054ce       0x12 contiki-z1.a(etimer.o)
                0x00000000000054ce                etimer_set
 .any.text.etimer_reset
                0x00000000000054e0       0x12 contiki-z1.a(etimer.o)
                0x00000000000054e0                etimer_reset
 .any.text.etimer_restart
                0x00000000000054f2       0x12 contiki-z1.a(etimer.o)
                0x00000000000054f2                etimer_restart
 .any.text.etimer_expired
                0x0000000000005504        0xe contiki-z1.a(etimer.o)
                0x0000000000005504                etimer_expired
 .any.text.etimer_expiration_time
                0x0000000000005512       0x14 contiki-z1.a(etimer.o)
                0x0000000000005512                etimer_expiration_time
 .any.text.etimer_pending
                0x0000000000005526        0xc contiki-z1.a(etimer.o)
                0x0000000000005526                etimer_pending
 .any.text.etimer_next_expiration_time
                0x0000000000005532       0x16 contiki-z1.a(etimer.o)
                0x0000000000005532                etimer_next_expiration_time
 .any.text.etimer_stop
                0x0000000000005548       0x3e contiki-z1.a(etimer.o)
                0x0000000000005548                etimer_stop
 .any.text.call_process
                0x0000000000005586       0x40 contiki-z1.a(process.o)
 .any.text.exit_process
                0x00000000000055c6       0x88 contiki-z1.a(process.o)
 .any.text.do_poll
                0x000000000000564e       0x30 contiki-z1.a(process.o)
 .any.text.process_alloc_event
                0x000000000000567e        0xe contiki-z1.a(process.o)
                0x000000000000567e                process_alloc_event
 .any.text.process_init
                0x000000000000568c       0x1c contiki-z1.a(process.o)
                0x000000000000568c                process_init
 .any.text.process_run
                0x00000000000056a8       0xa4 contiki-z1.a(process.o)
                0x00000000000056a8                process_run
 .any.text.process_nevents
                0x000000000000574c        0xe contiki-z1.a(process.o)
                0x000000000000574c                process_nevents
 .any.text.process_post
                0x000000000000575a       0x50 contiki-z1.a(process.o)
                0x000000000000575a                process_post
 .any.text.process_post_synch
                0x00000000000057aa       0x12 contiki-z1.a(process.o)
                0x00000000000057aa                process_post_synch
 .any.text.process_start
                0x00000000000057bc       0x36 contiki-z1.a(process.o)
                0x00000000000057bc                process_start
 .any.text.process_poll
                0x00000000000057f2       0x18 contiki-z1.a(process.o)
                0x00000000000057f2                process_poll
 .any.text.rtimer_init
                0x000000000000580a        0x6 contiki-z1.a(rtimer.o)
                0x000000000000580a                rtimer_init
 .any.text.rtimer_set
                0x0000000000005810       0x24 contiki-z1.a(rtimer.o)
                0x0000000000005810                rtimer_set
 .any.text.rtimer_run_next
                0x0000000000005834       0x26 contiki-z1.a(rtimer.o)
                0x0000000000005834                rtimer_run_next
 .any.text.timer_set
                0x000000000000585a       0x1c contiki-z1.a(timer.o)
                0x000000000000585a                timer_set
 .any.text.timer_reset
                0x0000000000005876        0xe contiki-z1.a(timer.o)
                0x0000000000005876                timer_reset
 .any.text.timer_restart
                0x0000000000005884       0x14 contiki-z1.a(timer.o)
                0x0000000000005884                timer_restart
 .any.text.timer_expired
                0x0000000000005898       0x2a contiki-z1.a(timer.o)
                0x0000000000005898                timer_expired
 .any.text.list_init
                0x00000000000058c2        0x6 contiki-z1.a(list.o)
                0x00000000000058c2                list_init
 .any.text.list_head
                0x00000000000058c8        0x4 contiki-z1.a(list.o)
                0x00000000000058c8                list_head
 .any.text.list_tail
                0x00000000000058cc       0x12 contiki-z1.a(list.o)
                0x00000000000058cc                list_tail
 .any.text.list_remove
                0x00000000000058de       0x34 contiki-z1.a(list.o)
                0x00000000000058de                list_remove
 .any.text.list_push
                0x0000000000005912       0x16 contiki-z1.a(list.o)
                0x0000000000005912                list_push
 .any.text.list_add
                0x0000000000005928       0x26 contiki-z1.a(list.o)
                0x0000000000005928                list_add
 .any.text.list_length
                0x000000000000594e       0x10 contiki-z1.a(list.o)
                0x000000000000594e                list_length
 .any.text.list_item_next
                0x000000000000595e        0xc contiki-z1.a(list.o)
                0x000000000000595e                list_item_next
 .any.text.memb_init
                0x000000000000596a       0x36 contiki-z1.a(memb.o)
                0x000000000000596a                memb_init
 .any.text.memb_alloc
                0x00000000000059a0       0x3e contiki-z1.a(memb.o)
                0x00000000000059a0                memb_alloc
 .any.text.memb_free
                0x00000000000059de       0x3a contiki-z1.a(memb.o)
                0x00000000000059de                memb_free
 .any.text.memb_inmemb
                0x0000000000005a18       0x2a contiki-z1.a(memb.o)
                0x0000000000005a18                memb_inmemb
 .any.text.memb_numfree
                0x0000000000005a42       0x26 contiki-z1.a(memb.o)
                0x0000000000005a42                memb_numfree
 .any.text.random_init
                0x0000000000005a68        0x6 contiki-z1.a(random.o)
                0x0000000000005a68                random_init
 .any.text.random_rand
                0x0000000000005a6e        0x6 contiki-z1.a(random.o)
                0x0000000000005a6e                random_rand
 .any.text.uip_ds6_list_loop
                0x0000000000005a74       0x66 contiki-z1.a(uip-ds6.o)
                0x0000000000005a74                uip_ds6_list_loop
 .any.text.uip_ds6_prefix_add
                0x0000000000005ada       0x70 contiki-z1.a(uip-ds6.o)
                0x0000000000005ada                uip_ds6_prefix_add
 .any.text.uip_ds6_is_addr_onlink
                0x0000000000005b4a       0x42 contiki-z1.a(uip-ds6.o)
                0x0000000000005b4a                uip_ds6_is_addr_onlink
 .any.text.uip_ds6_addr_lookup
                0x0000000000005b8c       0x2a contiki-z1.a(uip-ds6.o)
                0x0000000000005b8c                uip_ds6_addr_lookup
 .any.text.uip_ds6_get_link_local
                0x0000000000005bb6       0x3e contiki-z1.a(uip-ds6.o)
                0x0000000000005bb6                uip_ds6_get_link_local
 .any.text.uip_ds6_maddr_add
                0x0000000000005bf4       0x48 contiki-z1.a(uip-ds6.o)
                0x0000000000005bf4                uip_ds6_maddr_add
 .any.text.uip_ds6_addr_add
                0x0000000000005c3c       0xb4 contiki-z1.a(uip-ds6.o)
                0x0000000000005c3c                uip_ds6_addr_add
 .any.text.uip_ds6_maddr_rm
                0x0000000000005cf0        0xa contiki-z1.a(uip-ds6.o)
                0x0000000000005cf0                uip_ds6_maddr_rm
 .any.text.uip_ds6_maddr_lookup
                0x0000000000005cfa       0x2a contiki-z1.a(uip-ds6.o)
                0x0000000000005cfa                uip_ds6_maddr_lookup
 .any.text.uip_ds6_addr_rm
                0x0000000000005d24       0x54 contiki-z1.a(uip-ds6.o)
                0x0000000000005d24                uip_ds6_addr_rm
 .any.text.uip_ds6_periodic
                0x0000000000005d78       0x4a contiki-z1.a(uip-ds6.o)
                0x0000000000005d78                uip_ds6_periodic
 .any.text.uip_ds6_set_addr_iid
                0x0000000000005dc2       0x14 contiki-z1.a(uip-ds6.o)
                0x0000000000005dc2                uip_ds6_set_addr_iid
 .any.text.get_match_length
                0x0000000000005dd6       0x3c contiki-z1.a(uip-ds6.o)
                0x0000000000005dd6                get_match_length
 .any.text.uip_ds6_select_src
                0x0000000000005e12       0x9a contiki-z1.a(uip-ds6.o)
                0x0000000000005e12                uip_ds6_select_src
 .any.text.uip_ds6_compute_reachable_time
                0x0000000000005eac       0x36 contiki-z1.a(uip-ds6.o)
                0x0000000000005eac                uip_ds6_compute_reachable_time
 .any.text.uip_ds6_init
                0x0000000000005ee2      0x138 contiki-z1.a(uip-ds6.o)
                0x0000000000005ee2                uip_ds6_init
 .any.text.call_route_callback
                0x000000000000601a       0x40 contiki-z1.a(uip-ds6-route.o)
 .any.text.uip_ds6_route_init
                0x000000000000605a       0x36 contiki-z1.a(uip-ds6-route.o)
                0x000000000000605a                uip_ds6_route_init
 .any.text.uip_ds6_route_nexthop
                0x0000000000006090       0x1a contiki-z1.a(uip-ds6-route.o)
                0x0000000000006090                uip_ds6_route_nexthop
 .any.text.uip_ds6_route_head
                0x00000000000060aa        0xa contiki-z1.a(uip-ds6-route.o)
                0x00000000000060aa                uip_ds6_route_head
 .any.text.uip_ds6_route_next
                0x00000000000060b4        0xe contiki-z1.a(uip-ds6-route.o)
                0x00000000000060b4                uip_ds6_route_next
 .any.text.uip_ds6_route_lookup
                0x00000000000060c2       0x6e contiki-z1.a(uip-ds6-route.o)
                0x00000000000060c2                uip_ds6_route_lookup
 .any.text.uip_ds6_route_rm
                0x0000000000006130       0xa2 contiki-z1.a(uip-ds6-route.o)
                0x0000000000006130                uip_ds6_route_rm
 .any.text.rm_routelist
                0x00000000000061d2       0x34 contiki-z1.a(uip-ds6-route.o)
 .any.text.rm_routelist_callback
                0x0000000000006206        0x6 contiki-z1.a(uip-ds6-route.o)
 .any.text.uip_ds6_route_add
                0x000000000000620c      0x102 contiki-z1.a(uip-ds6-route.o)
                0x000000000000620c                uip_ds6_route_add
 .any.text.uip_ds6_defrt_rm
                0x000000000000630e       0x44 contiki-z1.a(uip-ds6-route.o)
                0x000000000000630e                uip_ds6_defrt_rm
 .any.text.uip_ds6_defrt_lookup
                0x0000000000006352       0x32 contiki-z1.a(uip-ds6-route.o)
                0x0000000000006352                uip_ds6_defrt_lookup
 .any.text.uip_ds6_defrt_add
                0x0000000000006384       0x68 contiki-z1.a(uip-ds6-route.o)
                0x0000000000006384                uip_ds6_defrt_add
 .any.text.uip_ds6_defrt_choose
                0x00000000000063ec       0x36 contiki-z1.a(uip-ds6-route.o)
                0x00000000000063ec                uip_ds6_defrt_choose
 .any.text.uip_ds6_defrt_periodic
                0x0000000000006422       0x38 contiki-z1.a(uip-ds6-route.o)
                0x0000000000006422                uip_ds6_defrt_periodic
 .any.text.chksum
                0x000000000000645a       0x32 contiki-z1.a(uip6.o)
 .any.text.upper_layer_chksum
                0x000000000000648c       0x56 contiki-z1.a(uip6.o)
 .any.text.ext_hdr_options_process
                0x00000000000064e2       0xc2 contiki-z1.a(uip6.o)
 .any.text.uip_add32
                0x00000000000065a4       0x60 contiki-z1.a(uip6.o)
                0x00000000000065a4                uip_add32
 .any.text.uip_add_rcv_nxt
                0x0000000000006604       0x2e contiki-z1.a(uip6.o)
 .any.text.uip_icmp6chksum
                0x0000000000006632        0xa contiki-z1.a(uip6.o)
                0x0000000000006632                uip_icmp6chksum
 .any.text.uip_tcpchksum
                0x000000000000663c        0xa contiki-z1.a(uip6.o)
                0x000000000000663c                uip_tcpchksum
 .any.text.uip_udpchksum
                0x0000000000006646        0xa contiki-z1.a(uip6.o)
                0x0000000000006646                uip_udpchksum
 .any.text.uip_init
                0x0000000000006650       0x62 contiki-z1.a(uip6.o)
                0x0000000000006650                uip_init
 .any.text.remove_ext_hdr
                0x00000000000066b2       0x50 contiki-z1.a(uip6.o)
                0x00000000000066b2                remove_ext_hdr
 .any.text.uip_udp_new
                0x0000000000006702       0xb8 contiki-z1.a(uip6.o)
                0x0000000000006702                uip_udp_new
 .any.text.uip_unlisten
                0x00000000000067ba       0x2a contiki-z1.a(uip6.o)
                0x00000000000067ba                uip_unlisten
 .any.text.uip_process
                0x00000000000067e4      0xe0a contiki-z1.a(uip6.o)
                0x00000000000067e4                uip_process
 .any.text.uip_htonl
                0x00000000000075ee       0x2a contiki-z1.a(uip6.o)
                0x00000000000075ee                uip_htonl
 .any.text.uip_ds6_nbr_rm
                0x0000000000007618       0x1a contiki-z1.a(uip-ds6-nbr.o)
                0x0000000000007618                uip_ds6_nbr_rm
 .any.text.uip_ds6_neighbors_init
                0x0000000000007632        0xe contiki-z1.a(uip-ds6-nbr.o)
                0x0000000000007632                uip_ds6_neighbors_init
 .any.text.uip_ds6_nbr_add
                0x0000000000007640       0x54 contiki-z1.a(uip-ds6-nbr.o)
                0x0000000000007640                uip_ds6_nbr_add
 .any.text.uip_ds6_nbr_get_ll
                0x0000000000007694        0xc contiki-z1.a(uip-ds6-nbr.o)
                0x0000000000007694                uip_ds6_nbr_get_ll
 .any.text.uip_ds6_nbr_lookup
                0x00000000000076a0       0x3e contiki-z1.a(uip-ds6-nbr.o)
                0x00000000000076a0                uip_ds6_nbr_lookup
 .any.text.uip_ds6_nbr_ll_lookup
                0x00000000000076de        0xc contiki-z1.a(uip-ds6-nbr.o)
                0x00000000000076de                uip_ds6_nbr_ll_lookup
 .any.text.uip_ds6_nbr_ipaddr_from_lladdr
                0x00000000000076ea        0x6 contiki-z1.a(uip-ds6-nbr.o)
                0x00000000000076ea                uip_ds6_nbr_ipaddr_from_lladdr
 .any.text.uip_ds6_nbr_lladdr_from_ipaddr
                0x00000000000076f0       0x12 contiki-z1.a(uip-ds6-nbr.o)
                0x00000000000076f0                uip_ds6_nbr_lladdr_from_ipaddr
 .any.text.uip_ds6_link_neighbor_callback
                0x0000000000007702       0x26 contiki-z1.a(uip-ds6-nbr.o)
                0x0000000000007702                uip_ds6_link_neighbor_callback
 .any.text.uip_ds6_neighbor_periodic
                0x0000000000007728       0x5c contiki-z1.a(uip-ds6-nbr.o)
                0x0000000000007728                uip_ds6_neighbor_periodic
 .any.text.uip_nd6_init
                0x0000000000007784        0x2 contiki-z1.a(uip-nd6.o)
                0x0000000000007784                uip_nd6_init
 .any.text.set_packet_attrs
                0x0000000000007786       0x46 contiki-z1.a(sicslowpan.o)
 .any.text.addr_context_lookup_by_number
                0x00000000000077cc       0x30 contiki-z1.a(sicslowpan.o)
 .any.text.compress_addr_64
                0x00000000000077fc       0x9a contiki-z1.a(sicslowpan.o)
 .any.text.uncompress_addr
                0x0000000000007896       0x96 contiki-z1.a(sicslowpan.o)
 .any.text.input
                0x000000000000792c      0x5e2 contiki-z1.a(sicslowpan.o)
 .any.text.sicslowpan_init
                0x0000000000007f0e       0x26 contiki-z1.a(sicslowpan.o)
                0x0000000000007f0e                sicslowpan_init
 .any.text.addr_context_lookup_by_prefix
                0x0000000000007f34       0x4a contiki-z1.a(sicslowpan.o)
 .any.text.packet_sent
                0x0000000000007f7e       0x22 contiki-z1.a(sicslowpan.o)
 .any.text.send_packet
                0x0000000000007fa0       0x1a contiki-z1.a(sicslowpan.o)
 .any.text.output
                0x0000000000007fba      0x67a contiki-z1.a(sicslowpan.o)
 .any.text.uip_debug_ipaddr_print
                0x0000000000008634       0xbc contiki-z1.a(uip-debug.o)
                0x0000000000008634                uip_debug_ipaddr_print
 .any.text.uip_udp_packet_send
                0x00000000000086f0       0x2e contiki-z1.a(uip-udp-packet.)
                0x00000000000086f0                uip_udp_packet_send
 .any.text.start_periodic_tcp_timer
                0x000000000000871e       0x16 contiki-z1.a(tcpip.o)
 .any.text.tcpip_output
                0x0000000000008734       0x10 contiki-z1.a(tcpip.o)
                0x0000000000008734                tcpip_output
 .any.text.tcpip_set_outputfunc
                0x0000000000008744        0x6 contiki-z1.a(tcpip.o)
                0x0000000000008744                tcpip_set_outputfunc
 .any.text.udp_new
                0x000000000000874a       0x1a contiki-z1.a(tcpip.o)
                0x000000000000874a                udp_new
 .any.text.udp_broadcast_new
                0x0000000000008764       0x46 contiki-z1.a(tcpip.o)
                0x0000000000008764                udp_broadcast_new
 .any.text.tcpip_input
                0x00000000000087aa       0x16 contiki-z1.a(tcpip.o)
                0x00000000000087aa                tcpip_input
 .any.text.tcpip_ipv6_output
                0x00000000000087c0       0xce contiki-z1.a(tcpip.o)
                0x00000000000087c0                tcpip_ipv6_output
 .any.text.process_thread_tcpip_process
                0x000000000000888e      0x1ba contiki-z1.a(tcpip.o)
 .any.text.tcpip_uipcall
                0x0000000000008a48       0x70 contiki-z1.a(tcpip.o)
                0x0000000000008a48                tcpip_uipcall
 .any.text.process_thread_simple_udp_process
                0x0000000000008ab8       0x9e contiki-z1.a(simple-udp.o)
 .any.text.simple_udp_register
                0x0000000000008b56       0x84 contiki-z1.a(simple-udp.o)
                0x0000000000008b56                simple_udp_register
 .any.text.lollipop_greater_than
                0x0000000000008bda       0x3c contiki-z1.a(rpl-dag.o)
 .any.text.find_parent_any_dag_any_instance
                0x0000000000008c16       0x14 contiki-z1.a(rpl-dag.o)
 .any.text.rpl_set_preferred_parent
                0x0000000000008c2a       0x2c contiki-z1.a(rpl-dag.o)
 .any.text.set_ip_from_prefix
                0x0000000000008c56       0x30 contiki-z1.a(rpl-dag.o)
 .any.text.check_prefix
                0x0000000000008c86       0x70 contiki-z1.a(rpl-dag.o)
 .any.text.rpl_get_nbr
                0x0000000000008cf6       0x1e contiki-z1.a(rpl-dag.o)
                0x0000000000008cf6                rpl_get_nbr
 .any.text.rpl_dag_init
                0x0000000000008d14        0xe contiki-z1.a(rpl-dag.o)
                0x0000000000008d14                rpl_dag_init
 .any.text.rpl_get_parent
                0x0000000000008d22        0xc contiki-z1.a(rpl-dag.o)
                0x0000000000008d22                rpl_get_parent
 .any.text.rpl_get_parent_ipaddr
                0x0000000000008d2e       0x10 contiki-z1.a(rpl-dag.o)
                0x0000000000008d2e                rpl_get_parent_ipaddr
 .any.text.rpl_set_prefix
                0x0000000000008d3e       0x74 contiki-z1.a(rpl-dag.o)
                0x0000000000008d3e                rpl_set_prefix
 .any.text.rpl_set_default_route
                0x0000000000008db2       0x60 contiki-z1.a(rpl-dag.o)
                0x0000000000008db2                rpl_set_default_route
 .any.text.rpl_alloc_instance
                0x0000000000008e12       0x34 contiki-z1.a(rpl-dag.o)
                0x0000000000008e12                rpl_alloc_instance
 .any.text.rpl_add_parent
                0x0000000000008e46       0x4e contiki-z1.a(rpl-dag.o)
                0x0000000000008e46                rpl_add_parent
 .any.text.rpl_find_parent
                0x0000000000008e94       0x1a contiki-z1.a(rpl-dag.o)
                0x0000000000008e94                rpl_find_parent
 .any.text.rpl_find_parent_any_dag
                0x0000000000008eae       0x22 contiki-z1.a(rpl-dag.o)
                0x0000000000008eae                rpl_find_parent_any_dag
 .any.text.rpl_select_parent
                0x0000000000008ed0       0x74 contiki-z1.a(rpl-dag.o)
                0x0000000000008ed0                rpl_select_parent
 .any.text.rpl_select_dag
                0x0000000000008f44      0x190 contiki-z1.a(rpl-dag.o)
                0x0000000000008f44                rpl_select_dag
 .any.text.rpl_nullify_parent
                0x00000000000090d4       0x4e contiki-z1.a(rpl-dag.o)
                0x00000000000090d4                rpl_nullify_parent
 .any.text.rpl_remove_parent
                0x0000000000009122       0x16 contiki-z1.a(rpl-dag.o)
                0x0000000000009122                rpl_remove_parent
 .any.text.nbr_callback
                0x0000000000009138        0x6 contiki-z1.a(rpl-dag.o)
 .any.text.remove_parents.constprop.5
                0x000000000000913e       0x2c contiki-z1.a(rpl-dag.o)
 .any.text.rpl_free_dag
                0x000000000000916a       0x34 contiki-z1.a(rpl-dag.o)
                0x000000000000916a                rpl_free_dag
 .any.text.rpl_move_parent
                0x000000000000919e       0x52 contiki-z1.a(rpl-dag.o)
                0x000000000000919e                rpl_move_parent
 .any.text.rpl_get_any_dag
                0x00000000000091f0       0x16 contiki-z1.a(rpl-dag.o)
                0x00000000000091f0                rpl_get_any_dag
 .any.text.rpl_get_instance
                0x0000000000009206       0x16 contiki-z1.a(rpl-dag.o)
                0x0000000000009206                rpl_get_instance
 .any.text.rpl_alloc_dag
                0x000000000000921c       0x60 contiki-z1.a(rpl-dag.o)
                0x000000000000921c                rpl_alloc_dag
 .any.text.rpl_repair_root
                0x000000000000927c       0x4c contiki-z1.a(rpl-dag.o)
                0x000000000000927c                rpl_repair_root
 .any.text.rpl_set_root
                0x00000000000092c8      0x116 contiki-z1.a(rpl-dag.o)
                0x00000000000092c8                rpl_set_root
 .any.text.rpl_find_of
                0x00000000000093de       0x10 contiki-z1.a(rpl-dag.o)
                0x00000000000093de                rpl_find_of
 .any.text.rpl_join_instance
                0x00000000000093ee      0x122 contiki-z1.a(rpl-dag.o)
                0x00000000000093ee                rpl_join_instance
 .any.text.rpl_local_repair
                0x0000000000009510       0x62 contiki-z1.a(rpl-dag.o)
                0x0000000000009510                rpl_local_repair
 .any.text.rpl_process_parent_event
                0x0000000000009572       0x6a contiki-z1.a(rpl-dag.o)
                0x0000000000009572                rpl_process_parent_event
 .any.text.rpl_recalculate_ranks
                0x00000000000095dc       0x44 contiki-z1.a(rpl-dag.o)
                0x00000000000095dc                rpl_recalculate_ranks
 .any.text.rpl_add_dag
                0x0000000000009620      0x10a contiki-z1.a(rpl-dag.o)
                0x0000000000009620                rpl_add_dag
 .any.text.rpl_process_dio
                0x000000000000972a      0x318 contiki-z1.a(rpl-dag.o)
                0x000000000000972a                rpl_process_dio
 .any.text.new_dio_interval
                0x0000000000009a42       0x8a contiki-z1.a(rpl-timers.o)
 .any.text.handle_unicast_dio_timer
                0x0000000000009acc       0x1c contiki-z1.a(rpl-timers.o)
 .any.text.set_dao_lifetime_timer
                0x0000000000009ae8       0x66 contiki-z1.a(rpl-timers.o)
 .any.text.handle_periodic_timer
                0x0000000000009b4e       0x32 contiki-z1.a(rpl-timers.o)
 .any.text.schedule_dao
                0x0000000000009b80       0x72 contiki-z1.a(rpl-timers.o)
 .any.text.handle_dio_timer
                0x0000000000009bf2       0x88 contiki-z1.a(rpl-timers.o)
 .any.text.handle_dao_timer
                0x0000000000009c7a       0x64 contiki-z1.a(rpl-timers.o)
 .any.text.rpl_reset_periodic_timer
                0x0000000000009cde       0x54 contiki-z1.a(rpl-timers.o)
                0x0000000000009cde                rpl_reset_periodic_timer
 .any.text.rpl_reset_dio_timer
                0x0000000000009d32       0x18 contiki-z1.a(rpl-timers.o)
                0x0000000000009d32                rpl_reset_dio_timer
 .any.text.rpl_schedule_dao
                0x0000000000009d4a        0xc contiki-z1.a(rpl-timers.o)
                0x0000000000009d4a                rpl_schedule_dao
 .any.text.rpl_schedule_unicast_dio_immediately
                0x0000000000009d56       0x16 contiki-z1.a(rpl-timers.o)
                0x0000000000009d56                rpl_schedule_unicast_dio_immediately
 .any.text.rpl_schedule_probing
                0x0000000000009d6c       0x34 contiki-z1.a(rpl-timers.o)
                0x0000000000009d6c                rpl_schedule_probing
 .any.text.handle_probing_timer
                0x0000000000009da0      0x108 contiki-z1.a(rpl-timers.o)
 .any.text.rpl_verify_header
                0x0000000000009ea8       0xfa contiki-z1.a(rpl-ext-header.)
                0x0000000000009ea8                rpl_verify_header
 .any.text.rpl_update_header_empty
                0x0000000000009fa2      0x12a contiki-z1.a(rpl-ext-header.)
                0x0000000000009fa2                rpl_update_header_empty
 .any.text.rpl_update_header_final
                0x000000000000a0cc       0x8e contiki-z1.a(rpl-ext-header.)
                0x000000000000a0cc                rpl_update_header_final
 .any.text.rpl_invert_header
                0x000000000000a15a       0x74 contiki-z1.a(rpl-ext-header.)
                0x000000000000a15a                rpl_invert_header
 .any.text.rpl_insert_header
                0x000000000000a1ce       0x12 contiki-z1.a(rpl-ext-header.)
                0x000000000000a1ce                rpl_insert_header
 .any.text.rpl_get_mode
                0x000000000000a1e0        0x6 contiki-z1.a(rpl.o)
                0x000000000000a1e0                rpl_get_mode
 .any.text.rpl_purge_routes
                0x000000000000a1e6       0x96 contiki-z1.a(rpl.o)
                0x000000000000a1e6                rpl_purge_routes
 .any.text.rpl_remove_routes
                0x000000000000a27c       0x22 contiki-z1.a(rpl.o)
                0x000000000000a27c                rpl_remove_routes
 .any.text.rpl_remove_routes_by_nexthop
                0x000000000000a29e       0x3e contiki-z1.a(rpl.o)
                0x000000000000a29e                rpl_remove_routes_by_nexthop
 .any.text.rpl_add_route
                0x000000000000a2dc       0x48 contiki-z1.a(rpl.o)
                0x000000000000a2dc                rpl_add_route
 .any.text.rpl_link_neighbor_callback
                0x000000000000a324       0x74 contiki-z1.a(rpl.o)
                0x000000000000a324                rpl_link_neighbor_callback
 .any.text.rpl_ipv6_neighbor_callback
                0x000000000000a398       0x1e contiki-z1.a(rpl.o)
                0x000000000000a398                rpl_ipv6_neighbor_callback
 .any.text.rpl_purge_dags
                0x000000000000a3b6       0x60 contiki-z1.a(rpl.o)
                0x000000000000a3b6                rpl_purge_dags
 .any.text.rpl_init
                0x000000000000a416       0x4a contiki-z1.a(rpl.o)
                0x000000000000a416                rpl_init
 .any.text.reset
                0x000000000000a460        0x2 contiki-z1.a(rpl-mrhof.o)
 .any.text.update_metric_container
                0x000000000000a462        0x6 contiki-z1.a(rpl-mrhof.o)
 .any.text.calculate_rank
                0x000000000000a468       0x3e contiki-z1.a(rpl-mrhof.o)
 .any.text.neighbor_link_callback
                0x000000000000a4a6       0x94 contiki-z1.a(rpl-mrhof.o)
 .any.text.best_dag
                0x000000000000a53a       0x2e contiki-z1.a(rpl-mrhof.o)
 .any.text.best_parent
                0x000000000000a568       0x66 contiki-z1.a(rpl-mrhof.o)
 .any.text.queuebuf_init
                0x000000000000a5ce       0x12 contiki-z1.a(queuebuf.o)
                0x000000000000a5ce                queuebuf_init
 .any.text.queuebuf_numfree
                0x000000000000a5e0        0xa contiki-z1.a(queuebuf.o)
                0x000000000000a5e0                queuebuf_numfree
 .any.text.queuebuf_new_from_packetbuf
                0x000000000000a5ea       0x4e contiki-z1.a(queuebuf.o)
                0x000000000000a5ea                queuebuf_new_from_packetbuf
 .any.text.queuebuf_update_attr_from_packetbuf
                0x000000000000a638       0x12 contiki-z1.a(queuebuf.o)
                0x000000000000a638                queuebuf_update_attr_from_packetbuf
 .any.text.queuebuf_update_from_packetbuf
                0x000000000000a64a       0x22 contiki-z1.a(queuebuf.o)
                0x000000000000a64a                queuebuf_update_from_packetbuf
 .any.text.queuebuf_free
                0x000000000000a66c       0x2a contiki-z1.a(queuebuf.o)
                0x000000000000a66c                queuebuf_free
 .any.text.queuebuf_to_packetbuf
                0x000000000000a696       0x32 contiki-z1.a(queuebuf.o)
                0x000000000000a696                queuebuf_to_packetbuf
 .any.text.queuebuf_attr
                0x000000000000a6c8        0xe contiki-z1.a(queuebuf.o)
                0x000000000000a6c8                queuebuf_attr
 .any.text.item_from_index
                0x000000000000a6d6       0x2a contiki-z1.a(nbr-table.o)
 .any.text.index_from_key
                0x000000000000a700       0x26 contiki-z1.a(nbr-table.o)
 .any.text.index_from_item
                0x000000000000a726       0x1e contiki-z1.a(nbr-table.o)
 .any.text.nbr_set_bit
                0x000000000000a744       0x50 contiki-z1.a(nbr-table.o)
 .any.text.index_from_lladdr
                0x000000000000a794       0x3e contiki-z1.a(nbr-table.o)
 .any.text.nbr_get_bit.constprop.0
                0x000000000000a7d2       0x2c contiki-z1.a(nbr-table.o)
 .any.text.nbr_table_register
                0x000000000000a7fe       0x26 contiki-z1.a(nbr-table.o)
                0x000000000000a7fe                nbr_table_register
 .any.text.nbr_table_next
                0x000000000000a824       0x4c contiki-z1.a(nbr-table.o)
                0x000000000000a824                nbr_table_next
 .any.text.nbr_table_head
                0x000000000000a870       0x36 contiki-z1.a(nbr-table.o)
                0x000000000000a870                nbr_table_head
 .any.text.nbr_table_add_lladdr
                0x000000000000a8a6      0x110 contiki-z1.a(nbr-table.o)
                0x000000000000a8a6                nbr_table_add_lladdr
 .any.text.nbr_table_get_from_lladdr
                0x000000000000a9b6       0x28 contiki-z1.a(nbr-table.o)
                0x000000000000a9b6                nbr_table_get_from_lladdr
 .any.text.nbr_table_remove
                0x000000000000a9de       0x2a contiki-z1.a(nbr-table.o)
                0x000000000000a9de                nbr_table_remove
 .any.text.nbr_table_lock
                0x000000000000aa08       0x10 contiki-z1.a(nbr-table.o)
                0x000000000000aa08                nbr_table_lock
 .any.text.nbr_table_unlock
                0x000000000000aa18       0x10 contiki-z1.a(nbr-table.o)
                0x000000000000aa18                nbr_table_unlock
 .any.text.nbr_table_get_lladdr
                0x000000000000aa28       0x20 contiki-z1.a(nbr-table.o)
                0x000000000000aa28                nbr_table_get_lladdr
 .any.text.packetbuf_copyto
                0x000000000000aa48       0x46 contiki-z1.a(packetbuf.o)
                0x000000000000aa48                packetbuf_copyto
 .any.text.packetbuf_hdrreduce
                0x000000000000aa8e       0x1a contiki-z1.a(packetbuf.o)
                0x000000000000aa8e                packetbuf_hdrreduce
 .any.text.packetbuf_set_datalen
                0x000000000000aaa8        0x6 contiki-z1.a(packetbuf.o)
                0x000000000000aaa8                packetbuf_set_datalen
 .any.text.packetbuf_dataptr
                0x000000000000aaae        0xe contiki-z1.a(packetbuf.o)
                0x000000000000aaae                packetbuf_dataptr
 .any.text.packetbuf_hdrptr
                0x000000000000aabc        0xa contiki-z1.a(packetbuf.o)
                0x000000000000aabc                packetbuf_hdrptr
 .any.text.packetbuf_datalen
                0x000000000000aac6        0x6 contiki-z1.a(packetbuf.o)
                0x000000000000aac6                packetbuf_datalen
 .any.text.packetbuf_hdrlen
                0x000000000000aacc       0x10 contiki-z1.a(packetbuf.o)
                0x000000000000aacc                packetbuf_hdrlen
 .any.text.packetbuf_totlen
                0x000000000000aadc        0xc contiki-z1.a(packetbuf.o)
                0x000000000000aadc                packetbuf_totlen
 .any.text.packetbuf_hdralloc
                0x000000000000aae8       0x2a contiki-z1.a(packetbuf.o)
                0x000000000000aae8                packetbuf_hdralloc
 .any.text.packetbuf_attr_clear
                0x000000000000ab12       0x28 contiki-z1.a(packetbuf.o)
                0x000000000000ab12                packetbuf_attr_clear
 .any.text.packetbuf_clear
                0x000000000000ab3a       0x1a contiki-z1.a(packetbuf.o)
                0x000000000000ab3a                packetbuf_clear
 .any.text.packetbuf_copyfrom
                0x000000000000ab54       0x2a contiki-z1.a(packetbuf.o)
                0x000000000000ab54                packetbuf_copyfrom
 .any.text.packetbuf_attr_copyto
                0x000000000000ab7e       0x22 contiki-z1.a(packetbuf.o)
                0x000000000000ab7e                packetbuf_attr_copyto
 .any.text.packetbuf_attr_copyfrom
                0x000000000000aba0       0x24 contiki-z1.a(packetbuf.o)
                0x000000000000aba0                packetbuf_attr_copyfrom
 .any.text.packetbuf_holds_broadcast
                0x000000000000abc4        0xe contiki-z1.a(packetbuf.o)
                0x000000000000abc4                packetbuf_holds_broadcast
 .any.text.linkaddr_copy
                0x000000000000abd2        0x8 contiki-z1.a(linkaddr.o)
                0x000000000000abd2                linkaddr_copy
 .any.text.linkaddr_cmp
                0x000000000000abda       0x12 contiki-z1.a(linkaddr.o)
                0x000000000000abda                linkaddr_cmp
 .any.text.linkaddr_set_node_addr
                0x000000000000abec        0xc contiki-z1.a(linkaddr.o)
                0x000000000000abec                linkaddr_set_node_addr
 .any.text.create_frame.isra.0
                0x000000000000abf8      0x114 contiki-z1.a(framer-802154.o)
 .any.text.create
                0x000000000000ad0c        0x8 contiki-z1.a(framer-802154.o)
 .any.text.hdr_length
                0x000000000000ad14        0x8 contiki-z1.a(framer-802154.o)
 .any.text.parse
                0x000000000000ad1c       0x9a contiki-z1.a(framer-802154.o)
 .any.text.frame802154_get_pan_id
                0x000000000000adb6        0x6 contiki-z1.a(frame802154.o)
                0x000000000000adb6                frame802154_get_pan_id
 .any.text.frame802154_has_panid
                0x000000000000adbc       0x64 contiki-z1.a(frame802154.o)
                0x000000000000adbc                frame802154_has_panid
 .any.text.field_len
                0x000000000000ae20       0xa8 contiki-z1.a(frame802154.o)
 .any.text.frame802154_is_broadcast_addr
                0x000000000000aec8       0x28 contiki-z1.a(frame802154.o)
                0x000000000000aec8                frame802154_is_broadcast_addr
 .any.text.frame802154_hdrlen
                0x000000000000aef0       0x32 contiki-z1.a(frame802154.o)
                0x000000000000aef0                frame802154_hdrlen
 .any.text.frame802154_create
                0x000000000000af22      0x136 contiki-z1.a(frame802154.o)
                0x000000000000af22                frame802154_create
 .any.text.frame802154_parse
                0x000000000000b058      0x1be contiki-z1.a(frame802154.o)
                0x000000000000b058                frame802154_parse
 .any.text.input_packet
                0x000000000000b216        0x6 contiki-z1.a(csma.o)
 .any.text.on   0x000000000000b21c        0x6 contiki-z1.a(csma.o)
 .any.text.off  0x000000000000b222        0x6 contiki-z1.a(csma.o)
 .any.text.channel_check_interval
                0x000000000000b228       0x10 contiki-z1.a(csma.o)
 .any.text.transmit_packet_list
                0x000000000000b238       0x24 contiki-z1.a(csma.o)
 .any.text.init
                0x000000000000b25c       0x1a contiki-z1.a(csma.o)
 .any.text.send_packet
                0x000000000000b276      0x16e contiki-z1.a(csma.o)
 .any.text.free_packet
                0x000000000000b3e4       0xa0 contiki-z1.a(csma.o)
 .any.text.packet_sent
                0x000000000000b484      0x116 contiki-z1.a(csma.o)
 .any.text.duty_cycle
                0x000000000000b59a        0x6 contiki-z1.a(contikimac.o)
 .any.text.init
                0x000000000000b5a0       0x2a contiki-z1.a(contikimac.o)
 .any.text.on   0x000000000000b5ca       0x1a contiki-z1.a(contikimac.o)
 .any.text.off  0x000000000000b5e4       0x22 contiki-z1.a(contikimac.o)
 .any.text.recv_burst_off
                0x000000000000b606        0xa contiki-z1.a(contikimac.o)
 .any.text.powercycle_turn_radio_off
                0x000000000000b610       0x14 contiki-z1.a(contikimac.o)
 .any.text.turn_off
                0x000000000000b624       0x20 contiki-z1.a(contikimac.o)
 .any.text.turn_on
                0x000000000000b644       0x30 contiki-z1.a(contikimac.o)
 .any.text.schedule_powercycle_fixed.part.5
                0x000000000000b674       0x32 contiki-z1.a(contikimac.o)
 .any.text.input_packet
                0x000000000000b6a6       0x94 contiki-z1.a(contikimac.o)
 .any.text.send_packet.isra.8
                0x000000000000b73a      0x1d8 contiki-z1.a(contikimac.o)
 .any.text.qsend_list
                0x000000000000b912       0xb2 contiki-z1.a(contikimac.o)
 .any.text.qsend_packet
                0x000000000000b9c4       0x28 contiki-z1.a(contikimac.o)
 .any.text.powercycle_wrapper
                0x000000000000b9ec      0x1c6 contiki-z1.a(contikimac.o)
 .any.text.init
                0x000000000000bbb2        0x2 contiki-z1.a(nullsec.o)
 .any.text.send
                0x000000000000bbb4        0xa contiki-z1.a(nullsec.o)
 .any.text.input
                0x000000000000bbbe        0x6 contiki-z1.a(nullsec.o)
 .any.text.i2c_receiveinit
                0x000000000000bbc4       0x36 contiki-z1.a(i2cmaster.o)
                0x000000000000bbc4                i2c_receiveinit
 .any.text.i2c_transmitinit
                0x000000000000bbfa       0x30 contiki-z1.a(i2cmaster.o)
                0x000000000000bbfa                i2c_transmitinit
 .any.text.i2c_receive_n
                0x000000000000bc2a       0x3e contiki-z1.a(i2cmaster.o)
                0x000000000000bc2a                i2c_receive_n
 .any.text.i2c_busy
                0x000000000000bc68        0xa contiki-z1.a(i2cmaster.o)
                0x000000000000bc68                i2c_busy
 .any.text.i2c_enable
                0x000000000000bc72       0x22 contiki-z1.a(i2cmaster.o)
                0x000000000000bc72                i2c_enable
 .any.text.i2c_transmit_n
                0x000000000000bc94       0x14 contiki-z1.a(i2cmaster.o)
                0x000000000000bc94                i2c_transmit_n
 .any.text.stimer_set
                0x000000000000bca8       0x1c contiki-z1.a(stimer.o)
                0x000000000000bca8                stimer_set
 .any.text.stimer_expired
                0x000000000000bcc4       0x30 contiki-z1.a(stimer.o)
                0x000000000000bcc4                stimer_expired
 .any.text.echo_reply_input
                0x000000000000bcf4      0x10c contiki-z1.a(uip-icmp6.o)
 .any.text.echo_request_input
                0x000000000000be00      0x128 contiki-z1.a(uip-icmp6.o)
 .any.text.uip_icmp6_input
                0x000000000000bf28       0x44 contiki-z1.a(uip-icmp6.o)
                0x000000000000bf28                uip_icmp6_input
 .any.text.uip_icmp6_register_input_handler
                0x000000000000bf6c        0xc contiki-z1.a(uip-icmp6.o)
                0x000000000000bf6c                uip_icmp6_register_input_handler
 .any.text.uip_icmp6_error_output
                0x000000000000bf78      0x170 contiki-z1.a(uip-icmp6.o)
                0x000000000000bf78                uip_icmp6_error_output
 .any.text.uip_icmp6_send
                0x000000000000c0e8       0x84 contiki-z1.a(uip-icmp6.o)
                0x000000000000c0e8                uip_icmp6_send
 .any.text.uip_icmp6_init
                0x000000000000c16c       0x12 contiki-z1.a(uip-icmp6.o)
                0x000000000000c16c                uip_icmp6_init
 .any.text.get32
                0x000000000000c17e       0x3e contiki-z1.a(rpl-icmp6.o)
 .any.text.set32
                0x000000000000c1bc       0x2a contiki-z1.a(rpl-icmp6.o)
 .any.text.get16
                0x000000000000c1e6        0xe contiki-z1.a(rpl-icmp6.o)
 .any.text.set16
                0x000000000000c1f4       0x10 contiki-z1.a(rpl-icmp6.o)
 .any.text.dao_ack_input
                0x000000000000c204        0xa contiki-z1.a(rpl-icmp6.o)
 .any.text.dio_input
                0x000000000000c20e      0x2b4 contiki-z1.a(rpl-icmp6.o)
 .any.text.dis_output
                0x000000000000c4c2       0x50 contiki-z1.a(rpl-icmp6.o)
                0x000000000000c4c2                dis_output
 .any.text.dio_output
                0x000000000000c512      0x242 contiki-z1.a(rpl-icmp6.o)
                0x000000000000c512                dio_output
 .any.text.dis_input
                0x000000000000c754       0x2c contiki-z1.a(rpl-icmp6.o)
 .any.text.dao_output_target
                0x000000000000c780       0xd0 contiki-z1.a(rpl-icmp6.o)
                0x000000000000c780                dao_output_target
 .any.text.dao_output
                0x000000000000c850       0x68 contiki-z1.a(rpl-icmp6.o)
                0x000000000000c850                dao_output
 .any.text.dao_ack_output
                0x000000000000c8b8       0x38 contiki-z1.a(rpl-icmp6.o)
                0x000000000000c8b8                dao_ack_output
 .any.text.dao_input
                0x000000000000c8f0      0x23a contiki-z1.a(rpl-icmp6.o)
 .any.text.rpl_icmp6_register_handlers
                0x000000000000cb2a       0x22 contiki-z1.a(rpl-icmp6.o)
                0x000000000000cb2a                rpl_icmp6_register_handlers
 .any.text.mac_sequence_is_duplicate
                0x000000000000cb4c       0x3c contiki-z1.a(mac-sequence.o)
                0x000000000000cb4c                mac_sequence_is_duplicate
 .any.text.mac_sequence_register_seqno
                0x000000000000cb88       0x6a contiki-z1.a(mac-sequence.o)
                0x000000000000cb88                mac_sequence_register_seqno
 .any.text.mac_call_sent_callback
                0x000000000000cbf2       0x14 contiki-z1.a(mac.o)
                0x000000000000cbf2                mac_call_sent_callback
 .any.text.printf
                0x000000000000cc06       0x10 /opt/mspgcc-4.7.3/bin/../lib/gcc/msp430/4.7.3/../../../../msp430/lib/mcpu-430x/mmpy-16/msr20/mc20/libc.a(printf.o)
                0x000000000000cc06                printf
 .any.text.print_field
                0x000000000000cc16      0x176 /opt/mspgcc-4.7.3/bin/../lib/gcc/msp430/4.7.3/../../../../msp430/lib/mcpu-430x/mmpy-16/msr20/mc20/libc.a(vuprintf.o)
 .any.text.vuprintf
                0x000000000000cd8c      0x742 /opt/mspgcc-4.7.3/bin/../lib/gcc/msp430/4.7.3/../../../../msp430/lib/mcpu-430x/mmpy-16/msr20/mc20/libc.a(vuprintf.o)
                0x000000000000cd8c                vuprintf
 .any.text.puts
                0x000000000000d4ce       0x2c /opt/mspgcc-4.7.3/bin/../lib/gcc/msp430/4.7.3/../../../../msp430/lib/mcpu-430x/mmpy-16/msr20/mc20/libc.a(puts.o)
                0x000000000000d4ce                puts
 .any.text.rand
                0x000000000000d4fa       0x26 /opt/mspgcc-4.7.3/bin/../lib/gcc/msp430/4.7.3/../../../../msp430/lib/mcpu-430x/mmpy-16/msr20/mc20/libc.a(rand.o)
                0x000000000000d4fa                rand
 .any.text.srand
                0x000000000000d520        0xa /opt/mspgcc-4.7.3/bin/../lib/gcc/msp430/4.7.3/../../../../msp430/lib/mcpu-430x/mmpy-16/msr20/mc20/libc.a(rand.o)
                0x000000000000d520                srand
 .any.text.memcmp
                0x000000000000d52a       0x2c /opt/mspgcc-4.7.3/bin/../lib/gcc/msp430/4.7.3/../../../../msp430/lib/mcpu-430x/mmpy-16/msr20/mc20/libc.a(memcmp.o)
                0x000000000000d52a                memcmp
 .any.text.memcpy
                0x000000000000d556       0xe8 /opt/mspgcc-4.7.3/bin/../lib/gcc/msp430/4.7.3/../../../../msp430/lib/mcpu-430x/mmpy-16/msr20/mc20/libc.a(memcpy.o)
                0x000000000000d556                memcpy
 .any.text.memmove
                0x000000000000d63e       0xe8 /opt/mspgcc-4.7.3/bin/../lib/gcc/msp430/4.7.3/../../../../msp430/lib/mcpu-430x/mmpy-16/msr20/mc20/libc.a(memmove.o)
                0x000000000000d63e                memmove
 .any.text.memset
                0x000000000000d726       0x5c /opt/mspgcc-4.7.3/bin/../lib/gcc/msp430/4.7.3/../../../../msp430/lib/mcpu-430x/mmpy-16/msr20/mc20/libc.a(memset.o)
                0x000000000000d726                memset

.rodata         0x000000000000d784      0x475
                0x000000000000d784                . = ALIGN (0x2)
 *(.rodata .rodata.* .gnu.linkonce.r.*)
 .rodata.receiver
                0x000000000000d784       0x2a unicast-receiver.co
 .rodata.process_thread_unicast_receiver_process
                0x000000000000d7ae       0x11 unicast-receiver.co
 *fill*         0x000000000000d7bf        0x1 00
 .rodata.autostart_processes
                0x000000000000d7c0        0x4 unicast-receiver.co
                0x000000000000d7c0                autostart_processes
 .rodata        0x000000000000d7c4       0x21 unicast-receiver.co
 .rodata        0x000000000000d7e5      0x13f obj_z1/contiki-z1-main.o
 .rodata.servreg_hack_register
                0x000000000000d924       0x84 contiki-z1.a(servreg-hack.o)
 .rodata        0x000000000000d9a8       0x15 contiki-z1.a(servreg-hack.o)
 *fill*         0x000000000000d9bd        0x3 00
 .rodata.get_value
                0x000000000000d9c0       0x44 contiki-z1.a(cc2420.o)
 .rodata.set_value
                0x000000000000da04       0x20 contiki-z1.a(cc2420.o)
 .rodata.cc2420_driver
                0x000000000000da24       0x38 contiki-z1.a(cc2420.o)
                0x000000000000da24                cc2420_driver
 .rodata        0x000000000000da5c        0xe contiki-z1.a(cc2420.o)
 .rodata.output_power
                0x000000000000da6a       0x10 contiki-z1.a(cc2420.o)
 .rodata        0x000000000000da7a        0x8 contiki-z1.a(sensors.o)
 .rodata        0x000000000000da82        0x7 contiki-z1.a(button-sensor.o)
 *fill*         0x000000000000da89        0x1 00
 .rodata.button_sensor
                0x000000000000da8a        0xe contiki-z1.a(button-sensor.o)
                0x000000000000da8a                button_sensor
 .rodata        0x000000000000da98       0x16 contiki-z1.a(adxl345.o)
 .rodata        0x000000000000daae        0xf contiki-z1.a(ctimer.o)
 .rodata        0x000000000000dabd        0xc contiki-z1.a(etimer.o)
 *fill*         0x000000000000dac9        0x3 00
 .rodata.uip_process
                0x000000000000dacc       0x40 contiki-z1.a(uip6.o)
 .rodata        0x000000000000db0c        0xb contiki-z1.a(sicslowpan.o)
 *fill*         0x000000000000db17        0x1 00
 .rodata.sicslowpan_driver
                0x000000000000db18        0xa contiki-z1.a(sicslowpan.o)
                0x000000000000db18                sicslowpan_driver
 .rodata.llprefix
                0x000000000000db22        0x2 contiki-z1.a(sicslowpan.o)
                0x000000000000db22                llprefix
 .rodata.unc_mxconf
                0x000000000000db24        0x4 contiki-z1.a(sicslowpan.o)
                0x000000000000db24                unc_mxconf
 .rodata.unc_ctxconf
                0x000000000000db28        0x4 contiki-z1.a(sicslowpan.o)
                0x000000000000db28                unc_ctxconf
 .rodata.unc_llconf
                0x000000000000db2c        0x4 contiki-z1.a(sicslowpan.o)
                0x000000000000db2c                unc_llconf
 .rodata.ttl_values
                0x000000000000db30        0x4 contiki-z1.a(sicslowpan.o)
 .rodata.uip_debug_ipaddr_print
                0x000000000000db34       0x28 contiki-z1.a(uip-debug.o)
 .rodata        0x000000000000db5c        0xd contiki-z1.a(tcpip.o)
 .rodata        0x000000000000db69       0x13 contiki-z1.a(simple-udp.o)
 .rodata.linkaddr_null
                0x000000000000db7c        0x8 contiki-z1.a(linkaddr.o)
                0x000000000000db7c                linkaddr_null
 .rodata.framer_802154
                0x000000000000db84        0xc contiki-z1.a(framer-802154.o)
                0x000000000000db84                framer_802154
 .rodata.CSWTCH.16
                0x000000000000db90        0x2 contiki-z1.a(frame802154.o)
 .rodata        0x000000000000db92        0x5 contiki-z1.a(csma.o)
 *fill*         0x000000000000db97        0x1 00
 .rodata.csma_driver
                0x000000000000db98       0x1a contiki-z1.a(csma.o)
                0x000000000000db98                csma_driver
 .rodata        0x000000000000dbb2        0xb contiki-z1.a(contikimac.o)
 *fill*         0x000000000000dbbd        0x1 00
 .rodata.contikimac_driver
                0x000000000000dbbe       0x1e contiki-z1.a(contikimac.o)
                0x000000000000dbbe                contikimac_driver
 .rodata        0x000000000000dbdc        0x8 contiki-z1.a(nullsec.o)
 .rodata.nullsec_driver
                0x000000000000dbe4        0xe contiki-z1.a(nullsec.o)
                0x000000000000dbe4                nullsec_driver
 .rodata.vuprintf
                0x000000000000dbf2        0x7 /opt/mspgcc-4.7.3/bin/../lib/gcc/msp430/4.7.3/../../../../msp430/lib/mcpu-430x/mmpy-16/msr20/mc20/libc.a(vuprintf.o)
 *(.near.rodata .near.rodata.*)
                0x000000000000dbfa                . = ALIGN (0x2)
                0x000000000000dbfa                _etext = .

.data           0x0000000000001100      0x152 load address 0x000000000000dbfa
                0x0000000000001100                . = ALIGN (0x2)
                0x0000000000001100                __data_start = .
 *(.data .data.* .gnu.linkonce.d.*)
 .data.unicast_receiver_process
                0x0000000000001100        0xc unicast-receiver.co
                0x0000000000001100                unicast_receiver_process
 .data.sensors  0x000000000000110c        0x4 obj_z1/contiki-z1-main.o
                0x000000000000110c                sensors
 .data.servreg_hack_process
                0x0000000000001110        0xc contiki-z1.a(servreg-hack.o)
                0x0000000000001110                servreg_hack_process
 .data.registrations
                0x000000000000111c        0x8 contiki-z1.a(servreg-hack.o)
 .data.cur_break
                0x0000000000001124        0x2 contiki-z1.a(msp430.o)
 .data.cc2420_process
                0x0000000000001126        0xc contiki-z1.a(cc2420.o)
                0x0000000000001126                cc2420_process
 .data.send_on_cca
                0x0000000000001132        0x1 contiki-z1.a(cc2420.o)
 *fill*         0x0000000000001133        0x1 00
 .data.sensors_process
                0x0000000000001134        0xc contiki-z1.a(sensors.o)
                0x0000000000001134                sensors_process
 .data.accmeter_process
                0x0000000000001140        0xc contiki-z1.a(adxl345.o)
                0x0000000000001140                accmeter_process
 .data.adxl345_default_settings
                0x000000000000114c       0x16 contiki-z1.a(adxl345.o)
 .data.ctimer_process
                0x0000000000001162        0xc contiki-z1.a(ctimer.o)
                0x0000000000001162                ctimer_process
 .data.etimer_process
                0x000000000000116e        0xc contiki-z1.a(etimer.o)
                0x000000000000116e                etimer_process
 .data.nbr_routes
                0x000000000000117a        0x2 contiki-z1.a(uip-ds6-route.o)
                0x000000000000117a                nbr_routes
 .data.routememb
                0x000000000000117c        0x8 contiki-z1.a(uip-ds6-route.o)
 .data.defaultroutermemb
                0x0000000000001184        0x8 contiki-z1.a(uip-ds6-route.o)
 .data.neighborroutememb
                0x000000000000118c        0x8 contiki-z1.a(uip-ds6-route.o)
 .data.nbr_routes_struct
                0x0000000000001194        0xa contiki-z1.a(uip-ds6-route.o)
 .data.ds6_neighbors
                0x000000000000119e        0x2 contiki-z1.a(uip-ds6-nbr.o)
                0x000000000000119e                ds6_neighbors
 .data.ds6_neighbors_struct
                0x00000000000011a0        0xa contiki-z1.a(uip-ds6-nbr.o)
 .data.tcpip_process
                0x00000000000011aa        0xc contiki-z1.a(tcpip.o)
                0x00000000000011aa                tcpip_process
 .data.simple_udp_process
                0x00000000000011b6        0xc contiki-z1.a(simple-udp.o)
                0x00000000000011b6                simple_udp_process
 .data.rpl_parents
                0x00000000000011c2        0x2 contiki-z1.a(rpl-dag.o)
                0x00000000000011c2                rpl_parents
 .data.rpl_parents_struct
                0x00000000000011c4        0xa contiki-z1.a(rpl-dag.o)
 .data.rpl_mrhof
                0x00000000000011ce       0x1a contiki-z1.a(rpl-mrhof.o)
                0x00000000000011ce                rpl_mrhof
 .data.buframmem
                0x00000000000011e8        0x8 contiki-z1.a(queuebuf.o)
 .data.bufmem   0x00000000000011f0        0x8 contiki-z1.a(queuebuf.o)
 .data.neighbor_addr_mem
                0x00000000000011f8        0x8 contiki-z1.a(nbr-table.o)
 .data.mac_pan_id
                0x0000000000001200        0x2 contiki-z1.a(frame802154.o)
 .data.neighbor_memb
                0x0000000000001202        0x8 contiki-z1.a(csma.o)
 .data.packet_memb
                0x000000000000120a        0x8 contiki-z1.a(csma.o)
 .data.metadata_memb
                0x0000000000001212        0x8 contiki-z1.a(csma.o)
 .data.prescale_lsb
                0x000000000000121a        0x1 contiki-z1.a(i2cmaster.o)
                0x000000000000121a                prescale_lsb
 *fill*         0x000000000000121b        0x1 00
 .data.echo_request_handler
                0x000000000000121c        0x8 contiki-z1.a(uip-icmp6.o)
 .data.echo_reply_handler
                0x0000000000001224        0x8 contiki-z1.a(uip-icmp6.o)
 .data.dao_sequence
                0x000000000000122c        0x1 contiki-z1.a(rpl-icmp6.o)
 *fill*         0x000000000000122d        0x1 00
 .data.dis_handler