Archive member included because of file (symbol)

contiki-z1.a(mqtt.o)          mqtt-demo.co (mqtt_register)
contiki-z1.a(contiki-z1-plat)
                              obj_z1/contiki-z1-main.o (init_platform)
contiki-z1.a(msp430.o)        obj_z1/contiki-z1-main.o (splhigh_)
contiki-z1.a(leds.o)          obj_z1/contiki-z1-main.o (leds_init)
contiki-z1.a(watchdog.o)      obj_z1/contiki-z1-main.o (watchdog_start)
contiki-z1.a(xmem.o)          obj_z1/contiki-z1-main.o (xmem_init)
contiki-z1.a(spi.o)           contiki-z1.a(xmem.o) (spi_init)
contiki-z1.a(cc2420.o)        obj_z1/contiki-z1-main.o (cc2420_set_pan_addr)
contiki-z1.a(cc2420-arch.o)   contiki-z1.a(cc2420.o) (cc2420_arch_init)
contiki-z1.a(node-id.o)       obj_z1/contiki-z1-main.o (node_id_restore)
contiki-z1.a(sensors.o)       mqtt-demo.co (sensors_event)
contiki-z1.a(button-sensor.o)
                              mqtt-demo.co (button_sensor)
contiki-z1.a(uart0.o)         obj_z1/contiki-z1-main.o (uart0_active)
contiki-z1.a(uart0-putchar.o)
                              obj_z1/contiki-z1-main.o (putchar)
contiki-z1.a(sht25.o)         mqtt-demo.co (sht25)
contiki-z1.a(i2cmaster.o)     contiki-z1.a(sht25.o) (i2c_receiveinit)
contiki-z1.a(adxl345.o)       obj_z1/contiki-z1-main.o (accm_init)
contiki-z1.a(clock.o)         obj_z1/contiki-z1-main.o (clock_init)
contiki-z1.a(leds-arch.o)     contiki-z1.a(leds.o) (leds_arch_init)
contiki-z1.a(rtimer-arch.o)   obj_z1/contiki-z1-main.o (rtimer_arch_now)
contiki-z1.a(ctimer.o)        obj_z1/contiki-z1-main.o (ctimer_init)
contiki-z1.a(autostart.o)     obj_z1/contiki-z1-main.o (autostart_start)
contiki-z1.a(energest.o)      obj_z1/contiki-z1-main.o (energest_init)
contiki-z1.a(etimer.o)        contiki-z1.a(clock.o) (etimer_request_poll)
contiki-z1.a(process.o)       contiki-z1.a(mqtt.o) (process_current)
contiki-z1.a(rtimer.o)        obj_z1/contiki-z1-main.o (rtimer_init)
contiki-z1.a(timer.o)         mqtt-demo.co (timer_set)
contiki-z1.a(list.o)          contiki-z1.a(mqtt.o) (list_init)
contiki-z1.a(random.o)        obj_z1/contiki-z1-main.o (random_init)
contiki-z1.a(uip-icmp6.o)     mqtt-demo.co (uip_icmp6_send)
contiki-z1.a(uip-ds6.o)       contiki-z1.a(uip-icmp6.o) (uip_ds6_if)
contiki-z1.a(uip-ds6-route.o)
                              contiki-z1.a(uip-ds6.o) (uip_ds6_route_init)
contiki-z1.a(uip6.o)          contiki-z1.a(uip-icmp6.o) (uip_aligned_buf)
contiki-z1.a(uip-ds6-nbr.o)   contiki-z1.a(uip-ds6.o) (uip_ds6_neighbors_init)
contiki-z1.a(uip-nd6.o)       contiki-z1.a(uip6.o) (uip_nd6_init)
contiki-z1.a(sicslowpan.o)    mqtt-demo.co (sicslowpan_get_last_rssi)
contiki-z1.a(tcp-socket.o)    contiki-z1.a(mqtt.o) (tcp_socket_register)
contiki-z1.a(tcpip.o)         contiki-z1.a(sicslowpan.o) (tcpip_set_outputfunc)
contiki-z1.a(uiplib.o)        contiki-z1.a(mqtt.o) (uiplib_ip6addrconv)
contiki-z1.a(uip-debug.o)     contiki-z1.a(uip-ds6-route.o) (uip_debug_ipaddr_print)
contiki-z1.a(rpl-ext-header.)
                              contiki-z1.a(uip6.o) (rpl_verify_header)
contiki-z1.a(rpl.o)           contiki-z1.a(uip-ds6-nbr.o) (rpl_link_neighbor_callback)
contiki-z1.a(rpl-mrhof.o)     contiki-z1.a(rpl.o) (rpl_mrhof)
contiki-z1.a(rpl-dag.o)       contiki-z1.a(rpl-ext-header.) (rpl_parents)
contiki-z1.a(queuebuf.o)      obj_z1/contiki-z1-main.o (queuebuf_init)
contiki-z1.a(nbr-table.o)     contiki-z1.a(uip-ds6-route.o) (nbr_table_register)
contiki-z1.a(packetbuf.o)     contiki-z1.a(queuebuf.o) (packetbuf_copyto)
contiki-z1.a(linkaddr.o)      obj_z1/contiki-z1-main.o (linkaddr_copy)
contiki-z1.a(framer-802154.o)
                              contiki-z1.a(sicslowpan.o) (framer_802154)
contiki-z1.a(csma.o)          obj_z1/contiki-z1-main.o (csma_driver)
contiki-z1.a(frame802154.o)   contiki-z1.a(framer-802154.o) (frame802154_get_pan_id)
contiki-z1.a(mac.o)           contiki-z1.a(csma.o) (mac_call_sent_callback)
contiki-z1.a(nullrdc.o)       obj_z1/contiki-z1-main.o (nullrdc_driver)
contiki-z1.a(nullsec.o)       contiki-z1.a(sicslowpan.o) (nullsec_driver)
contiki-z1.a(stimer.o)        contiki-z1.a(uip-ds6.o) (stimer_set)
contiki-z1.a(memb.o)          contiki-z1.a(uip-ds6-route.o) (memb_init)
contiki-z1.a(rpl-icmp6.o)     contiki-z1.a(rpl-ext-header.) (dao_output_target)
contiki-z1.a(rpl-timers.o)    contiki-z1.a(rpl.o) (rpl_reset_periodic_timer)
/opt/msp430-47/bin/../lib/gcc/msp430/4.7.0/mcpu-430x/mmpy-16/msr20/mc20/libgcc.a(_mulsi3.o)
                              contiki-z1.a(csma.o) (__mulsi3)
/opt/msp430-47/bin/../lib/gcc/msp430/4.7.0/mcpu-430x/mmpy-16/msr20/mc20/libgcc.a(_udivmod16.o)
                              contiki-z1.a(rpl-dag.o) (__udivhi3)
/opt/msp430-47/bin/../lib/gcc/msp430/4.7.0/mcpu-430x/mmpy-16/msr20/mc20/libgcc.a(_divmod16.o)
                              contiki-z1.a(sicslowpan.o) (__divhi3)
/opt/msp430-47/bin/../lib/gcc/msp430/4.7.0/mcpu-430x/mmpy-16/msr20/mc20/libgcc.a(_udivmod32.o)
                              obj_z1/contiki-z1-main.o (__udivsi3)
[...]
Memory Configuration

Name             Origin             Length             Attributes
sfr              0x00000000         0x00000010
peripheral_8bit  0x00000010         0x000000f0
peripheral_16bit 0x00000100         0x00000100
ram_mirror       0x00000200         0x00000800         xw
infomem          0x00001000         0x00000100
infod            0x00001000         0x00000040
infoc            0x00001040         0x00000040
infob            0x00001080         0x00000040
infoa            0x000010c0         0x00000040
ram              0x00001100         0x00002000         xw
rom              0x00003100         0x0000cebe         xr
vectors          0x0000ffc0         0x00000040
far_rom          0x00010000         0x0000a000
bsl              0x00000000         0x00000000
ram2             0x00000000         0x00000000         xw
usbram           0x00000000         0x00000000         xw
*default*        0x00000000         0xffffffff

Linker script and memory map

LOAD /opt/msp430-47/bin/../lib/gcc/msp430/4.7.0/mcpu-430x/mmpy-16/msr20/mc20/crt0ivtbl32.o
                0x00000041                __P1SEL2 = 0x41
                0x00000045                __P5SEL2 = 0x45
LOAD mqtt-demo.co
LOAD obj_z1/contiki-z1-main.o
LOAD contiki-z1.a
LOAD /opt/msp430-47/bin/../lib/gcc/msp430/4.7.0/../../../../msp430/lib/mcpu-430x/mmpy-16/msr20/mc20/libm.a
LOAD /opt/msp430-47/bin/../lib/gcc/msp430/4.7.0/mcpu-430x/mmpy-16/msr20/mc20/libgcc.a
LOAD /opt/msp430-47/bin/../lib/gcc/msp430/4.7.0/../../../../msp430/lib/mcpu-430x/mmpy-16/msr20/mc20/libc.a
LOAD /opt/msp430-47/bin/../lib/gcc/msp430/4.7.0/mcpu-430x/mmpy-16/msr20/mc20/libgcc.a
LOAD /opt/msp430-47/bin/../lib/gcc/msp430/4.7.0/mcpu-430x/mmpy-16/msr20/mc20/libcrt0.a
                0x00000040                PROVIDE (__info_segment_size, 0x40)
                0x00001000                PROVIDE (__infod, 0x1000)
                0x00001040                PROVIDE (__infoc, 0x1040)
                0x00001080                PROVIDE (__infob, 0x1080)
                0x000010c0                PROVIDE (__infoa, 0x10c0)
                0x00000000                __IE1 = 0x0
                0x00000002                __IFG1 = 0x2
                0x00000001                __IE2 = 0x1
                0x00000003                __IFG2 = 0x3
                0x00000006                __UC1IE = 0x6
                0x00000007                __UC1IFG = 0x7
                0x000001a0                __ADC12CTL0 = 0x1a0
                0x000001a2                __ADC12CTL1 = 0x1a2
                0x000001a4                __ADC12IFG = 0x1a4
                0x000001a6                __ADC12IE = 0x1a6
                0x000001a8                __ADC12IV = 0x1a8
                0x00000140                __ADC12MEM0 = 0x140
                0x00000142                __ADC12MEM1 = 0x142
                0x00000144                __ADC12MEM2 = 0x144
                0x00000146                __ADC12MEM3 = 0x146
                0x00000148                __ADC12MEM4 = 0x148
                0x0000014a                __ADC12MEM5 = 0x14a
                0x0000014c                __ADC12MEM6 = 0x14c
                0x0000014e                __ADC12MEM7 = 0x14e
                0x00000150                __ADC12MEM8 = 0x150
                0x00000152                __ADC12MEM9 = 0x152
                0x00000154                __ADC12MEM10 = 0x154
                0x00000156                __ADC12MEM11 = 0x156
                0x00000158                __ADC12MEM12 = 0x158
                0x0000015a                __ADC12MEM13 = 0x15a
                0x0000015c                __ADC12MEM14 = 0x15c
                0x0000015e                __ADC12MEM15 = 0x15e
                0x00000080                __ADC12MCTL0 = 0x80
                0x00000081                __ADC12MCTL1 = 0x81
                0x00000082                __ADC12MCTL2 = 0x82
                0x00000083                __ADC12MCTL3 = 0x83
                0x00000084                __ADC12MCTL4 = 0x84
                0x00000085                __ADC12MCTL5 = 0x85
                0x00000086                __ADC12MCTL6 = 0x86
                0x00000087                __ADC12MCTL7 = 0x87
                0x00000088                __ADC12MCTL8 = 0x88
                0x00000089                __ADC12MCTL9 = 0x89
                0x0000008a                __ADC12MCTL10 = 0x8a
                0x0000008b                __ADC12MCTL11 = 0x8b
                0x0000008c                __ADC12MCTL12 = 0x8c
                0x0000008d                __ADC12MCTL13 = 0x8d
                0x0000008e                __ADC12MCTL14 = 0x8e
                0x0000008f                __ADC12MCTL15 = 0x8f
                0x00000056                __DCOCTL = 0x56
                0x00000057                __BCSCTL1 = 0x57
                0x00000058                __BCSCTL2 = 0x58
                0x00000053                __BCSCTL3 = 0x53
                0x00000059                __CACTL1 = 0x59
                0x0000005a                __CACTL2 = 0x5a
                0x0000005b                __CAPD = 0x5b
                0x000001c0                __DAC12_0CTL = 0x1c0
                0x000001c2                __DAC12_1CTL = 0x1c2
                0x000001c8                __DAC12_0DAT = 0x1c8
                0x000001ca                __DAC12_1DAT = 0x1ca
                0x00000122                __DMACTL0 = 0x122
                0x00000124                __DMACTL1 = 0x124
                0x00000126                __DMAIV = 0x126
                0x000001d0                __DMA0CTL = 0x1d0
                0x000001dc                __DMA1CTL = 0x1dc
                0x000001e8                __DMA2CTL = 0x1e8
                0x000001d2                __DMA0SA = 0x1d2
                0x000001d2                __DMA0SAL = 0x1d2
                0x000001d6                __DMA0DA = 0x1d6
                0x000001d6                __DMA0DAL = 0x1d6
                0x000001da                __DMA0SZ = 0x1da
                0x000001de                __DMA1SA = 0x1de
                0x000001de                __DMA1SAL = 0x1de
                0x000001e2                __DMA1DA = 0x1e2
                0x000001e2                __DMA1DAL = 0x1e2
                0x000001e6                __DMA1SZ = 0x1e6
                0x000001ea                __DMA2SA = 0x1ea
                0x000001ea                __DMA2SAL = 0x1ea
                0x000001ee                __DMA2DA = 0x1ee
                0x000001ee                __DMA2DAL = 0x1ee
                0x000001f2                __DMA2SZ = 0x1f2
                0x00000128                __FCTL1 = 0x128
                0x0000012a                __FCTL2 = 0x12a
                0x0000012c                __FCTL3 = 0x12c
                0x000001be                __FCTL4 = 0x1be
                0x00000130                __MPY = 0x130
                0x00000132                __MPYS = 0x132
                0x00000134                __MAC = 0x134
                0x00000136                __MACS = 0x136
                0x00000138                __OP2 = 0x138
                0x0000013a                __RESLO = 0x13a
                0x0000013c                __RESHI = 0x13c
                0x0000013e                __SUMEXT = 0x13e
                0x00000020                __P1IN = 0x20
                0x00000021                __P1OUT = 0x21
                0x00000022                __P1DIR = 0x22
                0x00000023                __P1IFG = 0x23
                0x00000024                __P1IES = 0x24
                0x00000025                __P1IE = 0x25
                0x00000026                __P1SEL = 0x26
                0x00000027                __P1REN = 0x27
                0x00000028                __P2IN = 0x28
                0x00000029                __P2OUT = 0x29
                0x0000002a                __P2DIR = 0x2a
                0x0000002b                __P2IFG = 0x2b
                0x0000002c                __P2IES = 0x2c
                0x0000002d                __P2IE = 0x2d
                0x0000002e                __P2SEL = 0x2e
                0x0000002f                __P2REN = 0x2f
                0x00000018                __P3IN = 0x18
                0x00000019                __P3OUT = 0x19
                0x0000001a                __P3DIR = 0x1a
                0x0000001b                __P3SEL = 0x1b
                0x00000010                __P3REN = 0x10
                0x0000001c                __P4IN = 0x1c
                0x0000001d                __P4OUT = 0x1d
                0x0000001e                __P4DIR = 0x1e
                0x0000001f                __P4SEL = 0x1f
                0x00000011                __P4REN = 0x11
                0x00000030                __P5IN = 0x30
                0x00000031                __P5OUT = 0x31
                0x00000032                __P5DIR = 0x32
                0x00000033                __P5SEL = 0x33
                0x00000012                __P5REN = 0x12
                0x00000034                __P6IN = 0x34
                0x00000035                __P6OUT = 0x35
                0x00000036                __P6DIR = 0x36
                0x00000037                __P6SEL = 0x37
                0x00000013                __P6REN = 0x13
                0x00000038                __P7IN = 0x38
                0x0000003a                __P7OUT = 0x3a
                0x0000003c                __P7DIR = 0x3c
                0x0000003e                __P7SEL = 0x3e
                0x00000014                __P7REN = 0x14
                0x00000039                __P8IN = 0x39
                0x0000003b                __P8OUT = 0x3b
                0x0000003d                __P8DIR = 0x3d
                0x0000003f                __P8SEL = 0x3f
                0x00000015                __P8REN = 0x15
                0x00000038                __PAIN = 0x38
                0x0000003a                __PAOUT = 0x3a
                0x0000003c                __PADIR = 0x3c
                0x0000003e                __PASEL = 0x3e
                0x00000014                __PAREN = 0x14
                0x00000055                __SVSCTL = 0x55
                0x0000012e                __TAIV = 0x12e
                0x00000160                __TACTL = 0x160
                0x00000162                __TACCTL0 = 0x162
                0x00000164                __TACCTL1 = 0x164
                0x00000166                __TACCTL2 = 0x166
                0x00000170                __TAR = 0x170
                0x00000172                __TACCR0 = 0x172
                0x00000174                __TACCR1 = 0x174
                0x00000176                __TACCR2 = 0x176
                0x0000011e                __TBIV = 0x11e
                0x00000180                __TBCTL = 0x180
                0x00000182                __TBCCTL0 = 0x182
                0x00000184                __TBCCTL1 = 0x184
                0x00000186                __TBCCTL2 = 0x186
                0x00000188                __TBCCTL3 = 0x188
                0x0000018a                __TBCCTL4 = 0x18a
                0x0000018c                __TBCCTL5 = 0x18c
                0x0000018e                __TBCCTL6 = 0x18e
                0x00000190                __TBR = 0x190
                0x00000192                __TBCCR0 = 0x192
                0x00000194                __TBCCR1 = 0x194
                0x00000196                __TBCCR2 = 0x196
                0x00000198                __TBCCR3 = 0x198
                0x0000019a                __TBCCR4 = 0x19a
                0x0000019c                __TBCCR5 = 0x19c
                0x0000019e                __TBCCR6 = 0x19e
                0x00000060                __UCA0CTL0 = 0x60
                0x00000061                __UCA0CTL1 = 0x61
                0x00000062                __UCA0BR0 = 0x62
                0x00000063                __UCA0BR1 = 0x63
                0x00000064                __UCA0MCTL = 0x64
                0x00000065                __UCA0STAT = 0x65
                0x00000066                __UCA0RXBUF = 0x66
                0x00000067                __UCA0TXBUF = 0x67
                0x0000005d                __UCA0ABCTL = 0x5d
                0x0000005e                __UCA0IRTCTL = 0x5e
                0x0000005f                __UCA0IRRCTL = 0x5f
                0x00000068                __UCB0CTL0 = 0x68
                0x00000069                __UCB0CTL1 = 0x69
                0x0000006a                __UCB0BR0 = 0x6a
                0x0000006b                __UCB0BR1 = 0x6b
                0x0000006c                __UCB0I2CIE = 0x6c
                0x0000006d                __UCB0STAT = 0x6d
                0x0000006e                __UCB0RXBUF = 0x6e
                0x0000006f                __UCB0TXBUF = 0x6f
                0x00000118                __UCB0I2COA = 0x118
                0x0000011a                __UCB0I2CSA = 0x11a
                0x000000d0                __UCA1CTL0 = 0xd0
                0x000000d1                __UCA1CTL1 = 0xd1
                0x000000d2                __UCA1BR0 = 0xd2
                0x000000d3                __UCA1BR1 = 0xd3
                0x000000d4                __UCA1MCTL = 0xd4
                0x000000d5                __UCA1STAT = 0xd5
                0x000000d6                __UCA1RXBUF = 0xd6
                0x000000d7                __UCA1TXBUF = 0xd7
                0x000000cd                __UCA1ABCTL = 0xcd
                0x000000ce                __UCA1IRTCTL = 0xce
                0x000000cf                __UCA1IRRCTL = 0xcf
                0x000000d8                __UCB1CTL0 = 0xd8
                0x000000d9                __UCB1CTL1 = 0xd9
                0x000000da                __UCB1BR0 = 0xda
                0x000000db                __UCB1BR1 = 0xdb
                0x000000dc                __UCB1I2CIE = 0xdc
                0x000000dd                __UCB1STAT = 0xdd
                0x000000de                __UCB1RXBUF = 0xde
                0x000000df                __UCB1TXBUF = 0xdf
                0x0000017c                __UCB1I2COA = 0x17c
                0x0000017e                __UCB1I2CSA = 0x17e
                0x00000120                __WDTCTL = 0x120
                0x000010c0                __TLV_CHECKSUM = 0x10c0
                0x000010f6                __TLV_DCO_30_TAG = 0x10f6
                0x000010f7                __TLV_DCO_30_LEN = 0x10f7
                0x000010da                __TLV_ADC12_1_TAG = 0x10da
                0x000010db                __TLV_ADC12_1_LEN = 0x10db
                0x000010f8                __CALDCO_16MHZ = 0x10f8
                0x000010f9                __CALBC1_16MHZ = 0x10f9
                0x000010fa                __CALDCO_12MHZ = 0x10fa
                0x000010fb                __CALBC1_12MHZ = 0x10fb
                0x000010fc                __CALDCO_8MHZ = 0x10fc
                0x000010fd                __CALBC1_8MHZ = 0x10fd
                0x000010fe                __CALDCO_1MHZ = 0x10fe
                0x000010ff                __CALBC1_1MHZ = 0x10ff

.hash
 *(.hash)

.dynsym
 *(.dynsym)

.dynstr
 *(.dynstr)

.gnu.version
 *(.gnu.version)

.gnu.version_d
 *(.gnu.version_d)

.gnu.version_r
 *(.gnu.version_r)

.rel.init
 *(.rel.init)

.rela.init
 *(.rela.init)

.rel.fini
 *(.rel.fini)

.rela.fini
 *(.rela.fini)

.rel.text
 *(.rel.text .rel.text.* .rel.gnu.linkonce.t.*)

.rela.text
 *(.rela.text .rela.text.* .rela.gnu.linkonce.t.*)

.rel.rodata
 *(.rel.rodata .rel.rodata.* .rel.gnu.linkonce.r.*)

.rela.rodata
 *(.rela.rodata .rela.rodata.* .rela.gnu.linkonce.r.*)

.rel.data
 *(.rel.data .rel.data.* .rel.gnu.linkonce.d.*)

.rela.data
 *(.rela.data .rela.data.* .rela.gnu.linkonce.d.*)

.rel.bss
 *(.rel.bss .rel.bss.* .rel.gnu.linkonce.b.*)

.rela.bss
 *(.rela.bss .rela.bss.* .rela.gnu.linkonce.b.*)

.rel.ctors
 *(.rel.ctors)

.rela.ctors
 *(.rela.ctors)

.rel.dtors
 *(.rel.dtors)

.rela.dtors
 *(.rela.dtors)

.rel.got
 *(.rel.got)

.rela.got
 *(.rela.got)

.rel.plt
 *(.rel.plt)

.rela.plt
 *(.rela.plt)

.text           0x00003100     0xc334
                0x00003100                . = ALIGN (0x2)
 *(.init .init.*)
 *(.init0)
 .init0         0x00003100        0x0 /opt/msp430-47/bin/../lib/gcc/msp430/4.7.0/mcpu-430x/mmpy-16/msr20/mc20/libcrt0.a(_reset_vector__.o)
                0x00003100                _reset_vector__
 *(.init1)
 .init1         0x00003100        0xc /opt/msp430-47/bin/../lib/gcc/msp430/4.7.0/mcpu-430x/mmpy-16/msr20/mc20/libcrt0.a(__watchdog_support.o)
                0x00003100                __watchdog_support
 *(.init2)
 .init2         0x0000310c        0x4 /opt/msp430-47/bin/../lib/gcc/msp430/4.7.0/mcpu-430x/mmpy-16/msr20/mc20/libcrt0.a(__init_stack.o)
                0x0000310c                __init_stack
 *(.init3)
 .init3         0x00003110        0x0 /opt/msp430-47/bin/../lib/gcc/msp430/4.7.0/mcpu-430x/mmpy-16/msr20/mc20/libcrt0.a(__low_level_init.o)
                0x00003110                __low_level_init
 *(.init4)
 .init4         0x00003110       0x18 /opt/msp430-47/bin/../lib/gcc/msp430/4.7.0/mcpu-430x/mmpy-16/msr20/mc20/libcrt0.a(_copy_data.o)
                0x00003110                __do_copy_data
 .init4         0x00003128       0x16 /opt/msp430-47/bin/../lib/gcc/msp430/4.7.0/mcpu-430x/mmpy-16/msr20/mc20/libcrt0.a(_clear_bss.o)
                0x00003128                __do_clear_bss
 *(.init5)
 *(.init6)
 *(.init7)
 *(.init8)
 *(.init9)
 .init9         0x0000313e      0x342 obj_z1/contiki-z1-main.o
                0x0000313e                main
 *(.fini9)
 .fini9         0x00003480        0x0 /opt/msp430-47/bin/../lib/gcc/msp430/4.7.0/mcpu-430x/mmpy-16/msr20/mc20/libcrt0.a(__stop_progExec__.o)
                0x00003480                __stop_progExec__
 *(.fini8)
 *(.fini7)
 *(.fini6)
 *(.fini5)
 *(.fini4)
 *(.fini3)
 *(.fini2)
 *(.fini1)
 *(.fini0)
 .fini0         0x00003480        0x6 /opt/msp430-47/bin/../lib/gcc/msp430/4.7.0/mcpu-430x/mmpy-16/msr20/mc20/libcrt0.a(_endless_loop__.o)
                0x00003480                _endless_loop__
 *(.fini .fini.*)
                0x00003486                . = ALIGN (0x2)
                0x00003486                __ctors_start = .
 *(.ctors)
                0x00003486                __ctors_end = .
                0x00003486                __dtors_start = .
 *(.dtors)
                0x00003486                __dtors_end = .
                0x00003486                . = ALIGN (0x2)
 *(.text .text.* .gnu.linkonce.t.*)
 .text          0x00003486        0x4 /opt/msp430-47/bin/../lib/gcc/msp430/4.7.0/mcpu-430x/mmpy-16/msr20/mc20/crt0ivtbl32.o
                0x00003486                __isr_14
                0x00003486                __isr_4
                0x00003486                __isr_29
                0x00003486                __isr_11
                0x00003486                __isr_5
                0x00003486                __isr_2
                0x00003486                __isr_10
                0x00003486                __isr_7
                0x00003486                __isr_0
                0x00003486                __isr_28
                0x00003486                __isr_8
                0x00003486                __isr_20
                0x00003486                __isr_3
                0x00003486                __isr_12
                0x00003486                __isr_13
                0x00003486                __isr_27
                0x00003486                __isr_9
                0x00003486                __isr_30
                0x00003486                __isr_6
                0x00003486                __isr_22
                0x00003486                __isr_1
                0x00003486                __isr_15
                0x00003486                __isr_21
 .text.libgcc   0x0000348a       0x26 /opt/msp430-47/bin/../lib/gcc/msp430/4.7.0/mcpu-430x/mmpy-16/msr20/mc20/libgcc.a(_mulsi3.o)
                0x0000348a                __mulsi3
 .text.libgcc   0x000034b0       0x22 /opt/msp430-47/bin/../lib/gcc/msp430/4.7.0/mcpu-430x/mmpy-16/msr20/mc20/libgcc.a(_udivmod16.o)
                0x000034b0                __udivhi3
                0x000034b0                __ext_udivmod16
                0x000034ca                __umodhi3
 .text.libgcc   0x000034d2       0x3a /opt/msp430-47/bin/../lib/gcc/msp430/4.7.0/mcpu-430x/mmpy-16/msr20/mc20/libgcc.a(_divmod16.o)
                0x000034d2                __ext_divmod16
                0x000034d2                __divhi3
                0x00003504                __modhi3
 .text.libgcc   0x0000350c       0x38 /opt/msp430-47/bin/../lib/gcc/msp430/4.7.0/mcpu-430x/mmpy-16/msr20/mc20/libgcc.a(_udivmod32.o)
                0x0000350c                __udivsi3
                0x0000350c                __ext_udivmod32
                0x0000353a                __umodsi3
 .text.printf   0x00003544       0x10 /opt/msp430-47/bin/../lib/gcc/msp430/4.7.0/../../../../msp430/lib/mcpu-430x/mmpy-16/msr20/mc20/libc.a(printf.o)
                0x00003544                printf
 .text.append   0x00003554       0x22 /opt/msp430-47/bin/../lib/gcc/msp430/4.7.0/../../../../msp430/lib/mcpu-430x/mmpy-16/msr20/mc20/libc.a(sprintf.o)
 .text.call_vuprintf
                0x00003576       0x36 /opt/msp430-47/bin/../lib/gcc/msp430/4.7.0/../../../../msp430/lib/mcpu-430x/mmpy-16/msr20/mc20/libc.a(sprintf.o)
 .text.snprintf
                0x000035ac       0x1c /opt/msp430-47/bin/../lib/gcc/msp430/4.7.0/../../../../msp430/lib/mcpu-430x/mmpy-16/msr20/mc20/libc.a(sprintf.o)
                0x000035ac                snprintf
 .text.print_field
                0x000035c8      0x176 /opt/msp430-47/bin/../lib/gcc/msp430/4.7.0/../../../../msp430/lib/mcpu-430x/mmpy-16/msr20/mc20/libc.a(vuprintf.o)
 .text.vuprintf
                0x0000373e      0x74c /opt/msp430-47/bin/../lib/gcc/msp430/4.7.0/../../../../msp430/lib/mcpu-430x/mmpy-16/msr20/mc20/libc.a(vuprintf.o)
                0x0000373e                vuprintf
 .text.puts     0x00003e8a       0x2c /opt/msp430-47/bin/../lib/gcc/msp430/4.7.0/../../../../msp430/lib/mcpu-430x/mmpy-16/msr20/mc20/libc.a(puts.o)
                0x00003e8a                puts
 .text.rand     0x00003eb6       0x26 /opt/msp430-47/bin/../lib/gcc/msp430/4.7.0/../../../../msp430/lib/mcpu-430x/mmpy-16/msr20/mc20/libc.a(rand.o)
                0x00003eb6                rand
 .text.srand    0x00003edc        0xa /opt/msp430-47/bin/../lib/gcc/msp430/4.7.0/../../../../msp430/lib/mcpu-430x/mmpy-16/msr20/mc20/libc.a(rand.o)
                0x00003edc                srand
 .text.strncmp  0x00003ee6       0x2a /opt/msp430-47/bin/../lib/gcc/msp430/4.7.0/../../../../msp430/lib/mcpu-430x/mmpy-16/msr20/mc20/libc.a(strncmp.o)
                0x00003ee6                strncmp
 .text.memcmp   0x00003f10       0x2c /opt/msp430-47/bin/../lib/gcc/msp430/4.7.0/../../../../msp430/lib/mcpu-430x/mmpy-16/msr20/mc20/libc.a(memcmp.o)
                0x00003f10                memcmp
 .text.memcpy   0x00003f3c       0xe8 /opt/msp430-47/bin/../lib/gcc/msp430/4.7.0/../../../../msp430/lib/mcpu-430x/mmpy-16/msr20/mc20/libc.a(memcpy.o)
                0x00003f3c                memcpy
 .text.memmove  0x00004024       0xe8 /opt/msp430-47/bin/../lib/gcc/msp430/4.7.0/../../../../msp430/lib/mcpu-430x/mmpy-16/msr20/mc20/libc.a(memmove.o)
                0x00004024                memmove
 .text.memset   0x0000410c       0x5c /opt/msp430-47/bin/../lib/gcc/msp430/4.7.0/../../../../msp430/lib/mcpu-430x/mmpy-16/msr20/mc20/libc.a(memset.o)
                0x0000410c                memset
 .text.strncasecmp
                0x00004168       0x7c /opt/msp430-47/bin/../lib/gcc/msp430/4.7.0/../../../../msp430/lib/mcpu-430x/mmpy-16/msr20/mc20/libc.a(strncasecmp.o)
                0x00004168                strncasecmp
 .text.libgcc   0x000041e4       0xbc /opt/msp430-47/bin/../lib/gcc/msp430/4.7.0/mcpu-430x/mmpy-16/msr20/mc20/libgcc.a(_udivmod64.o)
                0x000041e4                __xabi_udivmod64
                0x00004236                __udivdi3
                0x00004250                __umoddi3
                0x00004272                __udivmoddi4
 .text.crt0     0x000042a0        0x2 /opt/msp430-47/bin/../lib/gcc/msp430/4.7.0/mcpu-430x/mmpy-16/msr20/mc20/libcrt0.a(_unexpected_.o)
                0x000042a0                _unexpected_
 *(.near.text .near.text.*)
 .near.text.watchdog_interrupt
                0x000042a2        0x6 contiki-z1.a(watchdog.o)
                0x000042a2                __isr_26
                0x000042a2                watchdog_interrupt
 .near.text.irq_p2
                0x000042a8       0x76 contiki-z1.a(button-sensor.o)
                0x000042a8                irq_p2
                0x000042a8                __isr_19
 .near.text.uart0_rx_interrupt
                0x0000431e       0x64 contiki-z1.a(uart0.o)
                0x0000431e                __isr_23
                0x0000431e                uart0_rx_interrupt
 .near.text.i2c_tx_interrupt
                0x00004382       0x84 contiki-z1.a(i2cmaster.o)
                0x00004382                __isr_16
                0x00004382                i2c_tx_interrupt
 .near.text.i2c_rx_interrupt
                0x00004406       0x14 contiki-z1.a(i2cmaster.o)
                0x00004406                i2c_rx_interrupt
                0x00004406                __isr_17
 .near.text.port1_isr
                0x0000441a       0xbe contiki-z1.a(adxl345.o)
                0x0000441a                port1_isr
                0x0000441a                __isr_18
 .near.text.timera1
                0x000044d8      0x10a contiki-z1.a(clock.o)
                0x000044d8                __isr_24
                0x000044d8                timera1
 .near.text.timera0
                0x000045e2       0x5c contiki-z1.a(rtimer-arch.o)
                0x000045e2                __isr_25
                0x000045e2                timera0
 .any.text.publish_led_off
                0x0000463e        0x8 mqtt-demo.co
 .any.text.ping_parent
                0x00004646       0x1e mqtt-demo.co
 .any.text.mqtt_event
                0x00004664       0xc4 mqtt-demo.co
 .any.text.echo_reply_handler
                0x00004728       0x24 mqtt-demo.co
 .any.text.ipaddr_sprintf
                0x0000474c       0x9a mqtt-demo.co
                0x0000474c                ipaddr_sprintf
 .any.text.process_thread_mqtt_demo_process
                0x000047e6      0x5aa mqtt-demo.co
 .any.text.encode_remaining_length
                0x00004d90       0x4c contiki-z1.a(mqtt.o)
 .any.text.call_event
                0x00004ddc       0x1a contiki-z1.a(mqtt.o)
 .any.text.reset_packet
                0x00004df6       0x16 contiki-z1.a(mqtt.o)
 .any.text.handle_publish
                0x00004e0c       0x2e contiki-z1.a(mqtt.o)
 .any.text.tcp_input
                0x00004e3a      0x43a contiki-z1.a(mqtt.o)
 .any.text.abort_connection
                0x00005274       0x46 contiki-z1.a(mqtt.o)
 .any.text.send_out_buffer
                0x000052ba       0x24 contiki-z1.a(mqtt.o)
 .any.text.write_byte
                0x000052de       0x26 contiki-z1.a(mqtt.o)
 .any.text.string_to_mqtt_string
                0x00005304       0x26 contiki-z1.a(mqtt.o)
 .any.text.keep_alive_callback
                0x0000532a       0x3e contiki-z1.a(mqtt.o)
 .any.text.write_bytes
                0x00005368       0x86 contiki-z1.a(mqtt.o)
 .any.text.connect_tcp
                0x000053ee       0x6a contiki-z1.a(mqtt.o)
 .any.text.tcp_event
                0x00005458       0x94 contiki-z1.a(mqtt.o)
 .any.text.mqtt_init
                0x000054ec       0x76 contiki-z1.a(mqtt.o)
                0x000054ec                mqtt_init
 .any.text.mqtt_register
                0x00005562       0x6c contiki-z1.a(mqtt.o)
                0x00005562                mqtt_register
 .any.text.mqtt_connect
                0x000055ce       0x5c contiki-z1.a(mqtt.o)
                0x000055ce                mqtt_connect
 .any.text.mqtt_disconnect
                0x0000562a       0x1c contiki-z1.a(mqtt.o)
                0x0000562a                mqtt_disconnect
 .any.text.process_thread_mqtt_process
                0x00005646     0x1080 contiki-z1.a(mqtt.o)
 .any.text.mqtt_subscribe
                0x000066c6       0x58 contiki-z1.a(mqtt.o)
                0x000066c6                mqtt_subscribe
 .any.text.mqtt_publish
                0x0000671e       0x70 contiki-z1.a(mqtt.o)
                0x0000671e                mqtt_publish
 .any.text.mqtt_set_username_password
                0x0000678e       0x44 contiki-z1.a(mqtt.o)
                0x0000678e                mqtt_set_username_password
 .any.text.init_platform
                0x000067d2        0xc contiki-z1.a(contiki-z1-plat)
                0x000067d2                init_platform
 .any.text.msp430_init_dco
                0x000067de       0x28 contiki-z1.a(msp430.o)
                0x000067de                msp430_init_dco
 .any.text.splhigh_
                0x00006806        0x8 contiki-z1.a(msp430.o)
                0x00006806                splhigh_
 .any.text.msp430_sync_dco
                0x0000680e       0x6e contiki-z1.a(msp430.o)
                0x0000680e                msp430_sync_dco
 .any.text.msp430_cpu_init
                0x0000687c       0x2e contiki-z1.a(msp430.o)
                0x0000687c                msp430_cpu_init
 .any.text.show_leds
                0x000068aa       0xe8 contiki-z1.a(leds.o)
 .any.text.leds_init
                0x00006992        0xa contiki-z1.a(leds.o)
                0x00006992                leds_init
 .any.text.leds_on
                0x0000699c        0xa contiki-z1.a(leds.o)
                0x0000699c                leds_on
 .any.text.leds_off
                0x000069a6        0xe contiki-z1.a(leds.o)
                0x000069a6                leds_off
 .any.text.watchdog_start
                0x000069b4       0x14 contiki-z1.a(watchdog.o)
                0x000069b4                watchdog_start
 .any.text.watchdog_periodic
                0x000069c8       0x12 contiki-z1.a(watchdog.o)
                0x000069c8                watchdog_periodic
 .any.text.watchdog_stop
                0x000069da       0x16 contiki-z1.a(watchdog.o)
                0x000069da                watchdog_stop
 .any.text.watchdog_init
                0x000069f0       0x12 contiki-z1.a(watchdog.o)
                0x000069f0                watchdog_init
 .any.text.wait_ready
                0x00006a02       0x46 contiki-z1.a(xmem.o)
 .any.text.xmem_init
                0x00006a48       0x1e contiki-z1.a(xmem.o)
                0x00006a48                xmem_init
 .any.text.xmem_pread
                0x00006a66       0xc2 contiki-z1.a(xmem.o)
                0x00006a66                xmem_pread
 .any.text.spi_init
                0x00006b28       0x32 contiki-z1.a(spi.o)
                0x00006b28                spi_init
 .any.text.get_object
                0x00006b5a        0x4 contiki-z1.a(cc2420.o)
 .any.text.set_object
                0x00006b5e        0x4 contiki-z1.a(cc2420.o)
 .any.text.strobe
                0x00006b62       0x1a contiki-z1.a(cc2420.o)
 .any.text.getreg
                0x00006b7c       0x46 contiki-z1.a(cc2420.o)
 .any.text.setreg
                0x00006bc2       0x44 contiki-z1.a(cc2420.o)
 .any.text.write_ram
                0x00006c06       0x72 contiki-z1.a(cc2420.o)
 .any.text.write_fifo_buf
                0x00006c78       0x38 contiki-z1.a(cc2420.o)
 .any.text.get_status
                0x00006cb0       0x1e contiki-z1.a(cc2420.o)
 .any.text.set_txpower
                0x00006cce       0x24 contiki-z1.a(cc2420.o)
 .any.text.cc2420_receiving_packet
                0x00006cf2        0xa contiki-z1.a(cc2420.o)
 .any.text.pending_packet
                0x00006cfc        0xa contiki-z1.a(cc2420.o)
 .any.text.on   0x00006d06       0x26 contiki-z1.a(cc2420.o)
 .any.text.wait_for_transmission
                0x00006d2c       0x22 contiki-z1.a(cc2420.o)
 .any.text.wait_for_status
                0x00006d4e       0x24 contiki-z1.a(cc2420.o)
 .any.text.getrxdata
                0x00006d72       0x4c contiki-z1.a(cc2420.o)
 .any.text.flushrx
                0x00006dbe       0x1a contiki-z1.a(cc2420.o)
 .any.text.off  0x00006dd8       0x5a contiki-z1.a(cc2420.o)
 .any.text.RELEASE_LOCK
                0x00006e32       0x28 contiki-z1.a(cc2420.o)
 .any.text.set_frame_filtering
                0x00006e5a       0x30 contiki-z1.a(cc2420.o)
 .any.text.set_auto_ack
                0x00006e8a       0x30 contiki-z1.a(cc2420.o)
 .any.text.set_poll_mode
                0x00006eba       0x2c contiki-z1.a(cc2420.o)
 .any.text.cc2420_prepare
                0x00006ee6       0x38 contiki-z1.a(cc2420.o)
 .any.text.cc2420_on
                0x00006f1e       0x22 contiki-z1.a(cc2420.o)
                0x00006f1e                cc2420_on
 .any.text.cc2420_off
                0x00006f40       0x30 contiki-z1.a(cc2420.o)
                0x00006f40                cc2420_off
 .any.text.cc2420_cca
                0x00006f70       0x54 contiki-z1.a(cc2420.o)
 .any.text.cc2420_read
                0x00006fc4       0xb8 contiki-z1.a(cc2420.o)
 .any.text.process_thread_cc2420_process
                0x0000707c       0x5c contiki-z1.a(cc2420.o)
 .any.text.cc2420_set_channel
                0x000070d8       0x3a contiki-z1.a(cc2420.o)
                0x000070d8                cc2420_set_channel
 .any.text.cc2420_set_pan_addr
                0x00007112       0x4c contiki-z1.a(cc2420.o)
                0x00007112                cc2420_set_pan_addr
 .any.text.cc2420_interrupt
                0x0000715e       0x16 contiki-z1.a(cc2420.o)
                0x0000715e                cc2420_interrupt
 .any.text.cc2420_set_txpower
                0x00007174        0xe contiki-z1.a(cc2420.o)
                0x00007174                cc2420_set_txpower
 .any.text.cc2420_get_txpower
                0x00007182       0x1e contiki-z1.a(cc2420.o)
                0x00007182                cc2420_get_txpower
 .any.text.cc2420_transmit
                0x000071a0      0x10e contiki-z1.a(cc2420.o)
 .any.text.cc2420_send
                0x000072ae       0x12 contiki-z1.a(cc2420.o)
 .any.text.cc2420_rssi
                0x000072c0       0x48 contiki-z1.a(cc2420.o)
                0x000072c0                cc2420_rssi
 .any.text.get_value
                0x00007308      0x104 contiki-z1.a(cc2420.o)
 .any.text.cc2420_set_cca_threshold
                0x0000740c       0x16 contiki-z1.a(cc2420.o)
                0x0000740c                cc2420_set_cca_threshold
 .any.text.set_value
                0x00007422       0xb2 contiki-z1.a(cc2420.o)
 .any.text.cc2420_init
                0x000074d4       0xea contiki-z1.a(cc2420.o)
                0x000074d4                cc2420_init
 .any.text.cc2420_arch_init
                0x000075be       0x1a contiki-z1.a(cc2420-arch.o)
                0x000075be                cc2420_arch_init
 .any.text.node_id_restore
                0x000075d8       0x4c contiki-z1.a(node-id.o)
                0x000075d8                node_id_restore
 .any.text.process_thread_sensors_process
                0x00007624       0xc2 contiki-z1.a(sensors.o)
 .any.text.sensors_changed
                0x000076e6       0x2a contiki-z1.a(sensors.o)
                0x000076e6                sensors_changed
 .any.text.status
                0x00007710       0x18 contiki-z1.a(button-sensor.o)
 .any.text.value
                0x00007728       0x20 contiki-z1.a(button-sensor.o)
 .any.text.configure
                0x00007748       0x4e contiki-z1.a(button-sensor.o)
 .any.text.uart0_active
                0x00007796        0xe contiki-z1.a(uart0.o)
                0x00007796                uart0_active
 .any.text.uart0_writeb
                0x000077a4       0x16 contiki-z1.a(uart0.o)
                0x000077a4                uart0_writeb
 .any.text.uart0_init
                0x000077ba       0x40 contiki-z1.a(uart0.o)
                0x000077ba                uart0_init
 .any.text.putchar
                0x000077fa       0x10 contiki-z1.a(uart0-putchar.o)
                0x000077fa                putchar
 .any.text.status
                0x0000780a       0x12 contiki-z1.a(sht25.o)
 .any.text.configure
                0x0000781c       0x26 contiki-z1.a(sht25.o)
 .any.text.value
                0x00007842       0xc2 contiki-z1.a(sht25.o)
 .any.text.i2c_receiveinit
                0x00007904       0x36 contiki-z1.a(i2cmaster.o)
                0x00007904                i2c_receiveinit
 .any.text.i2c_transmitinit
                0x0000793a       0x30 contiki-z1.a(i2cmaster.o)
                0x0000793a                i2c_transmitinit
 .any.text.i2c_receive_n
                0x0000796a       0x3e contiki-z1.a(i2cmaster.o)
                0x0000796a                i2c_receive_n
 .any.text.i2c_busy
                0x000079a8        0xa contiki-z1.a(i2cmaster.o)
                0x000079a8                i2c_busy
 .any.text.i2c_enable
                0x000079b2       0x22 contiki-z1.a(i2cmaster.o)
                0x000079b2                i2c_enable
 .any.text.i2c_disable
                0x000079d4       0x1a contiki-z1.a(i2cmaster.o)
                0x000079d4                i2c_disable
 .any.text.i2c_transmit_n
                0x000079ee       0x14 contiki-z1.a(i2cmaster.o)
                0x000079ee                i2c_transmit_n
 .any.text.accm_write_reg
                0x00007a02       0x2e contiki-z1.a(adxl345.o)
                0x00007a02                accm_write_reg
 .any.text.accm_write_stream
                0x00007a30       0x2a contiki-z1.a(adxl345.o)
                0x00007a30                accm_write_stream
 .any.text.accm_read_reg
                0x00007a5a       0x54 contiki-z1.a(adxl345.o)
                0x00007a5a                accm_read_reg
 .any.text.process_thread_accmeter_process
                0x00007aae       0x56 contiki-z1.a(adxl345.o)
 .any.text.accm_init
                0x00007b04       0x8c contiki-z1.a(adxl345.o)
                0x00007b04                accm_init
 .any.text.clock_time
                0x00007b90       0x1a contiki-z1.a(clock.o)
                0x00007b90                clock_time
 .any.text.clock_init
                0x00007baa       0x28 contiki-z1.a(clock.o)
                0x00007baa                clock_init
 .any.text.clock_delay
                0x00007bd2        0xc contiki-z1.a(clock.o)
                0x00007bd2                clock_delay
 .any.text.clock_wait
                0x00007bde       0x24 contiki-z1.a(clock.o)
                0x00007bde                clock_wait
 .any.text.clock_seconds
                0x00007c02       0x1a contiki-z1.a(clock.o)
                0x00007c02                clock_seconds
 .any.text.leds_arch_init
                0x00007c1c        0xe contiki-z1.a(leds-arch.o)
                0x00007c1c                leds_arch_init
 .any.text.leds_arch_set
                0x00007c2a       0x38 contiki-z1.a(leds-arch.o)
                0x00007c2a                leds_arch_set
 .any.text.rtimer_arch_init
                0x00007c62        0xe contiki-z1.a(rtimer-arch.o)
                0x00007c62                rtimer_arch_init
 .any.text.rtimer_arch_now
                0x00007c70        0xe contiki-z1.a(rtimer-arch.o)
                0x00007c70                rtimer_arch_now
 .any.text.rtimer_arch_schedule
                0x00007c7e        0x6 contiki-z1.a(rtimer-arch.o)
                0x00007c7e                rtimer_arch_schedule
 .any.text.process_thread_ctimer_process
                0x00007c84       0xa0 contiki-z1.a(ctimer.o)
 .any.text.ctimer_init
                0x00007d24       0x18 contiki-z1.a(ctimer.o)
                0x00007d24                ctimer_init
 .any.text.ctimer_set_with_process
                0x00007d3c       0x4a contiki-z1.a(ctimer.o)
                0x00007d3c                ctimer_set_with_process
 .any.text.ctimer_set
                0x00007d86       0x10 contiki-z1.a(ctimer.o)
                0x00007d86                ctimer_set
 .any.text.ctimer_reset
                0x00007d96       0x2c contiki-z1.a(ctimer.o)
                0x00007d96                ctimer_reset
 .any.text.ctimer_restart
                0x00007dc2       0x2c contiki-z1.a(ctimer.o)
                0x00007dc2                ctimer_restart
 .any.text.ctimer_stop
                0x00007dee       0x28 contiki-z1.a(ctimer.o)
                0x00007dee                ctimer_stop
 .any.text.autostart_start
                0x00007e16       0x16 contiki-z1.a(autostart.o)
                0x00007e16                autostart_start
 .any.text.energest_init
                0x00007e2c       0x24 contiki-z1.a(energest.o)
                0x00007e2c                energest_init
 .any.text.energest_type_time
                0x00007e50       0x3c contiki-z1.a(energest.o)
                0x00007e50                energest_type_time
 .any.text.energest_type_set
                0x00007e8c        0xc contiki-z1.a(energest.o)
                0x00007e8c                energest_type_set
 .any.text.energest_flush
                0x00007e98       0x38 contiki-z1.a(energest.o)
                0x00007e98                energest_flush
 .any.text.update_time
                0x00007ed0       0x70 contiki-z1.a(etimer.o)
 .any.text.etimer_request_poll
                0x00007f40        0xa contiki-z1.a(etimer.o)
                0x00007f40                etimer_request_poll
 .any.text.process_thread_etimer_process
                0x00007f4a       0xc4 contiki-z1.a(etimer.o)
 .any.text.add_timer
                0x0000800e       0x40 contiki-z1.a(etimer.o)
 .any.text.etimer_set
                0x0000804e       0x12 contiki-z1.a(etimer.o)
                0x0000804e                etimer_set
 .any.text.etimer_reset
                0x00008060       0x12 contiki-z1.a(etimer.o)
                0x00008060                etimer_reset
 .any.text.etimer_restart
                0x00008072       0x12 contiki-z1.a(etimer.o)
                0x00008072                etimer_restart
 .any.text.etimer_expired
                0x00008084        0xe contiki-z1.a(etimer.o)
                0x00008084                etimer_expired
 .any.text.etimer_expiration_time
                0x00008092       0x14 contiki-z1.a(etimer.o)
                0x00008092                etimer_expiration_time
 .any.text.etimer_pending
                0x000080a6        0xc contiki-z1.a(etimer.o)
                0x000080a6                etimer_pending
 .any.text.etimer_next_expiration_time
                0x000080b2       0x16 contiki-z1.a(etimer.o)
                0x000080b2                etimer_next_expiration_time
 .any.text.etimer_stop
                0x000080c8       0x3e contiki-z1.a(etimer.o)
                0x000080c8                etimer_stop
 .any.text.call_process
                0x00008106       0x40 contiki-z1.a(process.o)
 .any.text.exit_process
                0x00008146       0x88 contiki-z1.a(process.o)
 .any.text.do_poll
                0x000081ce       0x30 contiki-z1.a(process.o)
 .any.text.process_alloc_event
                0x000081fe        0xe contiki-z1.a(process.o)
                0x000081fe                process_alloc_event
 .any.text.process_init
                0x0000820c       0x1c contiki-z1.a(process.o)
                0x0000820c                process_init
 .any.text.process_run
                0x00008228       0xa4 contiki-z1.a(process.o)
                0x00008228                process_run
 .any.text.process_nevents
                0x000082cc        0xe contiki-z1.a(process.o)
                0x000082cc                process_nevents
 .any.text.process_post
                0x000082da       0x50 contiki-z1.a(process.o)
                0x000082da                process_post
 .any.text.process_post_synch
                0x0000832a       0x12 contiki-z1.a(process.o)
                0x0000832a                process_post_synch
 .any.text.process_start
                0x0000833c       0x36 contiki-z1.a(process.o)
                0x0000833c                process_start
 .any.text.process_poll
                0x00008372       0x18 contiki-z1.a(process.o)
                0x00008372                process_poll
 .any.text.rtimer_init
                0x0000838a        0x6 contiki-z1.a(rtimer.o)
                0x0000838a                rtimer_init
 .any.text.rtimer_run_next
                0x00008390       0x26 contiki-z1.a(rtimer.o)
                0x00008390                rtimer_run_next
 .any.text.timer_set
                0x000083b6       0x1c contiki-z1.a(timer.o)
                0x000083b6                timer_set
 .any.text.timer_reset
                0x000083d2        0xe contiki-z1.a(timer.o)
                0x000083d2                timer_reset
 .any.text.timer_restart
                0x000083e0       0x14 contiki-z1.a(timer.o)
                0x000083e0                timer_restart
 .any.text.timer_expired
                0x000083f4       0x2a contiki-z1.a(timer.o)
                0x000083f4                timer_expired
 .any.text.list_init
                0x0000841e        0x6 contiki-z1.a(list.o)
                0x0000841e                list_init
 .any.text.list_head
                0x00008424        0x4 contiki-z1.a(list.o)
                0x00008424                list_head
 .any.text.list_tail
                0x00008428       0x12 contiki-z1.a(list.o)
                0x00008428                list_tail
 .any.text.list_remove
                0x0000843a       0x34 contiki-z1.a(list.o)
                0x0000843a                list_remove
 .any.text.list_push
                0x0000846e       0x16 contiki-z1.a(list.o)
                0x0000846e                list_push
 .any.text.list_add
                0x00008484       0x26 contiki-z1.a(list.o)
                0x00008484                list_add
 .any.text.list_length
                0x000084aa       0x10 contiki-z1.a(list.o)
                0x000084aa                list_length
 .any.text.list_item_next
                0x000084ba        0xc contiki-z1.a(list.o)
                0x000084ba                list_item_next
 .any.text.random_init
                0x000084c6        0x6 contiki-z1.a(random.o)
                0x000084c6                random_init
 .any.text.random_rand
                0x000084cc        0x6 contiki-z1.a(random.o)
                0x000084cc                random_rand
 .any.text.echo_reply_input
                0x000084d2      0x10c contiki-z1.a(uip-icmp6.o)
 .any.text.echo_request_input
                0x000085de      0x128 contiki-z1.a(uip-icmp6.o)
 .any.text.uip_icmp6_input
                0x00008706       0x44 contiki-z1.a(uip-icmp6.o)
                0x00008706                uip_icmp6_input
 .any.text.uip_icmp6_register_input_handler
                0x0000874a        0xc contiki-z1.a(uip-icmp6.o)
                0x0000874a                uip_icmp6_register_input_handler
 .any.text.uip_icmp6_error_output
                0x00008756      0x170 contiki-z1.a(uip-icmp6.o)
                0x00008756                uip_icmp6_error_output
 .any.text.uip_icmp6_send
                0x000088c6       0x84 contiki-z1.a(uip-icmp6.o)
                0x000088c6                uip_icmp6_send
 .any.text.uip_icmp6_echo_reply_callback_add
                0x0000894a       0x18 contiki-z1.a(uip-icmp6.o)
                0x0000894a                uip_icmp6_echo_reply_callback_add
 .any.text.uip_icmp6_init
                0x00008962       0x12 contiki-z1.a(uip-icmp6.o)
                0x00008962                uip_icmp6_init
 .any.text.uip_ds6_list_loop
                0x00008974       0x66 contiki-z1.a(uip-ds6.o)
                0x00008974                uip_ds6_list_loop
 .any.text.uip_ds6_prefix_add
                0x000089da       0x70 contiki-z1.a(uip-ds6.o)
                0x000089da                uip_ds6_prefix_add
 .any.text.uip_ds6_is_addr_onlink
                0x00008a4a       0x42 contiki-z1.a(uip-ds6.o)
                0x00008a4a                uip_ds6_is_addr_onlink
 .any.text.uip_ds6_addr_lookup
                0x00008a8c       0x2a contiki-z1.a(uip-ds6.o)
                0x00008a8c                uip_ds6_addr_lookup
 .any.text.uip_ds6_get_link_local
                0x00008ab6       0x3e contiki-z1.a(uip-ds6.o)
                0x00008ab6                uip_ds6_get_link_local
 .any.text.uip_ds6_get_global
                0x00008af4       0x3e contiki-z1.a(uip-ds6.o)
                0x00008af4                uip_ds6_get_global
 .any.text.uip_ds6_maddr_add
                0x00008b32       0x48 contiki-z1.a(uip-ds6.o)
                0x00008b32                uip_ds6_maddr_add
 .any.text.uip_ds6_addr_add
                0x00008b7a       0xb4 contiki-z1.a(uip-ds6.o)
                0x00008b7a                uip_ds6_addr_add
 .any.text.uip_ds6_maddr_rm
                0x00008c2e        0xa contiki-z1.a(uip-ds6.o)
                0x00008c2e                uip_ds6_maddr_rm
 .any.text.uip_ds6_maddr_lookup
                0x00008c38       0x2a contiki-z1.a(uip-ds6.o)
                0x00008c38                uip_ds6_maddr_lookup
 .any.text.uip_ds6_addr_rm
                0x00008c62       0x54 contiki-z1.a(uip-ds6.o)
                0x00008c62                uip_ds6_addr_rm
 .any.text.uip_ds6_periodic
                0x00008cb6       0x4a contiki-z1.a(uip-ds6.o)
                0x00008cb6                uip_ds6_periodic
 .any.text.uip_ds6_set_addr_iid
                0x00008d00       0x14 contiki-z1.a(uip-ds6.o)
                0x00008d00                uip_ds6_set_addr_iid
 .any.text.get_match_length
                0x00008d14       0x3c contiki-z1.a(uip-ds6.o)
                0x00008d14                get_match_length
 .any.text.uip_ds6_select_src
                0x00008d50       0x9a contiki-z1.a(uip-ds6.o)
                0x00008d50                uip_ds6_select_src
 .any.text.uip_ds6_compute_reachable_time
                0x00008dea       0x36 contiki-z1.a(uip-ds6.o)
                0x00008dea                uip_ds6_compute_reachable_time
 .any.text.uip_ds6_init
                0x00008e20      0x138 contiki-z1.a(uip-ds6.o)
                0x00008e20                uip_ds6_init
 .any.text.call_route_callback
                0x00008f58       0x40 contiki-z1.a(uip-ds6-route.o)
 .any.text.uip_ds6_route_init
                0x00008f98       0x36 contiki-z1.a(uip-ds6-route.o)
                0x00008f98                uip_ds6_route_init
 .any.text.uip_ds6_route_nexthop
                0x00008fce       0x1a contiki-z1.a(uip-ds6-route.o)
                0x00008fce                uip_ds6_route_nexthop
 .any.text.uip_ds6_route_head
                0x00008fe8        0xa contiki-z1.a(uip-ds6-route.o)
                0x00008fe8                uip_ds6_route_head
 .any.text.uip_ds6_route_next
                0x00008ff2        0xe contiki-z1.a(uip-ds6-route.o)
                0x00008ff2                uip_ds6_route_next
 .any.text.uip_ds6_route_lookup
                0x00009000       0x6e contiki-z1.a(uip-ds6-route.o)
                0x00009000                uip_ds6_route_lookup
 .any.text.uip_ds6_route_rm
                0x0000906e       0xa2 contiki-z1.a(uip-ds6-route.o)
                0x0000906e                uip_ds6_route_rm
 .any.text.rm_routelist
                0x00009110       0x34 contiki-z1.a(uip-ds6-route.o)
 .any.text.rm_routelist_callback
                0x00009144        0x6 contiki-z1.a(uip-ds6-route.o)
 .any.text.uip_ds6_route_add
                0x0000914a      0x102 contiki-z1.a(uip-ds6-route.o)
                0x0000914a                uip_ds6_route_add
 .any.text.uip_ds6_defrt_rm
                0x0000924c       0x44 contiki-z1.a(uip-ds6-route.o)
                0x0000924c                uip_ds6_defrt_rm
 .any.text.uip_ds6_defrt_lookup
                0x00009290       0x32 contiki-z1.a(uip-ds6-route.o)
                0x00009290                uip_ds6_defrt_lookup
 .any.text.uip_ds6_defrt_add
                0x000092c2       0x68 contiki-z1.a(uip-ds6-route.o)
                0x000092c2                uip_ds6_defrt_add
 .any.text.uip_ds6_defrt_choose
                0x0000932a       0x36 contiki-z1.a(uip-ds6-route.o)
                0x0000932a                uip_ds6_defrt_choose
 .any.text.uip_ds6_defrt_periodic
                0x00009360       0x38 contiki-z1.a(uip-ds6-route.o)
                0x00009360                uip_ds6_defrt_periodic
 .any.text.chksum
                0x00009398       0x32 contiki-z1.a(uip6.o)
 .any.text.upper_layer_chksum
                0x000093ca       0x56 contiki-z1.a(uip6.o)
 .any.text.ext_hdr_options_process
                0x00009420       0xc2 contiki-z1.a(uip6.o)
 .any.text.uip_add32
                0x000094e2       0x60 contiki-z1.a(uip6.o)
                0x000094e2                uip_add32
 .any.text.uip_add_rcv_nxt
                0x00009542       0x2e contiki-z1.a(uip6.o)
 .any.text.uip_icmp6chksum
                0x00009570        0xa contiki-z1.a(uip6.o)
                0x00009570                uip_icmp6chksum
 .any.text.uip_tcpchksum
                0x0000957a        0xa contiki-z1.a(uip6.o)
                0x0000957a                uip_tcpchksum
 .any.text.uip_udpchksum
                0x00009584        0xa contiki-z1.a(uip6.o)
                0x00009584                uip_udpchksum
 .any.text.uip_init
                0x0000958e       0x62 contiki-z1.a(uip6.o)
                0x0000958e                uip_init
 .any.text.uip_connect
                0x000095f0      0x11a contiki-z1.a(uip6.o)
                0x000095f0                uip_connect
 .any.text.remove_ext_hdr
                0x0000970a       0x50 contiki-z1.a(uip6.o)
                0x0000970a                remove_ext_hdr
 .any.text.uip_unlisten
                0x0000975a       0x2a contiki-z1.a(uip6.o)
                0x0000975a                uip_unlisten
 .any.text.uip_process
                0x00009784      0xe0a contiki-z1.a(uip6.o)
                0x00009784                uip_process
 .any.text.uip_htons
                0x0000a58e        0xc contiki-z1.a(uip6.o)
                0x0000a58e                uip_htons
 .any.text.uip_htonl
                0x0000a59a       0x2a contiki-z1.a(uip6.o)
                0x0000a59a                uip_htonl
 .any.text.uip_send
                0x0000a5c4       0x48 contiki-z1.a(uip6.o)
                0x0000a5c4                uip_send
 .any.text.uip_ds6_nbr_rm
                0x0000a60c       0x1a contiki-z1.a(uip-ds6-nbr.o)
                0x0000a60c                uip_ds6_nbr_rm
 .any.text.uip_ds6_neighbors_init
                0x0000a626        0xe contiki-z1.a(uip-ds6-nbr.o)
                0x0000a626                uip_ds6_neighbors_init
 .any.text.uip_ds6_nbr_add
                0x0000a634       0x54 contiki-z1.a(uip-ds6-nbr.o)
                0x0000a634                uip_ds6_nbr_add
 .any.text.uip_ds6_nbr_get_ll
                0x0000a688        0xc contiki-z1.a(uip-ds6-nbr.o)
                0x0000a688                uip_ds6_nbr_get_ll
 .any.text.uip_ds6_nbr_lookup
                0x0000a694       0x3e contiki-z1.a(uip-ds6-nbr.o)
                0x0000a694                uip_ds6_nbr_lookup
 .any.text.uip_ds6_nbr_ll_lookup
                0x0000a6d2        0xc contiki-z1.a(uip-ds6-nbr.o)
                0x0000a6d2                uip_ds6_nbr_ll_lookup
 .any.text.uip_ds6_nbr_ipaddr_from_lladdr
                0x0000a6de        0x6 contiki-z1.a(uip-ds6-nbr.o)
                0x0000a6de                uip_ds6_nbr_ipaddr_from_lladdr
 .any.text.uip_ds6_nbr_lladdr_from_ipaddr
                0x0000a6e4       0x12 contiki-z1.a(uip-ds6-nbr.o)
                0x0000a6e4                uip_ds6_nbr_lladdr_from_ipaddr
 .any.text.uip_ds6_link_neighbor_callback
                0x0000a6f6       0x26 contiki-z1.a(uip-ds6-nbr.o)
                0x0000a6f6                uip_ds6_link_neighbor_callback
 .any.text.uip_ds6_neighbor_periodic
                0x0000a71c       0x5c contiki-z1.a(uip-ds6-nbr.o)
                0x0000a71c                uip_ds6_neighbor_periodic
 .any.text.uip_nd6_init
                0x0000a778        0x2 contiki-z1.a(uip-nd6.o)
                0x0000a778                uip_nd6_init
 .any.text.set_packet_attrs
                0x0000a77a       0x46 contiki-z1.a(sicslowpan.o)
 .any.text.addr_context_lookup_by_number
                0x0000a7c0       0x30 contiki-z1.a(sicslowpan.o)
 .any.text.compress_addr_64
                0x0000a7f0       0x9a contiki-z1.a(sicslowpan.o)
 .any.text.uncompress_addr
                0x0000a88a       0x96 contiki-z1.a(sicslowpan.o)
 .any.text.input
                0x0000a920      0x5e2 contiki-z1.a(sicslowpan.o)
 .any.text.sicslowpan_init
                0x0000af02       0x26 contiki-z1.a(sicslowpan.o)
                0x0000af02                sicslowpan_init
 .any.text.addr_context_lookup_by_prefix
                0x0000af28       0x4a contiki-z1.a(sicslowpan.o)
 .any.text.packet_sent
                0x0000af72       0x22 contiki-z1.a(sicslowpan.o)
 .any.text.send_packet
                0x0000af94       0x1a contiki-z1.a(sicslowpan.o)
 .any.text.output
                0x0000afae      0x67a contiki-z1.a(sicslowpan.o)
 .any.text.sicslowpan_get_last_rssi
                0x0000b628        0x6 contiki-z1.a(sicslowpan.o)
                0x0000b628                sicslowpan_get_last_rssi
 .any.text.call_event
                0x0000b62e       0x1a contiki-z1.a(tcp-socket.o)
 .any.text.relisten
                0x0000b648       0x10 contiki-z1.a(tcp-socket.o)
 .any.text.newdata
                0x0000b658       0x54 contiki-z1.a(tcp-socket.o)
 .any.text.senddata
                0x0000b6ac       0x2e contiki-z1.a(tcp-socket.o)
 .any.text.process_thread_tcp_socket_process
                0x0000b6da      0x1fe contiki-z1.a(tcp-socket.o)
 .any.text.tcp_socket_register
                0x0000b8d8       0x72 contiki-z1.a(tcp-socket.o)
                0x0000b8d8                tcp_socket_register
 .any.text.tcp_socket_connect
                0x0000b94a       0x4a contiki-z1.a(tcp-socket.o)
                0x0000b94a                tcp_socket_connect
 .any.text.tcp_socket_unlisten
                0x0000b994       0x34 contiki-z1.a(tcp-socket.o)
                0x0000b994                tcp_socket_unlisten
 .any.text.tcp_socket_send
                0x0000b9c8       0x42 contiki-z1.a(tcp-socket.o)
                0x0000b9c8                tcp_socket_send
 .any.text.tcp_socket_close
                0x0000ba0a       0x10 contiki-z1.a(tcp-socket.o)
                0x0000ba0a                tcp_socket_close
 .any.text.tcp_socket_unregister
                0x0000ba1a       0x2e contiki-z1.a(tcp-socket.o)
                0x0000ba1a                tcp_socket_unregister
 .any.text.start_periodic_tcp_timer
                0x0000ba48       0x16 contiki-z1.a(tcpip.o)
 .any.text.tcpip_output
                0x0000ba5e       0x10 contiki-z1.a(tcpip.o)
                0x0000ba5e                tcpip_output
 .any.text.tcpip_set_outputfunc
                0x0000ba6e        0x6 contiki-z1.a(tcpip.o)
                0x0000ba6e                tcpip_set_outputfunc
 .any.text.tcp_unlisten
                0x0000ba74       0x32 contiki-z1.a(tcpip.o)
                0x0000ba74                tcp_unlisten
 .any.text.tcp_attach
                0x0000baa6        0xc contiki-z1.a(tcpip.o)
                0x0000baa6                tcp_attach
 .any.text.tcpip_input
                0x0000bab2       0x16 contiki-z1.a(tcpip.o)
                0x0000bab2                tcpip_input
 .any.text.tcpip_ipv6_output
                0x0000bac8       0xce contiki-z1.a(tcpip.o)
                0x0000bac8                tcpip_ipv6_output
 .any.text.process_thread_tcpip_process
                0x0000bb96      0x1ba contiki-z1.a(tcpip.o)
 .any.text.tcpip_poll_tcp
                0x0000bd50        0xe contiki-z1.a(tcpip.o)
                0x0000bd50                tcpip_poll_tcp
 .any.text.tcp_connect
                0x0000bd5e       0x22 contiki-z1.a(tcpip.o)
                0x0000bd5e                tcp_connect
 .any.text.tcpip_uipcall
                0x0000bd80       0x70 contiki-z1.a(tcpip.o)
                0x0000bd80                tcpip_uipcall
 .any.text.uiplib_ip6addrconv
                0x0000bdf0       0xfa contiki-z1.a(uiplib.o)
                0x0000bdf0                uiplib_ip6addrconv
 .any.text.uip_debug_ipaddr_print
                0x0000beea       0xbc contiki-z1.a(uip-debug.o)
                0x0000beea                uip_debug_ipaddr_print
 .any.text.rpl_verify_header
                0x0000bfa6       0xfa contiki-z1.a(rpl-ext-header.)
                0x0000bfa6                rpl_verify_header
 .any.text.rpl_update_header_empty
                0x0000c0a0      0x12a contiki-z1.a(rpl-ext-header.)
                0x0000c0a0                rpl_update_header_empty
 .any.text.rpl_update_header_final
                0x0000c1ca       0x8e contiki-z1.a(rpl-ext-header.)
                0x0000c1ca                rpl_update_header_final
 .any.text.rpl_invert_header
                0x0000c258       0x74 contiki-z1.a(rpl-ext-header.)
                0x0000c258                rpl_invert_header
 .any.text.rpl_insert_header
                0x0000c2cc       0x12 contiki-z1.a(rpl-ext-header.)
                0x0000c2cc                rpl_insert_header
 .any.text.rpl_get_mode
                0x0000c2de        0x6 contiki-z1.a(rpl.o)
                0x0000c2de                rpl_get_mode
 .any.text.rpl_purge_routes
                0x0000c2e4       0x96 contiki-z1.a(rpl.o)
                0x0000c2e4                rpl_purge_routes
 .any.text.rpl_remove_routes
                0x0000c37a       0x22 contiki-z1.a(rpl.o)
                0x0000c37a                rpl_remove_routes
 .any.text.rpl_remove_routes_by_nexthop
                0x0000c39c       0x3e contiki-z1.a(rpl.o)
                0x0000c39c                rpl_remove_routes_by_nexthop
 .any.text.rpl_add_route
                0x0000c3da       0x48 contiki-z1.a(rpl.o)
                0x0000c3da                rpl_add_route
 .any.text.rpl_link_neighbor_callback
                0x0000c422       0x74 contiki-z1.a(rpl.o)
                0x0000c422                rpl_link_neighbor_callback
 .any.text.rpl_ipv6_neighbor_callback
                0x0000c496       0x1e contiki-z1.a(rpl.o)
                0x0000c496                rpl_ipv6_neighbor_callback
 .any.text.rpl_purge_dags
                0x0000c4b4       0x60 contiki-z1.a(rpl.o)
                0x0000c4b4                rpl_purge_dags
 .any.text.rpl_init
                0x0000c514       0x4a contiki-z1.a(rpl.o)
                0x0000c514                rpl_init
 .any.text.reset
                0x0000c55e        0x2 contiki-z1.a(rpl-mrhof.o)
 .any.text.update_metric_container
                0x0000c560        0x6 contiki-z1.a(rpl-mrhof.o)
 .any.text.calculate_rank
                0x0000c566       0x3e contiki-z1.a(rpl-mrhof.o)
 .any.text.neighbor_link_callback
                0x0000c5a4       0x8c contiki-z1.a(rpl-mrhof.o)
 .any.text.best_dag
                0x0000c630       0x2e contiki-z1.a(rpl-mrhof.o)
 .any.text.best_parent
                0x0000c65e       0x66 contiki-z1.a(rpl-mrhof.o)
 .any.text.lollipop_greater_than
                0x0000c6c4       0x3c contiki-z1.a(rpl-dag.o)
 .any.text.find_parent_any_dag_any_instance
                0x0000c700       0x14 contiki-z1.a(rpl-dag.o)
 .any.text.rpl_set_preferred_parent
                0x0000c714       0x2c contiki-z1.a(rpl-dag.o)
 .any.text.set_ip_from_prefix
                0x0000c740       0x30 contiki-z1.a(rpl-dag.o)
 .any.text.check_prefix
                0x0000c770       0x70 contiki-z1.a(rpl-dag.o)
 .any.text.rpl_get_nbr
                0x0000c7e0       0x1e contiki-z1.a(rpl-dag.o)
                0x0000c7e0                rpl_get_nbr
 .any.text.rpl_dag_init
                0x0000c7fe        0xe contiki-z1.a(rpl-dag.o)
                0x0000c7fe                rpl_dag_init
 .any.text.rpl_get_parent
                0x0000c80c        0xc contiki-z1.a(rpl-dag.o)
                0x0000c80c                rpl_get_parent
 .any.text.rpl_get_parent_ipaddr
                0x0000c818       0x10 contiki-z1.a(rpl-dag.o)
                0x0000c818                rpl_get_parent_ipaddr
 .any.text.rpl_set_prefix
                0x0000c828       0x74 contiki-z1.a(rpl-dag.o)
                0x0000c828                rpl_set_prefix
 .any.text.rpl_set_default_route
                0x0000c89c       0x60 contiki-z1.a(rpl-dag.o)
                0x0000c89c                rpl_set_default_route
 .any.text.rpl_alloc_instance
                0x0000c8fc       0x34 contiki-z1.a(rpl-dag.o)
                0x0000c8fc                rpl_alloc_instance
 .any.text.rpl_add_parent
                0x0000c930       0x4e contiki-z1.a(rpl-dag.o)
                0x0000c930                rpl_add_parent
 .any.text.rpl_find_parent
                0x0000c97e       0x1a contiki-z1.a(rpl-dag.o)
                0x0000c97e                rpl_find_parent
 .any.text.rpl_find_parent_any_dag
                0x0000c998       0x22 contiki-z1.a(rpl-dag.o)
                0x0000c998                rpl_find_parent_any_dag
 .any.text.rpl_select_parent
                0x0000c9ba       0x74 contiki-z1.a(rpl-dag.o)
                0x0000c9ba                rpl_select_parent
 .any.text.rpl_select_dag
                0x0000ca2e      0x190 contiki-z1.a(rpl-dag.o)
                0x0000ca2e                rpl_select_dag
 .any.text.rpl_nullify_parent
                0x0000cbbe       0x4e contiki-z1.a(rpl-dag.o)
                0x0000cbbe                rpl_nullify_parent
 .any.text.rpl_remove_parent
                0x0000cc0c       0x16 contiki-z1.a(rpl-dag.o)
                0x0000cc0c                rpl_remove_parent
 .any.text.nbr_callback
                0x0000cc22        0x6 contiki-z1.a(rpl-dag.o)
 .any.text.remove_parents.constprop.5
                0x0000cc28       0x2c contiki-z1.a(rpl-dag.o)
 .any.text.rpl_free_dag
                0x0000cc54       0x34 contiki-z1.a(rpl-dag.o)
                0x0000cc54                rpl_free_dag
 .any.text.rpl_move_parent
                0x0000cc88       0x52 contiki-z1.a(rpl-dag.o)
                0x0000cc88                rpl_move_parent
 .any.text.rpl_get_any_dag
                0x0000ccda       0x16 contiki-z1.a(rpl-dag.o)
                0x0000ccda                rpl_get_any_dag
 .any.text.rpl_get_instance
                0x0000ccf0       0x16 contiki-z1.a(rpl-dag.o)
                0x0000ccf0                rpl_get_instance
 .any.text.rpl_alloc_dag
                0x0000cd06       0x60 contiki-z1.a(rpl-dag.o)
                0x0000cd06                rpl_alloc_dag
 .any.text.rpl_repair_root
                0x0000cd66       0x4c contiki-z1.a(rpl-dag.o)
                0x0000cd66                rpl_repair_root
 .any.text.rpl_find_of
                0x0000cdb2       0x10 contiki-z1.a(rpl-dag.o)
                0x0000cdb2                rpl_find_of
 .any.text.rpl_join_instance
                0x0000cdc2      0x122 contiki-z1.a(rpl-dag.o)
                0x0000cdc2                rpl_join_instance
 .any.text.rpl_local_repair
                0x0000cee4       0x62 contiki-z1.a(rpl-dag.o)
                0x0000cee4                rpl_local_repair
 .any.text.rpl_process_parent_event
                0x0000cf46       0x6a contiki-z1.a(rpl-dag.o)
                0x0000cf46                rpl_process_parent_event
 .any.text.rpl_recalculate_ranks
                0x0000cfb0       0x44 contiki-z1.a(rpl-dag.o)
                0x0000cfb0                rpl_recalculate_ranks
 .any.text.rpl_add_dag
                0x0000cff4      0x10a contiki-z1.a(rpl-dag.o)
                0x0000cff4                rpl_add_dag
 .any.text.rpl_process_dio
                0x0000d0fe      0x318 contiki-z1.a(rpl-dag.o)
                0x0000d0fe                rpl_process_dio
 .any.text.queuebuf_init
                0x0000d416       0x12 contiki-z1.a(queuebuf.o)
                0x0000d416                queuebuf_init
 .any.text.queuebuf_numfree
                0x0000d428        0xa contiki-z1.a(queuebuf.o)
                0x0000d428                queuebuf_numfree
 .any.text.queuebuf_new_from_packetbuf
                0x0000d432       0x4e contiki-z1.a(queuebuf.o)
                0x0000d432                queuebuf_new_from_packetbuf
 .any.text.queuebuf_update_attr_from_packetbuf
                0x0000d480       0x12 contiki-z1.a(queuebuf.o)
                0x0000d480                queuebuf_update_attr_from_packetbuf
 .any.text.queuebuf_free
                0x0000d492       0x2a contiki-z1.a(queuebuf.o)
                0x0000d492                queuebuf_free
 .any.text.queuebuf_to_packetbuf
                0x0000d4bc       0x32 contiki-z1.a(queuebuf.o)
                0x0000d4bc                queuebuf_to_packetbuf
 .any.text.queuebuf_attr
                0x0000d4ee        0xe contiki-z1.a(queuebuf.o)
                0x0000d4ee                queuebuf_attr
 .any.text.item_from_index
                0x0000d4fc       0x2a contiki-z1.a(nbr-table.o)
 .any.text.index_from_key
                0x0000d526       0x26 contiki-z1.a(nbr-table.o)
 .any.text.index_from_item
                0x0000d54c       0x1e contiki-z1.a(nbr-table.o)
 .any.text.nbr_set_bit
                0x0000d56a       0x50 contiki-z1.a(nbr-table.o)
 .any.text.index_from_lladdr
                0x0000d5ba       0x3e contiki-z1.a(nbr-table.o)
 .any.text.nbr_get_bit.constprop.0
                0x0000d5f8       0x2c contiki-z1.a(nbr-table.o)
 .any.text.nbr_table_register
                0x0000d624       0x26 contiki-z1.a(nbr-table.o)
                0x0000d624                nbr_table_register
 .any.text.nbr_table_next
                0x0000d64a       0x4c contiki-z1.a(nbr-table.o)
                0x0000d64a                nbr_table_next
 .any.text.nbr_table_head
                0x0000d696       0x36 contiki-z1.a(nbr-table.o)
                0x0000d696                nbr_table_head
 .any.text.nbr_table_add_lladdr
                0x0000d6cc      0x110 contiki-z1.a(nbr-table.o)
                0x0000d6cc                nbr_table_add_lladdr
 .any.text.nbr_table_get_from_lladdr
                0x0000d7dc       0x28 contiki-z1.a(nbr-table.o)
                0x0000d7dc                nbr_table_get_from_lladdr
 .any.text.nbr_table_remove
                0x0000d804       0x2a contiki-z1.a(nbr-table.o)
                0x0000d804                nbr_table_remove
 .any.text.nbr_table_lock
                0x0000d82e       0x10 contiki-z1.a(nbr-table.o)
                0x0000d82e                nbr_table_lock
 .any.text.nbr_table_unlock
                0x0000d83e       0x10 contiki-z1.a(nbr-table.o)
                0x0000d83e                nbr_table_unlock
 .any.text.nbr_table_get_lladdr
                0x0000d84e       0x20 contiki-z1.a(nbr-table.o)
                0x0000d84e                nbr_table_get_lladdr
 .any.text.packetbuf_copyto
                0x0000d86e       0x46 contiki-z1.a(packetbuf.o)
                0x0000d86e                packetbuf_copyto
 .any.text.packetbuf_hdrreduce
                0x0000d8b4       0x1a contiki-z1.a(packetbuf.o)
                0x0000d8b4                packetbuf_hdrreduce
 .any.text.packetbuf_set_datalen
                0x0000d8ce        0x6 contiki-z1.a(packetbuf.o)
                0x0000d8ce                packetbuf_set_datalen
 .any.text.packetbuf_dataptr
                0x0000d8d4        0xe contiki-z1.a(packetbuf.o)
                0x0000d8d4                packetbuf_dataptr
 .any.text.packetbuf_hdrptr
                0x0000d8e2        0xa contiki-z1.a(packetbuf.o)
                0x0000d8e2                packetbuf_hdrptr
 .any.text.packetbuf_datalen
                0x0000d8ec        0x6 contiki-z1.a(packetbuf.o)
                0x0000d8ec                packetbuf_datalen
 .any.text.packetbuf_hdrlen
                0x0000d8f2       0x10 contiki-z1.a(packetbuf.o)
                0x0000d8f2                packetbuf_hdrlen
 .any.text.packetbuf_totlen
                0x0000d902        0xc contiki-z1.a(packetbuf.o)
                0x0000d902                packetbuf_totlen
 .any.text.packetbuf_hdralloc
                0x0000d90e       0x2a contiki-z1.a(packetbuf.o)
                0x0000d90e                packetbuf_hdralloc
 .any.text.packetbuf_attr_clear
                0x0000d938       0x28 contiki-z1.a(packetbuf.o)
                0x0000d938                packetbuf_attr_clear
 .any.text.packetbuf_clear
                0x0000d960       0x1a contiki-z1.a(packetbuf.o)
                0x0000d960                packetbuf_clear
 .any.text.packetbuf_copyfrom
                0x0000d97a       0x2a contiki-z1.a(packetbuf.o)
                0x0000d97a                packetbuf_copyfrom
 .any.text.packetbuf_attr_copyto
                0x0000d9a4       0x22 contiki-z1.a(packetbuf.o)
                0x0000d9a4                packetbuf_attr_copyto
 .any.text.packetbuf_attr_copyfrom
                0x0000d9c6       0x24 contiki-z1.a(packetbuf.o)
                0x0000d9c6                packetbuf_attr_copyfrom
 .any.text.packetbuf_holds_broadcast
                0x0000d9ea        0xe contiki-z1.a(packetbuf.o)
                0x0000d9ea                packetbuf_holds_broadcast
 .any.text.linkaddr_copy
                0x0000d9f8        0x8 contiki-z1.a(linkaddr.o)
                0x0000d9f8                linkaddr_copy
 .any.text.linkaddr_cmp
                0x0000da00       0x12 contiki-z1.a(linkaddr.o)
                0x0000da00                linkaddr_cmp
 .any.text.linkaddr_set_node_addr
                0x0000da12        0xc contiki-z1.a(linkaddr.o)
                0x0000da12                linkaddr_set_node_addr
 .any.text.create_frame.isra.0
                0x0000da1e      0x114 contiki-z1.a(framer-802154.o)
 .any.text.create
                0x0000db32        0x8 contiki-z1.a(framer-802154.o)
 .any.text.hdr_length
                0x0000db3a        0x8 contiki-z1.a(framer-802154.o)
 .any.text.parse
                0x0000db42       0x9a contiki-z1.a(framer-802154.o)
 .any.text.input_packet
                0x0000dbdc        0x6 contiki-z1.a(csma.o)
 .any.text.on   0x0000dbe2        0x6 contiki-z1.a(csma.o)
 .any.text.off  0x0000dbe8        0x6 contiki-z1.a(csma.o)
 .any.text.channel_check_interval
                0x0000dbee       0x10 contiki-z1.a(csma.o)
 .any.text.transmit_packet_list
                0x0000dbfe       0x24 contiki-z1.a(csma.o)
 .any.text.init
                0x0000dc22       0x1a contiki-z1.a(csma.o)
 .any.text.send_packet
                0x0000dc3c      0x16e contiki-z1.a(csma.o)
 .any.text.free_packet
                0x0000ddaa       0xa0 contiki-z1.a(csma.o)
 .any.text.packet_sent
                0x0000de4a      0x116 contiki-z1.a(csma.o)
 .any.text.frame802154_get_pan_id
                0x0000df60        0x6 contiki-z1.a(frame802154.o)
                0x0000df60                frame802154_get_pan_id
 .any.text.frame802154_has_panid
                0x0000df66       0x64 contiki-z1.a(frame802154.o)
                0x0000df66                frame802154_has_panid
 .any.text.field_len
                0x0000dfca       0xa8 contiki-z1.a(frame802154.o)
 .any.text.frame802154_is_broadcast_addr
                0x0000e072       0x28 contiki-z1.a(frame802154.o)
                0x0000e072                frame802154_is_broadcast_addr
 .any.text.frame802154_hdrlen
                0x0000e09a       0x32 contiki-z1.a(frame802154.o)
                0x0000e09a                frame802154_hdrlen
 .any.text.frame802154_create
                0x0000e0cc      0x136 contiki-z1.a(frame802154.o)
                0x0000e0cc                frame802154_create
 .any.text.frame802154_parse
                0x0000e202      0x1be contiki-z1.a(frame802154.o)
                0x0000e202                frame802154_parse
 .any.text.mac_call_sent_callback
                0x0000e3c0       0x14 contiki-z1.a(mac.o)
                0x0000e3c0                mac_call_sent_callback
 .any.text.on   0x0000e3d4        0x6 contiki-z1.a(nullrdc.o)
 .any.text.channel_check_interval
                0x0000e3da        0x4 contiki-z1.a(nullrdc.o)
 .any.text.init
                0x0000e3de        0x6 contiki-z1.a(nullrdc.o)
 .any.text.off  0x0000e3e4       0x10 contiki-z1.a(nullrdc.o)
 .any.text.packet_input
                0x0000e3f4       0x28 contiki-z1.a(nullrdc.o)
 .any.text.send_one_packet
                0x0000e41c       0x62 contiki-z1.a(nullrdc.o)
 .any.text.send_list
                0x0000e47e       0x28 contiki-z1.a(nullrdc.o)
 .any.text.send_packet
                0x0000e4a6        0x6 contiki-z1.a(nullrdc.o)
 .any.text.init
                0x0000e4ac        0x2 contiki-z1.a(nullsec.o)
 .any.text.send
                0x0000e4ae        0xa contiki-z1.a(nullsec.o)
 .any.text.input
                0x0000e4b8        0x6 contiki-z1.a(nullsec.o)
 .any.text.stimer_set
                0x0000e4be       0x1c contiki-z1.a(stimer.o)
                0x0000e4be                stimer_set
 .any.text.stimer_expired
                0x0000e4da       0x30 contiki-z1.a(stimer.o)
                0x0000e4da                stimer_expired
 .any.text.memb_init
                0x0000e50a       0x36 contiki-z1.a(memb.o)
                0x0000e50a                memb_init
 .any.text.memb_alloc
                0x0000e540       0x3e contiki-z1.a(memb.o)
                0x0000e540                memb_alloc
 .any.text.memb_free
                0x0000e57e       0x3a contiki-z1.a(memb.o)
                0x0000e57e                memb_free
 .any.text.memb_inmemb
                0x0000e5b8       0x2a contiki-z1.a(memb.o)
                0x0000e5b8                memb_inmemb
 .any.text.memb_numfree
                0x0000e5e2       0x26 contiki-z1.a(memb.o)
                0x0000e5e2                memb_numfree
 .any.text.get32
                0x0000e608       0x3e contiki-z1.a(rpl-icmp6.o)
 .any.text.set32
                0x0000e646       0x2a contiki-z1.a(rpl-icmp6.o)
 .any.text.get16
                0x0000e670        0xe contiki-z1.a(rpl-icmp6.o)
 .any.text.set16
                0x0000e67e       0x10 contiki-z1.a(rpl-icmp6.o)
 .any.text.dao_ack_input
                0x0000e68e        0xa contiki-z1.a(rpl-icmp6.o)
 .any.text.dio_input
                0x0000e698      0x2b4 contiki-z1.a(rpl-icmp6.o)
 .any.text.dis_output
                0x0000e94c       0x50 contiki-z1.a(rpl-icmp6.o)
                0x0000e94c                dis_output
 .any.text.dio_output
                0x0000e99c      0x242 contiki-z1.a(rpl-icmp6.o)
                0x0000e99c                dio_output
 .any.text.dis_input
                0x0000ebde       0x2c contiki-z1.a(rpl-icmp6.o)
 .any.text.dao_output_target
                0x0000ec0a       0xce contiki-z1.a(rpl-icmp6.o)
                0x0000ec0a                dao_output_target
 .any.text.dao_output
                0x0000ecd8       0x68 contiki-z1.a(rpl-icmp6.o)
                0x0000ecd8                dao_output
 .any.text.dao_ack_output
                0x0000ed40       0x32 contiki-z1.a(rpl-icmp6.o)
                0x0000ed40                dao_ack_output
 .any.text.dao_input
                0x0000ed72      0x23a contiki-z1.a(rpl-icmp6.o)
 .any.text.rpl_icmp6_register_handlers
                0x0000efac       0x22 contiki-z1.a(rpl-icmp6.o)
                0x0000efac                rpl_icmp6_register_handlers
 .any.text.new_dio_interval
                0x0000efce       0x8a contiki-z1.a(rpl-timers.o)
 .any.text.handle_unicast_dio_timer
                0x0000f058       0x1c contiki-z1.a(rpl-timers.o)
 .any.text.set_dao_lifetime_timer
                0x0000f074       0x66 contiki-z1.a(rpl-timers.o)
 .any.text.handle_periodic_timer
                0x0000f0da       0x32 contiki-z1.a(rpl-timers.o)
 .any.text.schedule_dao
                0x0000f10c       0x72 contiki-z1.a(rpl-timers.o)
 .any.text.handle_dio_timer
                0x0000f17e       0x88 contiki-z1.a(rpl-timers.o)
 .any.text.handle_dao_timer
                0x0000f206       0x64 contiki-z1.a(rpl-timers.o)
 .any.text.rpl_reset_periodic_timer
                0x0000f26a       0x54 contiki-z1.a(rpl-timers.o)
                0x0000f26a                rpl_reset_periodic_timer
 .any.text.rpl_reset_dio_timer
                0x0000f2be       0x18 contiki-z1.a(rpl-timers.o)
                0x0000f2be                rpl_reset_dio_timer
 .any.text.rpl_schedule_dao
                0x0000f2d6        0xc contiki-z1.a(rpl-timers.o)
                0x0000f2d6                rpl_schedule_dao
 .any.text.rpl_schedule_unicast_dio_immediately
                0x0000f2e2       0x16 contiki-z1.a(rpl-timers.o)
                0x0000f2e2                rpl_schedule_unicast_dio_immediately
 .any.text.rpl_schedule_probing
                0x0000f2f8       0x34 contiki-z1.a(rpl-timers.o)
                0x0000f2f8                rpl_schedule_probing
 .any.text.handle_probing_timer
                0x0000f32c      0x108 contiki-z1.a(rpl-timers.o)

.rodata         0x0000f434      0x643
                0x0000f434                . = ALIGN (0x2)
 *(.rodata .rodata.* .gnu.linkonce.r.*)
 .rodata.mqtt_event
                0x0000f434       0x41 mqtt-demo.co
 .rodata.ipaddr_sprintf
                0x0000f475        0x8 mqtt-demo.co
 .rodata.process_thread_mqtt_demo_process
                0x0000f47d      0x1f2 mqtt-demo.co
 .rodata        0x0000f66f        0xa mqtt-demo.co
 *fill*         0x0000f679        0x1 00
 .rodata.autostart_processes
                0x0000f67a        0x4 mqtt-demo.co
                0x0000f67a                autostart_processes
 .rodata        0x0000f67e      0x10b obj_z1/contiki-z1-main.o
 .rodata.process_thread_mqtt_process
                0x0000f789        0x7 contiki-z1.a(mqtt.o)
 .rodata        0x0000f790        0xd contiki-z1.a(mqtt.o)
 *fill*         0x0000f79d        0x3 00
 .rodata.get_value
                0x0000f7a0       0x44 contiki-z1.a(cc2420.o)
 .rodata.set_value
                0x0000f7e4       0x20 contiki-z1.a(cc2420.o)
 .rodata.cc2420_driver
                0x0000f804       0x38 contiki-z1.a(cc2420.o)
                0x0000f804                cc2420_driver
 .rodata        0x0000f83c        0xe contiki-z1.a(cc2420.o)
 .rodata.output_power
                0x0000f84a       0x10 contiki-z1.a(cc2420.o)
 .rodata        0x0000f85a        0x8 contiki-z1.a(sensors.o)
 .rodata        0x0000f862        0x7 contiki-z1.a(button-sensor.o)
 *fill*         0x0000f869        0x1 00
 .rodata.button_sensor
                0x0000f86a        0xe contiki-z1.a(button-sensor.o)
                0x0000f86a                button_sensor
 .rodata        0x0000f878        0xd contiki-z1.a(sht25.o)
 *fill*         0x0000f885        0x1 00
 .rodata.sht25  0x0000f886        0xe contiki-z1.a(sht25.o)
                0x0000f886                sht25
 .rodata        0x0000f894       0x16 contiki-z1.a(adxl345.o)
 .rodata        0x0000f8aa        0xf contiki-z1.a(ctimer.o)
 .rodata        0x0000f8b9        0xc contiki-z1.a(etimer.o)
 *fill*         0x0000f8c5        0x3 00
 .rodata.uip_process
                0x0000f8c8       0x40 contiki-z1.a(uip6.o)
 .rodata        0x0000f908        0xb contiki-z1.a(sicslowpan.o)
 *fill*         0x0000f913        0x1 00
 .rodata.sicslowpan_driver
                0x0000f914        0xa contiki-z1.a(sicslowpan.o)
                0x0000f914                sicslowpan_driver
 .rodata.llprefix
                0x0000f91e        0x2 contiki-z1.a(sicslowpan.o)
                0x0000f91e                llprefix
 .rodata.unc_mxconf
                0x0000f920        0x4 contiki-z1.a(sicslowpan.o)
                0x0000f920                unc_mxconf
 .rodata.unc_ctxconf
                0x0000f924        0x4 contiki-z1.a(sicslowpan.o)
                0x0000f924                unc_ctxconf
 .rodata.unc_llconf
                0x0000f928        0x4 contiki-z1.a(sicslowpan.o)
                0x0000f928                unc_llconf
 .rodata.ttl_values
                0x0000f92c        0x4 contiki-z1.a(sicslowpan.o)
 .rodata.newdata
                0x0000f930       0x32 contiki-z1.a(tcp-socket.o)
 .rodata.process_thread_tcp_socket_process
                0x0000f962       0x54 contiki-z1.a(tcp-socket.o)
 .rodata        0x0000f9b6       0x13 contiki-z1.a(tcp-socket.o)
 .rodata        0x0000f9c9        0xd contiki-z1.a(tcpip.o)
 .rodata.uip_debug_ipaddr_print
                0x0000f9d6       0x28 contiki-z1.a(uip-debug.o)
 .rodata.linkaddr_null
                0x0000f9fe        0x8 contiki-z1.a(linkaddr.o)
                0x0000f9fe                linkaddr_null
 .rodata.framer_802154
                0x0000fa06        0xc contiki-z1.a(framer-802154.o)
                0x0000fa06                framer_802154
 .rodata        0x0000fa12        0x5 contiki-z1.a(csma.o)
 *fill*         0x0000fa17        0x1 00
 .rodata.csma_driver
                0x0000fa18       0x1a contiki-z1.a(csma.o)
                0x0000fa18                csma_driver
 .rodata.CSWTCH.16
                0x0000fa32        0x2 contiki-z1.a(frame802154.o)
 .rodata        0x0000fa34        0x8 contiki-z1.a(nullrdc.o)
 .rodata.nullrdc_driver
                0x0000fa3c       0x1e contiki-z1.a(nullrdc.o)
                0x0000fa3c                nullrdc_driver
 .rodata        0x0000fa5a        0x8 contiki-z1.a(nullsec.o)
 .rodata.nullsec_driver
                0x0000fa62        0xe contiki-z1.a(nullsec.o)
                0x0000fa62                nullsec_driver
 .rodata.vuprintf
                0x0000fa70        0x7 /opt/msp430-47/bin/../lib/gcc/msp430/4.7.0/../../../../msp430/lib/mcpu-430x/mmpy-16/msr20/mc20/libc.a(vuprintf.o)
 *(.near.rodata .near.rodata.*)
                0x0000fa78                . = ALIGN (0x2)
                0x0000fa78                _etext = .

.data           0x00001100      0x14a load address 0x0000fa78
                0x00001100                . = ALIGN (0x2)
                0x00001100                __data_start = .
 *(.data .data.* .gnu.linkonce.d.*)
 .data.mqtt_demo_process
                0x00001100        0xc mqtt-demo.co
                0x00001100                mqtt_demo_process
 .data.sensors  0x0000110c        0x4 obj_z1/contiki-z1-main.o
                0x0000110c                sensors
 .data.mqtt_process
                0x00001110        0xc contiki-z1.a(mqtt.o)
                0x00001110                mqtt_process
 .data.cur_break
                0x0000111c        0x2 contiki-z1.a(msp430.o)
 .data.cc2420_process
                0x0000111e        0xc contiki-z1.a(cc2420.o)
                0x0000111e                cc2420_process
 .data.send_on_cca
                0x0000112a        0x1 contiki-z1.a(cc2420.o)
 *fill*         0x0000112b        0x1 00
 .data.sensors_process
                0x0000112c        0xc contiki-z1.a(sensors.o)
                0x0000112c                sensors_process
 .data.prescale_lsb
                0x00001138        0x1 contiki-z1.a(i2cmaster.o)
                0x00001138                prescale_lsb
 *fill*         0x00001139        0x1 00
 .data.accmeter_process
                0x0000113a        0xc contiki-z1.a(adxl345.o)
                0x0000113a                accmeter_process
 .data.adxl345_default_settings
                0x00001146       0x16 contiki-z1.a(adxl345.o)
 .data.ctimer_process
                0x0000115c        0xc contiki-z1.a(ctimer.o)
                0x0000115c                ctimer_process
 .data.etimer_process
                0x00001168        0xc contiki-z1.a(etimer.o)
                0x00001168                etimer_process
 .data.echo_request_handler
                0x00001174        0x8 contiki-z1.a(uip-icmp6.o)
 .data.echo_reply_handler
                0x0000117c        0x8 contiki-z1.a(uip-icmp6.o)
 .data.nbr_routes
                0x00001184        0x2 contiki-z1.a(uip-ds6-route.o)
                0x00001184                nbr_routes
 .data.routememb
                0x00001186        0x8 contiki-z1.a(uip-ds6-route.o)
 .data.defaultroutermemb
                0x0000118e        0x8 contiki-z1.a(uip-ds6-route.o)
 .data.neighborroutememb
                0x00001196        0x8 contiki-z1.a(uip-ds6-route.o)
 .data.nbr_routes_struct
                0x0000119e        0xa contiki-z1.a(uip-ds6-route.o)
 .data.ds6_neighbors
                0x000011a8        0x2 contiki-z1.a(uip-ds6-nbr.o)
                0x000011a8                ds6_neighbors
 .data.ds6_neighbors_struct
                0x000011aa        0xa contiki-z1.a(uip-ds6-nbr.o)
 .data.tcp_socket_process
                0x000011b4        0xc contiki-z1.a(tcp-socket.o)
                0x000011b4                tcp_socket_process
 .data.tcpip_process
                0x000011c0        0xc contiki-z1.a(tcpip.o)
                0x000011c0                tcpip_process
 .data.rpl_mrhof
                0x000011cc       0x1a contiki-z1.a(rpl-mrhof.o)
                0x000011cc                rpl_mrhof
 .data.rpl_parents
                0x000011e6        0x2 contiki-z1.a(rpl-dag.o)
                0x000011e6                rpl_parents
 .data.rpl_parents_struct
                0x000011e8        0xa contiki-z1.a(rpl-dag.o)
 .data.buframmem
                0x000011f2        0x8 contiki-z1.a(queuebuf.o)
 .data.bufmem   0x000011fa        0x8 contiki-z1.a(queuebuf.o)
 .data.neighbor_addr_mem
                0x00001202        0x8 contiki-z1.a(nbr-table.o)
 .data.neighbor_memb
                0x0000120a        0x8 contiki-z1.a(csma.o)
 .data.packet_memb
                0x00001212        0x8 contiki-z1.a(csma.o)
 .data.metadata_memb
                0x0000121a        0x8 contiki-z1.a(csma.o)
 .data.mac_pan_id
                0x00001222        0x2 contiki-z1.a(frame802154.o)
 .data.dao_sequence
                0x00001224        0x1 contiki-z1.a(rpl-icmp6.o)
 *fill*         0x00001225        0x1 00
 .data.dis_handler
                0x00001226        0x8 contiki-z1.a(rpl-icmp6.o)
 .data.dio_handler
                0x0000122e        0x8 contiki-z1.a(rpl-icmp6.o)
 .data.dao_handler
                0x00001236        0x8 contiki-z1.a(rpl-icmp6.o)
 .data.dao_ack_handler
                0x0000123e        0x8 contiki-z1.a(rpl-icmp6.o)
 .data.next     0x00001246        0x4 /opt/msp430-47/bin/../lib/gcc/msp430/4.7.0/../../../../msp430/lib/mcpu-430x/mmpy-16/msr20/mc20/libc.a(rand.o)
 *(.near.data .near.data.*)
                0x0000124a                . = ALIGN (0x2)
                0x0000124a                _edata = .
                0x0000fa78                __data_load_start = LOADADDR (.data)
                0x0000014a                __data_size = SIZEOF (.data)

.bss            0x0000124a     0x19ea load address 0x0000fbc2
                0x0000124a                __bss_start = .
 *(.bss .bss.*)
 .bss.def_rt_rssi
                0x0000124a        0x2 mqtt-demo.co
 .bss.echo_reply_notification
                0x0000124c        0x6 mqtt-demo.co
 .bss.conf      0x00001252       0xd0 mqtt-demo.co
 .bss.echo_request_timer
                0x00001322        0xc mqtt-demo.co
 .bss.state     0x0000132e        0x1 mqtt-demo.co
 .bss.connect_attempt
                0x0000132f        0x1 mqtt-demo.co
 .bss.publish_periodic_timer
                0x00001330        0xc mqtt-demo.co
 .bss.seq_nr_value
                0x0000133c        0x2 mqtt-demo.co
 .bss.client_id
                0x0000133e       0x40 mqtt-demo.co
 .bss.sub_topic
                0x0000137e       0x40 mqtt-demo.co
 .bss.pub_topic
                0x000013be       0x40 mqtt-demo.co
 .bss.conn      0x000013fe      0x412 mqtt-demo.co
 .bss.ct        0x00001810       0x16 mqtt-demo.co
 .bss.connection_life
                0x00001826        0x8 mqtt-demo.co
 .bss.msg_ptr   0x0000182e        0x2 mqtt-demo.co
 .bss.buf_ptr   0x00001830        0x2 mqtt-demo.co
 .bss.app_buffer
                0x00001832      0x100 mqtt-demo.co
 .bss.irq_energest.4241
                0x00001932        0x4 obj_z1/contiki-z1-main.o
 .bss.inited.5055
                0x00001936        0x1 contiki-z1.a(mqtt.o)
 .bss.mqtt_do_connect_tcp_event
                0x00001937        0x1 contiki-z1.a(mqtt.o)
 .bss.mqtt_event_min
                0x00001938        0x1 contiki-z1.a(mqtt.o)
 .bss.mqtt_do_connect_mqtt_event
                0x00001939        0x1 contiki-z1.a(mqtt.o)
 .bss.mqtt_do_disconnect_mqtt_event
                0x0000193a        0x1 contiki-z1.a(mqtt.o)
 .bss.mqtt_do_subscribe_event
                0x0000193b        0x1 contiki-z1.a(mqtt.o)
 .bss.mqtt_do_unsubscribe_event
                0x0000193c        0x1 contiki-z1.a(mqtt.o)
 .bss.mqtt_do_publish_event
                0x0000193d        0x1 contiki-z1.a(mqtt.o)
 .bss.mqtt_do_pingreq_event
                0x0000193e        0x1 contiki-z1.a(mqtt.o)
 .bss.mqtt_abort_now_event
                0x0000193f        0x1 contiki-z1.a(mqtt.o)
 .bss.mqtt_event_max
                0x00001940        0x1 contiki-z1.a(mqtt.o)
 .bss.mqtt_continue_send_event
                0x00001941        0x1 contiki-z1.a(mqtt.o)
 .bss.mqtt_conn_list_list
                0x00001942        0x2 contiki-z1.a(mqtt.o)
 .bss.conn.5023
                0x00001944        0x2 contiki-z1.a(mqtt.o)
 .bss.leds      0x00001946        0x1 contiki-z1.a(leds.o)
 *fill*         0x00001947        0x1 00
 .bss.counter   0x00001948        0x2 contiki-z1.a(watchdog.o)
 .bss.poll_mode
                0x0000194a        0x1 contiki-z1.a(cc2420.o)
 *fill*         0x0000194b        0x1 00
 .bss.last_packet_timestamp
                0x0000194c        0x2 contiki-z1.a(cc2420.o)
 .bss.locked    0x0000194e        0x1 contiki-z1.a(cc2420.o)
 .bss.lock_on   0x0000194f        0x1 contiki-z1.a(cc2420.o)
 .bss.lock_off  0x00001950        0x1 contiki-z1.a(cc2420.o)
 .bss.receive_on
                0x00001951        0x1 contiki-z1.a(cc2420.o)
 .bss.channel   0x00001952        0x2 contiki-z1.a(cc2420.o)
 .bss.node_id   0x00001954        0x2 contiki-z1.a(node-id.o)
                0x00001954                node_id
 .bss.num_sensors
                0x00001956        0x1 contiki-z1.a(sensors.o)
 *fill*         0x00001957        0x1 00
 .bss.i.2088    0x00001958        0x2 contiki-z1.a(sensors.o)
 .bss.events.2089
                0x0000195a        0x2 contiki-z1.a(sensors.o)
 .bss.debouncetimer
                0x0000195c        0x8 contiki-z1.a(button-sensor.o)
 .bss.transmitting
                0x00001964        0x1 contiki-z1.a(uart0.o)
 *fill*         0x00001965        0x1 00
 .bss.uart0_input_handler
                0x00001966        0x4 contiki-z1.a(uart0.o)
 .bss.enabled   0x0000196a        0x1 contiki-z1.a(sht25.o)
 .bss.tx_byte_tot
                0x0000196b        0x1 contiki-z1.a(i2cmaster.o)
 .bss.rx_byte_tot
                0x0000196c        0x1 contiki-z1.a(i2cmaster.o)
 .bss.prescale_msb
                0x0000196d        0x1 contiki-z1.a(i2cmaster.o)
                0x0000196d                prescale_msb
 .bss.int1_mask